Archive member included to satisfy reference by file (symbol)

C:/ST/STM32CubeCLT_1.15.1/GNU-tools-for-STM32/bin/../lib/gcc/arm-none-eabi/12.3.1/../../../../arm-none-eabi/lib/thumb/v7e-m+fp/hard\libc_nano.a(libc_a-exit.o)
                              C:/ST/STM32CubeCLT_1.15.1/GNU-tools-for-STM32/bin/../lib/gcc/arm-none-eabi/12.3.1/../../../../arm-none-eabi/lib/thumb/v7e-m+fp/hard/crt0.o (exit)
C:/ST/STM32CubeCLT_1.15.1/GNU-tools-for-STM32/bin/../lib/gcc/arm-none-eabi/12.3.1/../../../../arm-none-eabi/lib/thumb/v7e-m+fp/hard\libc_nano.a(libc_a-findfp.o)
                              C:/ST/STM32CubeCLT_1.15.1/GNU-tools-for-STM32/bin/../lib/gcc/arm-none-eabi/12.3.1/../../../../arm-none-eabi/lib/thumb/v7e-m+fp/hard\libc_nano.a(libc_a-exit.o) (__stdio_exit_handler)
C:/ST/STM32CubeCLT_1.15.1/GNU-tools-for-STM32/bin/../lib/gcc/arm-none-eabi/12.3.1/../../../../arm-none-eabi/lib/thumb/v7e-m+fp/hard\libc_nano.a(libc_a-fwalk.o)
                              C:/ST/STM32CubeCLT_1.15.1/GNU-tools-for-STM32/bin/../lib/gcc/arm-none-eabi/12.3.1/../../../../arm-none-eabi/lib/thumb/v7e-m+fp/hard\libc_nano.a(libc_a-findfp.o) (_fwalk_sglue)
C:/ST/STM32CubeCLT_1.15.1/GNU-tools-for-STM32/bin/../lib/gcc/arm-none-eabi/12.3.1/../../../../arm-none-eabi/lib/thumb/v7e-m+fp/hard\libc_nano.a(libc_a-stdio.o)
                              C:/ST/STM32CubeCLT_1.15.1/GNU-tools-for-STM32/bin/../lib/gcc/arm-none-eabi/12.3.1/../../../../arm-none-eabi/lib/thumb/v7e-m+fp/hard\libc_nano.a(libc_a-findfp.o) (__sread)
C:/ST/STM32CubeCLT_1.15.1/GNU-tools-for-STM32/bin/../lib/gcc/arm-none-eabi/12.3.1/../../../../arm-none-eabi/lib/thumb/v7e-m+fp/hard\libc_nano.a(libc_a-memset.o)
                              C:/ST/STM32CubeCLT_1.15.1/GNU-tools-for-STM32/bin/../lib/gcc/arm-none-eabi/12.3.1/../../../../arm-none-eabi/lib/thumb/v7e-m+fp/hard/crt0.o (memset)
C:/ST/STM32CubeCLT_1.15.1/GNU-tools-for-STM32/bin/../lib/gcc/arm-none-eabi/12.3.1/../../../../arm-none-eabi/lib/thumb/v7e-m+fp/hard\libc_nano.a(libc_a-closer.o)
                              C:/ST/STM32CubeCLT_1.15.1/GNU-tools-for-STM32/bin/../lib/gcc/arm-none-eabi/12.3.1/../../../../arm-none-eabi/lib/thumb/v7e-m+fp/hard\libc_nano.a(libc_a-stdio.o) (_close_r)
C:/ST/STM32CubeCLT_1.15.1/GNU-tools-for-STM32/bin/../lib/gcc/arm-none-eabi/12.3.1/../../../../arm-none-eabi/lib/thumb/v7e-m+fp/hard\libc_nano.a(libc_a-reent.o)
                              C:/ST/STM32CubeCLT_1.15.1/GNU-tools-for-STM32/bin/../lib/gcc/arm-none-eabi/12.3.1/../../../../arm-none-eabi/lib/thumb/v7e-m+fp/hard\libc_nano.a(libc_a-closer.o) (errno)
C:/ST/STM32CubeCLT_1.15.1/GNU-tools-for-STM32/bin/../lib/gcc/arm-none-eabi/12.3.1/../../../../arm-none-eabi/lib/thumb/v7e-m+fp/hard\libc_nano.a(libc_a-impure.o)
                              C:/ST/STM32CubeCLT_1.15.1/GNU-tools-for-STM32/bin/../lib/gcc/arm-none-eabi/12.3.1/../../../../arm-none-eabi/lib/thumb/v7e-m+fp/hard\libc_nano.a(libc_a-reent.o) (_impure_ptr)
C:/ST/STM32CubeCLT_1.15.1/GNU-tools-for-STM32/bin/../lib/gcc/arm-none-eabi/12.3.1/../../../../arm-none-eabi/lib/thumb/v7e-m+fp/hard\libc_nano.a(libc_a-lseekr.o)
                              C:/ST/STM32CubeCLT_1.15.1/GNU-tools-for-STM32/bin/../lib/gcc/arm-none-eabi/12.3.1/../../../../arm-none-eabi/lib/thumb/v7e-m+fp/hard\libc_nano.a(libc_a-stdio.o) (_lseek_r)
C:/ST/STM32CubeCLT_1.15.1/GNU-tools-for-STM32/bin/../lib/gcc/arm-none-eabi/12.3.1/../../../../arm-none-eabi/lib/thumb/v7e-m+fp/hard\libc_nano.a(libc_a-readr.o)
                              C:/ST/STM32CubeCLT_1.15.1/GNU-tools-for-STM32/bin/../lib/gcc/arm-none-eabi/12.3.1/../../../../arm-none-eabi/lib/thumb/v7e-m+fp/hard\libc_nano.a(libc_a-stdio.o) (_read_r)
C:/ST/STM32CubeCLT_1.15.1/GNU-tools-for-STM32/bin/../lib/gcc/arm-none-eabi/12.3.1/../../../../arm-none-eabi/lib/thumb/v7e-m+fp/hard\libc_nano.a(libc_a-writer.o)
                              C:/ST/STM32CubeCLT_1.15.1/GNU-tools-for-STM32/bin/../lib/gcc/arm-none-eabi/12.3.1/../../../../arm-none-eabi/lib/thumb/v7e-m+fp/hard\libc_nano.a(libc_a-stdio.o) (_write_r)
C:/ST/STM32CubeCLT_1.15.1/GNU-tools-for-STM32/bin/../lib/gcc/arm-none-eabi/12.3.1/../../../../arm-none-eabi/lib/thumb/v7e-m+fp/hard\libc_nano.a(libc_a-init.o)
                              C:/ST/STM32CubeCLT_1.15.1/GNU-tools-for-STM32/bin/../lib/gcc/arm-none-eabi/12.3.1/../../../../arm-none-eabi/lib/thumb/v7e-m+fp/hard/crt0.o (__libc_init_array)
C:/ST/STM32CubeCLT_1.15.1/GNU-tools-for-STM32/bin/../lib/gcc/arm-none-eabi/12.3.1/../../../../arm-none-eabi/lib/thumb/v7e-m+fp/hard\libc_nano.a(libc_a-lock.o)
                              C:/ST/STM32CubeCLT_1.15.1/GNU-tools-for-STM32/bin/../lib/gcc/arm-none-eabi/12.3.1/../../../../arm-none-eabi/lib/thumb/v7e-m+fp/hard\libc_nano.a(libc_a-findfp.o) (__retarget_lock_init_recursive)
C:/ST/STM32CubeCLT_1.15.1/GNU-tools-for-STM32/bin/../lib/gcc/arm-none-eabi/12.3.1/../../../../arm-none-eabi/lib/thumb/v7e-m+fp/hard\libc_nano.a(libc_a-freer.o)
[...]
Memory Configuration

Name             Origin             Length             Attributes
RAM              0x20000000         0x00020000         xrw
CCMRAM           0x10000000         0x00010000         xrw
FLASH            0x08000000         0x00100000         xr
*default*        0x00000000         0xffffffff

Linker script and memory map

LOAD C:/ST/STM32CubeCLT_1.15.1/GNU-tools-for-STM32/bin/../lib/gcc/arm-none-eabi/12.3.1/thumb/v7e-m+fp/hard/crti.o
LOAD C:/ST/STM32CubeCLT_1.15.1/GNU-tools-for-STM32/bin/../lib/gcc/arm-none-eabi/12.3.1/thumb/v7e-m+fp/hard/crtbegin.o
LOAD C:/ST/STM32CubeCLT_1.15.1/GNU-tools-for-STM32/bin/../lib/gcc/arm-none-eabi/12.3.1/../../../../arm-none-eabi/lib/thumb/v7e-m+fp/hard/crt0.o
START GROUP
LOAD C:/ST/STM32CubeCLT_1.15.1/GNU-tools-for-STM32/bin/../lib/gcc/arm-none-eabi/12.3.1/../../../../arm-none-eabi/lib/thumb/v7e-m+fp/hard\libc_nano.a
LOAD C:/ST/STM32CubeCLT_1.15.1/GNU-tools-for-STM32/bin/../lib/gcc/arm-none-eabi/12.3.1/../../../../arm-none-eabi/lib/thumb/v7e-m+fp/hard\libm.a
END GROUP
LOAD CMakeFiles/DMS-24-RTOS-VCU.dir/Core/Src/main.c.obj
LOAD CMakeFiles/DMS-24-RTOS-VCU.dir/Core/Src/gpio.c.obj
LOAD CMakeFiles/DMS-24-RTOS-VCU.dir/Core/Src/freertos.c.obj
LOAD CMakeFiles/DMS-24-RTOS-VCU.dir/Core/Src/adc.c.obj
LOAD CMakeFiles/DMS-24-RTOS-VCU.dir/Core/Src/dac.c.obj
LOAD CMakeFiles/DMS-24-RTOS-VCU.dir/Core/Src/dma.c.obj
LOAD CMakeFiles/DMS-24-RTOS-VCU.dir/Core/Src/spi.c.obj
LOAD CMakeFiles/DMS-24-RTOS-VCU.dir/Core/Src/tim.c.obj
LOAD CMakeFiles/DMS-24-RTOS-VCU.dir/Core/Src/usb_otg.c.obj
LOAD CMakeFiles/DMS-24-RTOS-VCU.dir/Core/Src/stm32f4xx_it.c.obj
LOAD CMakeFiles/DMS-24-RTOS-VCU.dir/Core/Src/stm32f4xx_hal_msp.c.obj
LOAD CMakeFiles/DMS-24-RTOS-VCU.dir/Core/Src/stm32f4xx_hal_timebase_tim.c.obj
LOAD CMakeFiles/DMS-24-RTOS-VCU.dir/Drivers/STM32F4xx_HAL_Driver/Src/stm32f4xx_hal_adc.c.obj
LOAD CMakeFiles/DMS-24-RTOS-VCU.dir/Drivers/STM32F4xx_HAL_Driver/Src/stm32f4xx_hal_adc_ex.c.obj
LOAD CMakeFiles/DMS-24-RTOS-VCU.dir/Drivers/STM32F4xx_HAL_Driver/Src/stm32f4xx_ll_adc.c.obj
LOAD CMakeFiles/DMS-24-RTOS-VCU.dir/Drivers/STM32F4xx_HAL_Driver/Src/stm32f4xx_hal_rcc.c.obj
LOAD CMakeFiles/DMS-24-RTOS-VCU.dir/Drivers/STM32F4xx_HAL_Driver/Src/stm32f4xx_hal_rcc_ex.c.obj
LOAD CMakeFiles/DMS-24-RTOS-VCU.dir/Drivers/STM32F4xx_HAL_Driver/Src/stm32f4xx_hal_flash.c.obj
LOAD CMakeFiles/DMS-24-RTOS-VCU.dir/Drivers/STM32F4xx_HAL_Driver/Src/stm32f4xx_hal_flash_ex.c.obj
LOAD CMakeFiles/DMS-24-RTOS-VCU.dir/Drivers/STM32F4xx_HAL_Driver/Src/stm32f4xx_hal_flash_ramfunc.c.obj
LOAD CMakeFiles/DMS-24-RTOS-VCU.dir/Drivers/STM32F4xx_HAL_Driver/Src/stm32f4xx_hal_gpio.c.obj
LOAD CMakeFiles/DMS-24-RTOS-VCU.dir/Drivers/STM32F4xx_HAL_Driver/Src/stm32f4xx_hal_dma_ex.c.obj
LOAD CMakeFiles/DMS-24-RTOS-VCU.dir/Drivers/STM32F4xx_HAL_Driver/Src/stm32f4xx_hal_dma.c.obj
LOAD CMakeFiles/DMS-24-RTOS-VCU.dir/Drivers/STM32F4xx_HAL_Driver/Src/stm32f4xx_hal_pwr.c.obj
LOAD CMakeFiles/DMS-24-RTOS-VCU.dir/Drivers/STM32F4xx_HAL_Driver/Src/stm32f4xx_hal_pwr_ex.c.obj
LOAD CMakeFiles/DMS-24-RTOS-VCU.dir/Drivers/STM32F4xx_HAL_Driver/Src/stm32f4xx_hal_cortex.c.obj
LOAD CMakeFiles/DMS-24-RTOS-VCU.dir/Drivers/STM32F4xx_HAL_Driver/Src/stm32f4xx_hal.c.obj
LOAD CMakeFiles/DMS-24-RTOS-VCU.dir/Drivers/STM32F4xx_HAL_Driver/Src/stm32f4xx_hal_exti.c.obj
LOAD CMakeFiles/DMS-24-RTOS-VCU.dir/Drivers/STM32F4xx_HAL_Driver/Src/stm32f4xx_hal_dac.c.obj
LOAD CMakeFiles/DMS-24-RTOS-VCU.dir/Drivers/STM32F4xx_HAL_Driver/Src/stm32f4xx_hal_dac_ex.c.obj
LOAD CMakeFiles/DMS-24-RTOS-VCU.dir/Drivers/STM32F4xx_HAL_Driver/Src/stm32f4xx_hal_spi.c.obj
LOAD CMakeFiles/DMS-24-RTOS-VCU.dir/Drivers/STM32F4xx_HAL_Driver/Src/stm32f4xx_hal_tim.c.obj
LOAD CMakeFiles/DMS-24-RTOS-VCU.dir/Drivers/STM32F4xx_HAL_Driver/Src/stm32f4xx_hal_tim_ex.c.obj
LOAD CMakeFiles/DMS-24-RTOS-VCU.dir/Drivers/STM32F4xx_HAL_Driver/Src/stm32f4xx_hal_pcd.c.obj
LOAD CMakeFiles/DMS-24-RTOS-VCU.dir/Drivers/STM32F4xx_HAL_Driver/Src/stm32f4xx_hal_pcd_ex.c.obj
LOAD CMakeFiles/DMS-24-RTOS-VCU.dir/Drivers/STM32F4xx_HAL_Driver/Src/stm32f4xx_ll_usb.c.obj
LOAD CMakeFiles/DMS-24-RTOS-VCU.dir/Core/Src/system_stm32f4xx.c.obj
LOAD CMakeFiles/DMS-24-RTOS-VCU.dir/Middlewares/Third_Party/FreeRTOS/Source/croutine.c.obj
LOAD CMakeFiles/DMS-24-RTOS-VCU.dir/Middlewares/Third_Party/FreeRTOS/Source/event_groups.c.obj
LOAD CMakeFiles/DMS-24-RTOS-VCU.dir/Middlewares/Third_Party/FreeRTOS/Source/list.c.obj
LOAD CMakeFiles/DMS-24-RTOS-VCU.dir/Middlewares/Third_Party/FreeRTOS/Source/queue.c.obj
LOAD CMakeFiles/DMS-24-RTOS-VCU.dir/Middlewares/Third_Party/FreeRTOS/Source/stream_buffer.c.obj
LOAD CMakeFiles/DMS-24-RTOS-VCU.dir/Middlewares/Third_Party/FreeRTOS/Source/tasks.c.obj
LOAD CMakeFiles/DMS-24-RTOS-VCU.dir/Middlewares/Third_Party/FreeRTOS/Source/timers.c.obj
LOAD CMakeFiles/DMS-24-RTOS-VCU.dir/Middlewares/Third_Party/FreeRTOS/Source/CMSIS_RTOS_V2/cmsis_os2.c.obj
LOAD CMakeFiles/DMS-24-RTOS-VCU.dir/Middlewares/Third_Party/FreeRTOS/Source/portable/MemMang/heap_4.c.obj
LOAD CMakeFiles/DMS-24-RTOS-VCU.dir/Middlewares/Third_Party/FreeRTOS/Source/portable/GCC/ARM_CM4F/port.c.obj
LOAD CMakeFiles/DMS-24-RTOS-VCU.dir/Core/Src/sysmem.c.obj
LOAD CMakeFiles/DMS-24-RTOS-VCU.dir/Core/Src/syscalls.c.obj
LOAD CMakeFiles/DMS-24-RTOS-VCU.dir/startup_stm32f407xx.s.obj
LOAD CMakeFiles/DMS-24-RTOS-VCU.dir/Core/Src/app_main.c.obj
LOAD CMakeFiles/DMS-24-RTOS-VCU.dir/Core/Src/sensor_input.c.obj
START GROUP
LOAD C:/ST/STM32CubeCLT_1.15.1/GNU-tools-for-STM32/bin/../lib/gcc/arm-none-eabi/12.3.1/thumb/v7e-m+fp/hard\libgcc.a
LOAD C:/ST/STM32CubeCLT_1.15.1/GNU-tools-for-STM32/bin/../lib/gcc/arm-none-eabi/12.3.1/../../../../arm-none-eabi/lib/thumb/v7e-m+fp/hard\libg_nano.a
LOAD C:/ST/STM32CubeCLT_1.15.1/GNU-tools-for-STM32/bin/../lib/gcc/arm-none-eabi/12.3.1/../../../../arm-none-eabi/lib/thumb/v7e-m+fp/hard\libc_nano.a
END GROUP
START GROUP
LOAD C:/ST/STM32CubeCLT_1.15.1/GNU-tools-for-STM32/bin/../lib/gcc/arm-none-eabi/12.3.1/thumb/v7e-m+fp/hard\libgcc.a
LOAD C:/ST/STM32CubeCLT_1.15.1/GNU-tools-for-STM32/bin/../lib/gcc/arm-none-eabi/12.3.1/../../../../arm-none-eabi/lib/thumb/v7e-m+fp/hard\libc_nano.a
END GROUP
LOAD C:/ST/STM32CubeCLT_1.15.1/GNU-tools-for-STM32/bin/../lib/gcc/arm-none-eabi/12.3.1/thumb/v7e-m+fp/hard/crtend.o
LOAD C:/ST/STM32CubeCLT_1.15.1/GNU-tools-for-STM32/bin/../lib/gcc/arm-none-eabi/12.3.1/thumb/v7e-m+fp/hard/crtn.o
                0x20020000                        _estack = (ORIGIN (RAM) + LENGTH (RAM))
                0x00000200                        _Min_Heap_Size = 0x200
                0x00000400                        _Min_Stack_Size = 0x400

.isr_vector     0x08000000      0x188
                0x08000000                        . = ALIGN (0x4)
 *(.isr_vector)
 .isr_vector    0x08000000      0x188 CMakeFiles/DMS-24-RTOS-VCU.dir/startup_stm32f407xx.s.obj
                0x08000000                g_pfnVectors
                0x08000188                        . = ALIGN (0x4)

.text           0x08000190     0x88bc
                0x08000190                        . = ALIGN (0x4)
 *(.text)
 .text          0x08000190       0x40 C:/ST/STM32CubeCLT_1.15.1/GNU-tools-for-STM32/bin/../lib/gcc/arm-none-eabi/12.3.1/thumb/v7e-m+fp/hard/crtbegin.o
 .text          0x080001d0       0x30 C:/ST/STM32CubeCLT_1.15.1/GNU-tools-for-STM32/bin/../lib/gcc/arm-none-eabi/12.3.1/thumb/v7e-m+fp/hard\libgcc.a(_aeabi_uldivmod.o)
                0x080001d0                __aeabi_uldivmod
 .text          0x08000200      0x2bc C:/ST/STM32CubeCLT_1.15.1/GNU-tools-for-STM32/bin/../lib/gcc/arm-none-eabi/12.3.1/thumb/v7e-m+fp/hard\libgcc.a(_udivmoddi4.o)
                0x08000200                __udivmoddi4
 .text          0x080004bc        0x4 C:/ST/STM32CubeCLT_1.15.1/GNU-tools-for-STM32/bin/../lib/gcc/arm-none-eabi/12.3.1/thumb/v7e-m+fp/hard\libgcc.a(_dvmd_tls.o)
                0x080004bc                __aeabi_idiv0
                0x080004bc                __aeabi_ldiv0
 *(.text*)
 .text.memset   0x080004c0       0x10 C:/ST/STM32CubeCLT_1.15.1/GNU-tools-for-STM32/bin/../lib/gcc/arm-none-eabi/12.3.1/../../../../arm-none-eabi/lib/thumb/v7e-m+fp/hard\libc_nano.a(libc_a-memset.o)
                0x080004c0                memset
 .text.__libc_init_array
                0x080004d0       0x48 C:/ST/STM32CubeCLT_1.15.1/GNU-tools-for-STM32/bin/../lib/gcc/arm-none-eabi/12.3.1/../../../../arm-none-eabi/lib/thumb/v7e-m+fp/hard\libc_nano.a(libc_a-init.o)
                0x080004d0                __libc_init_array
 .text.main     0x08000518       0x3c CMakeFiles/DMS-24-RTOS-VCU.dir/Core/Src/main.c.obj
                0x08000518                main
 .text.SystemClock_Config
                0x08000554       0xd8 CMakeFiles/DMS-24-RTOS-VCU.dir/Core/Src/main.c.obj
                0x08000554                SystemClock_Config
 .text.HAL_TIM_PeriodElapsedCallback
                0x0800062c       0x24 CMakeFiles/DMS-24-RTOS-VCU.dir/Core/Src/main.c.obj
                0x0800062c                HAL_TIM_PeriodElapsedCallback
 .text.Error_Handler
                0x08000650        0xc CMakeFiles/DMS-24-RTOS-VCU.dir/Core/Src/main.c.obj
                0x08000650                Error_Handler
 .text.MX_GPIO_Init
                0x0800065c      0x240 CMakeFiles/DMS-24-RTOS-VCU.dir/Core/Src/gpio.c.obj
                0x0800065c                MX_GPIO_Init
 .text.MX_FREERTOS_Init
                0x0800089c       0x44 CMakeFiles/DMS-24-RTOS-VCU.dir/Core/Src/freertos.c.obj
                0x0800089c                MX_FREERTOS_Init
 .text.MX_ADC1_Init
                0x080008e0       0xd4 CMakeFiles/DMS-24-RTOS-VCU.dir/Core/Src/adc.c.obj
                0x080008e0                MX_ADC1_Init
 .text.HAL_ADC_MspInit
                0x080009b4       0xfc CMakeFiles/DMS-24-RTOS-VCU.dir/Core/Src/adc.c.obj
                0x080009b4                HAL_ADC_MspInit
 .text.MX_DAC_Init
                0x08000ab0       0x54 CMakeFiles/DMS-24-RTOS-VCU.dir/Core/Src/dac.c.obj
                0x08000ab0                MX_DAC_Init
 .text.HAL_DAC_MspInit
                0x08000b04       0x98 CMakeFiles/DMS-24-RTOS-VCU.dir/Core/Src/dac.c.obj
                0x08000b04                HAL_DAC_MspInit
 .text.MX_DMA_Init
                0x08000b9c       0x40 CMakeFiles/DMS-24-RTOS-VCU.dir/Core/Src/dma.c.obj
                0x08000b9c                MX_DMA_Init
 .text.MX_SPI1_Init
                0x08000bdc       0x6c CMakeFiles/DMS-24-RTOS-VCU.dir/Core/Src/spi.c.obj
                0x08000bdc                MX_SPI1_Init
 .text.HAL_SPI_MspInit
                0x08000c48       0x90 CMakeFiles/DMS-24-RTOS-VCU.dir/Core/Src/spi.c.obj
                0x08000c48                HAL_SPI_MspInit
 .text.MX_TIM2_Init
                0x08000cd8       0xac CMakeFiles/DMS-24-RTOS-VCU.dir/Core/Src/tim.c.obj
                0x08000cd8                MX_TIM2_Init
 .text.HAL_TIM_PWM_MspInit
                0x08000d84       0x40 CMakeFiles/DMS-24-RTOS-VCU.dir/Core/Src/tim.c.obj
                0x08000d84                HAL_TIM_PWM_MspInit
 .text.MX_USB_OTG_FS_PCD_Init
                0x08000dc4       0x5c CMakeFiles/DMS-24-RTOS-VCU.dir/Core/Src/usb_otg.c.obj
                0x08000dc4                MX_USB_OTG_FS_PCD_Init
 .text.HAL_PCD_MspInit
                0x08000e20       0xc4 CMakeFiles/DMS-24-RTOS-VCU.dir/Core/Src/usb_otg.c.obj
                0x08000e20                HAL_PCD_MspInit
 .text.NMI_Handler
                0x08000ee4        0x8 CMakeFiles/DMS-24-RTOS-VCU.dir/Core/Src/stm32f4xx_it.c.obj
                0x08000ee4                NMI_Handler
 .text.HardFault_Handler
                0x08000eec        0x8 CMakeFiles/DMS-24-RTOS-VCU.dir/Core/Src/stm32f4xx_it.c.obj
                0x08000eec                HardFault_Handler
 .text.MemManage_Handler
                0x08000ef4        0x8 CMakeFiles/DMS-24-RTOS-VCU.dir/Core/Src/stm32f4xx_it.c.obj
                0x08000ef4                MemManage_Handler
 .text.BusFault_Handler
                0x08000efc        0x8 CMakeFiles/DMS-24-RTOS-VCU.dir/Core/Src/stm32f4xx_it.c.obj
                0x08000efc                BusFault_Handler
 .text.UsageFault_Handler
                0x08000f04        0x8 CMakeFiles/DMS-24-RTOS-VCU.dir/Core/Src/stm32f4xx_it.c.obj
                0x08000f04                UsageFault_Handler
 .text.DebugMon_Handler
                0x08000f0c        0xe CMakeFiles/DMS-24-RTOS-VCU.dir/Core/Src/stm32f4xx_it.c.obj
                0x08000f0c                DebugMon_Handler
 *fill*         0x08000f1a        0x2 
 .text.ADC_IRQHandler
                0x08000f1c       0x14 CMakeFiles/DMS-24-RTOS-VCU.dir/Core/Src/stm32f4xx_it.c.obj
                0x08000f1c                ADC_IRQHandler
 .text.TIM6_DAC_IRQHandler
                0x08000f30       0x28 CMakeFiles/DMS-24-RTOS-VCU.dir/Core/Src/stm32f4xx_it.c.obj
                0x08000f30                TIM6_DAC_IRQHandler
 .text.DMA2_Stream0_IRQHandler
                0x08000f58       0x14 CMakeFiles/DMS-24-RTOS-VCU.dir/Core/Src/stm32f4xx_it.c.obj
                0x08000f58                DMA2_Stream0_IRQHandler
 .text.OTG_FS_IRQHandler
                0x08000f6c       0x14 CMakeFiles/DMS-24-RTOS-VCU.dir/Core/Src/stm32f4xx_it.c.obj
                0x08000f6c                OTG_FS_IRQHandler
 .text.HAL_MspInit
                0x08000f80       0x58 CMakeFiles/DMS-24-RTOS-VCU.dir/Core/Src/stm32f4xx_hal_msp.c.obj
                0x08000f80                HAL_MspInit
 .text.HAL_InitTick
                0x08000fd8       0xf8 CMakeFiles/DMS-24-RTOS-VCU.dir/Core/Src/stm32f4xx_hal_timebase_tim.c.obj
                0x08000fd8                HAL_InitTick
 .text.HAL_ADC_Init
                0x080010d0       0x86 CMakeFiles/DMS-24-RTOS-VCU.dir/Drivers/STM32F4xx_HAL_Driver/Src/stm32f4xx_hal_adc.c.obj
                0x080010d0                HAL_ADC_Init
 .text.HAL_ADC_IRQHandler
                0x08001156      0x220 CMakeFiles/DMS-24-RTOS-VCU.dir/Drivers/STM32F4xx_HAL_Driver/Src/stm32f4xx_hal_adc.c.obj
                0x08001156                HAL_ADC_IRQHandler
 *fill*         0x08001376        0x2 
 .text.HAL_ADC_Start_DMA
                0x08001378      0x220 CMakeFiles/DMS-24-RTOS-VCU.dir/Drivers/STM32F4xx_HAL_Driver/Src/stm32f4xx_hal_adc.c.obj
                0x08001378                HAL_ADC_Start_DMA
 .text.HAL_ADC_LevelOutOfWindowCallback
                0x08001598       0x14 CMakeFiles/DMS-24-RTOS-VCU.dir/Drivers/STM32F4xx_HAL_Driver/Src/stm32f4xx_hal_adc.c.obj
                0x08001598                HAL_ADC_LevelOutOfWindowCallback
 .text.HAL_ADC_ErrorCallback
                0x080015ac       0x14 CMakeFiles/DMS-24-RTOS-VCU.dir/Drivers/STM32F4xx_HAL_Driver/Src/stm32f4xx_hal_adc.c.obj
                0x080015ac                HAL_ADC_ErrorCallback
 .text.HAL_ADC_ConfigChannel
                0x080015c0      0x244 CMakeFiles/DMS-24-RTOS-VCU.dir/Drivers/STM32F4xx_HAL_Driver/Src/stm32f4xx_hal_adc.c.obj
                0x080015c0                HAL_ADC_ConfigChannel
 .text.ADC_Init
                0x08001804      0x1f8 CMakeFiles/DMS-24-RTOS-VCU.dir/Drivers/STM32F4xx_HAL_Driver/Src/stm32f4xx_hal_adc.c.obj
 .text.ADC_DMAConvCplt
                0x080019fc       0xba CMakeFiles/DMS-24-RTOS-VCU.dir/Drivers/STM32F4xx_HAL_Driver/Src/stm32f4xx_hal_adc.c.obj
 .text.ADC_DMAHalfConvCplt
                0x08001ab6       0x1c CMakeFiles/DMS-24-RTOS-VCU.dir/Drivers/STM32F4xx_HAL_Driver/Src/stm32f4xx_hal_adc.c.obj
 .text.ADC_DMAError
                0x08001ad2       0x2e CMakeFiles/DMS-24-RTOS-VCU.dir/Drivers/STM32F4xx_HAL_Driver/Src/stm32f4xx_hal_adc.c.obj
 .text.HAL_ADCEx_InjectedConvCpltCallback
                0x08001b00       0x14 CMakeFiles/DMS-24-RTOS-VCU.dir/Drivers/STM32F4xx_HAL_Driver/Src/stm32f4xx_hal_adc_ex.c.obj
                0x08001b00                HAL_ADCEx_InjectedConvCpltCallback
 .text.HAL_RCC_OscConfig
                0x08001b14      0x4f0 CMakeFiles/DMS-24-RTOS-VCU.dir/Drivers/STM32F4xx_HAL_Driver/Src/stm32f4xx_hal_rcc.c.obj
                0x08001b14                HAL_RCC_OscConfig
 .text.HAL_RCC_ClockConfig
                0x08002004      0x1cc CMakeFiles/DMS-24-RTOS-VCU.dir/Drivers/STM32F4xx_HAL_Driver/Src/stm32f4xx_hal_rcc.c.obj
                0x08002004                HAL_RCC_ClockConfig
 .text.HAL_RCC_GetSysClockFreq
                0x080021d0      0x20c CMakeFiles/DMS-24-RTOS-VCU.dir/Drivers/STM32F4xx_HAL_Driver/Src/stm32f4xx_hal_rcc.c.obj
                0x080021d0                HAL_RCC_GetSysClockFreq
 .text.HAL_RCC_GetHCLKFreq
                0x080023dc       0x18 CMakeFiles/DMS-24-RTOS-VCU.dir/Drivers/STM32F4xx_HAL_Driver/Src/stm32f4xx_hal_rcc.c.obj
                0x080023dc                HAL_RCC_GetHCLKFreq
 .text.HAL_RCC_GetPCLK1Freq
                0x080023f4       0x28 CMakeFiles/DMS-24-RTOS-VCU.dir/Drivers/STM32F4xx_HAL_Driver/Src/stm32f4xx_hal_rcc.c.obj
                0x080023f4                HAL_RCC_GetPCLK1Freq
 .text.HAL_RCC_GetClockConfig
                0x0800241c       0x64 CMakeFiles/DMS-24-RTOS-VCU.dir/Drivers/STM32F4xx_HAL_Driver/Src/stm32f4xx_hal_rcc.c.obj
                0x0800241c                HAL_RCC_GetClockConfig
 .text.HAL_GPIO_Init
                0x08002480      0x338 CMakeFiles/DMS-24-RTOS-VCU.dir/Drivers/STM32F4xx_HAL_Driver/Src/stm32f4xx_hal_gpio.c.obj
                0x08002480                HAL_GPIO_Init
 .text.HAL_GPIO_WritePin
                0x080027b8       0x32 CMakeFiles/DMS-24-RTOS-VCU.dir/Drivers/STM32F4xx_HAL_Driver/Src/stm32f4xx_hal_gpio.c.obj
                0x080027b8                HAL_GPIO_WritePin
 .text.HAL_GPIO_TogglePin
                0x080027ea       0x34 CMakeFiles/DMS-24-RTOS-VCU.dir/Drivers/STM32F4xx_HAL_Driver/Src/stm32f4xx_hal_gpio.c.obj
                0x080027ea                HAL_GPIO_TogglePin
 *fill*         0x0800281e        0x2 
 .text.HAL_DMA_Init
                0x08002820      0x15c CMakeFiles/DMS-24-RTOS-VCU.dir/Drivers/STM32F4xx_HAL_Driver/Src/stm32f4xx_hal_dma.c.obj
                0x08002820                HAL_DMA_Init
 .text.HAL_DMA_Start_IT
                0x0800297c       0xb0 CMakeFiles/DMS-24-RTOS-VCU.dir/Drivers/STM32F4xx_HAL_Driver/Src/stm32f4xx_hal_dma.c.obj
                0x0800297c                HAL_DMA_Start_IT
 .text.HAL_DMA_IRQHandler
                0x08002a2c      0x314 CMakeFiles/DMS-24-RTOS-VCU.dir/Drivers/STM32F4xx_HAL_Driver/Src/stm32f4xx_hal_dma.c.obj
                0x08002a2c                HAL_DMA_IRQHandler
 .text.DMA_SetConfig
                0x08002d40       0x5c CMakeFiles/DMS-24-RTOS-VCU.dir/Drivers/STM32F4xx_HAL_Driver/Src/stm32f4xx_hal_dma.c.obj
 .text.DMA_CalcBaseAndBitshift
                0x08002d9c       0x6c CMakeFiles/DMS-24-RTOS-VCU.dir/Drivers/STM32F4xx_HAL_Driver/Src/stm32f4xx_hal_dma.c.obj
 .text.DMA_CheckFifoParam
                0x08002e08       0xf8 CMakeFiles/DMS-24-RTOS-VCU.dir/Drivers/STM32F4xx_HAL_Driver/Src/stm32f4xx_hal_dma.c.obj
 .text.__NVIC_SetPriorityGrouping
                0x08002f00       0x48 CMakeFiles/DMS-24-RTOS-VCU.dir/Drivers/STM32F4xx_HAL_Driver/Src/stm32f4xx_hal_cortex.c.obj
 .text.__NVIC_GetPriorityGrouping
                0x08002f48       0x1c CMakeFiles/DMS-24-RTOS-VCU.dir/Drivers/STM32F4xx_HAL_Driver/Src/stm32f4xx_hal_cortex.c.obj
 .text.__NVIC_EnableIRQ
                0x08002f64       0x3c CMakeFiles/DMS-24-RTOS-VCU.dir/Drivers/STM32F4xx_HAL_Driver/Src/stm32f4xx_hal_cortex.c.obj
 .text.__NVIC_SetPriority
                0x08002fa0       0x54 CMakeFiles/DMS-24-RTOS-VCU.dir/Drivers/STM32F4xx_HAL_Driver/Src/stm32f4xx_hal_cortex.c.obj
 .text.NVIC_EncodePriority
                0x08002ff4       0x66 CMakeFiles/DMS-24-RTOS-VCU.dir/Drivers/STM32F4xx_HAL_Driver/Src/stm32f4xx_hal_cortex.c.obj
 .text.HAL_NVIC_SetPriorityGrouping
                0x0800305a       0x16 CMakeFiles/DMS-24-RTOS-VCU.dir/Drivers/STM32F4xx_HAL_Driver/Src/stm32f4xx_hal_cortex.c.obj
                0x0800305a                HAL_NVIC_SetPriorityGrouping
 .text.HAL_NVIC_SetPriority
                0x08003070       0x38 CMakeFiles/DMS-24-RTOS-VCU.dir/Drivers/STM32F4xx_HAL_Driver/Src/stm32f4xx_hal_cortex.c.obj
                0x08003070                HAL_NVIC_SetPriority
 .text.HAL_NVIC_EnableIRQ
                0x080030a8       0x1c CMakeFiles/DMS-24-RTOS-VCU.dir/Drivers/STM32F4xx_HAL_Driver/Src/stm32f4xx_hal_cortex.c.obj
                0x080030a8                HAL_NVIC_EnableIRQ
 .text.HAL_Init
                0x080030c4       0x44 CMakeFiles/DMS-24-RTOS-VCU.dir/Drivers/STM32F4xx_HAL_Driver/Src/stm32f4xx_hal.c.obj
                0x080030c4                HAL_Init
 .text.HAL_IncTick
                0x08003108       0x28 CMakeFiles/DMS-24-RTOS-VCU.dir/Drivers/STM32F4xx_HAL_Driver/Src/stm32f4xx_hal.c.obj
                0x08003108                HAL_IncTick
 .text.HAL_GetTick
                0x08003130       0x18 CMakeFiles/DMS-24-RTOS-VCU.dir/Drivers/STM32F4xx_HAL_Driver/Src/stm32f4xx_hal.c.obj
                0x08003130                HAL_GetTick
 .text.HAL_Delay
                0x08003148       0x48 CMakeFiles/DMS-24-RTOS-VCU.dir/Drivers/STM32F4xx_HAL_Driver/Src/stm32f4xx_hal.c.obj
                0x08003148                HAL_Delay
 .text.HAL_DAC_Init
                0x08003190       0x44 CMakeFiles/DMS-24-RTOS-VCU.dir/Drivers/STM32F4xx_HAL_Driver/Src/stm32f4xx_hal_dac.c.obj
                0x08003190                HAL_DAC_Init
 .text.HAL_DAC_IRQHandler
                0x080031d4       0xac CMakeFiles/DMS-24-RTOS-VCU.dir/Drivers/STM32F4xx_HAL_Driver/Src/stm32f4xx_hal_dac.c.obj
                0x080031d4                HAL_DAC_IRQHandler
 .text.HAL_DAC_DMAUnderrunCallbackCh1
                0x08003280       0x14 CMakeFiles/DMS-24-RTOS-VCU.dir/Drivers/STM32F4xx_HAL_Driver/Src/stm32f4xx_hal_dac.c.obj
                0x08003280                HAL_DAC_DMAUnderrunCallbackCh1
 .text.HAL_DAC_ConfigChannel
                0x08003294       0xb2 CMakeFiles/DMS-24-RTOS-VCU.dir/Drivers/STM32F4xx_HAL_Driver/Src/stm32f4xx_hal_dac.c.obj
                0x08003294                HAL_DAC_ConfigChannel
 .text.HAL_DACEx_DMAUnderrunCallbackCh2
                0x08003346       0x14 CMakeFiles/DMS-24-RTOS-VCU.dir/Drivers/STM32F4xx_HAL_Driver/Src/stm32f4xx_hal_dac_ex.c.obj
                0x08003346                HAL_DACEx_DMAUnderrunCallbackCh2
 .text.HAL_SPI_Init
                0x0800335a      0x112 CMakeFiles/DMS-24-RTOS-VCU.dir/Drivers/STM32F4xx_HAL_Driver/Src/stm32f4xx_hal_spi.c.obj
                0x0800335a                HAL_SPI_Init
 .text.HAL_TIM_Base_Init
                0x0800346c       0x9e CMakeFiles/DMS-24-RTOS-VCU.dir/Drivers/STM32F4xx_HAL_Driver/Src/stm32f4xx_hal_tim.c.obj
                0x0800346c                HAL_TIM_Base_Init
 .text.HAL_TIM_Base_MspInit
                0x0800350a       0x14 CMakeFiles/DMS-24-RTOS-VCU.dir/Drivers/STM32F4xx_HAL_Driver/Src/stm32f4xx_hal_tim.c.obj
                0x0800350a                HAL_TIM_Base_MspInit
 *fill*         0x0800351e        0x2 
 .text.HAL_TIM_Base_Start
                0x08003520       0xd0 CMakeFiles/DMS-24-RTOS-VCU.dir/Drivers/STM32F4xx_HAL_Driver/Src/stm32f4xx_hal_tim.c.obj
                0x08003520                HAL_TIM_Base_Start
 .text.HAL_TIM_Base_Start_IT
                0x080035f0       0xe0 CMakeFiles/DMS-24-RTOS-VCU.dir/Drivers/STM32F4xx_HAL_Driver/Src/stm32f4xx_hal_tim.c.obj
                0x080035f0                HAL_TIM_Base_Start_IT
 .text.HAL_TIM_PWM_Init
                0x080036d0       0x9e CMakeFiles/DMS-24-RTOS-VCU.dir/Drivers/STM32F4xx_HAL_Driver/Src/stm32f4xx_hal_tim.c.obj
                0x080036d0                HAL_TIM_PWM_Init
 .text.HAL_TIM_IRQHandler
                0x0800376e      0x1e0 CMakeFiles/DMS-24-RTOS-VCU.dir/Drivers/STM32F4xx_HAL_Driver/Src/stm32f4xx_hal_tim.c.obj
                0x0800376e                HAL_TIM_IRQHandler
 *fill*         0x0800394e        0x2 
 .text.HAL_TIM_PWM_ConfigChannel
                0x08003950      0x184 CMakeFiles/DMS-24-RTOS-VCU.dir/Drivers/STM32F4xx_HAL_Driver/Src/stm32f4xx_hal_tim.c.obj
                0x08003950                HAL_TIM_PWM_ConfigChannel
 .text.HAL_TIM_OC_DelayElapsedCallback
                0x08003ad4       0x14 CMakeFiles/DMS-24-RTOS-VCU.dir/Drivers/STM32F4xx_HAL_Driver/Src/stm32f4xx_hal_tim.c.obj
                0x08003ad4                HAL_TIM_OC_DelayElapsedCallback
 .text.HAL_TIM_IC_CaptureCallback
                0x08003ae8       0x14 CMakeFiles/DMS-24-RTOS-VCU.dir/Drivers/STM32F4xx_HAL_Driver/Src/stm32f4xx_hal_tim.c.obj
                0x08003ae8                HAL_TIM_IC_CaptureCallback
 .text.HAL_TIM_PWM_PulseFinishedCallback
                0x08003afc       0x14 CMakeFiles/DMS-24-RTOS-VCU.dir/Drivers/STM32F4xx_HAL_Driver/Src/stm32f4xx_hal_tim.c.obj
                0x08003afc                HAL_TIM_PWM_PulseFinishedCallback
 .text.HAL_TIM_TriggerCallback
                0x08003b10       0x14 CMakeFiles/DMS-24-RTOS-VCU.dir/Drivers/STM32F4xx_HAL_Driver/Src/stm32f4xx_hal_tim.c.obj
                0x08003b10                HAL_TIM_TriggerCallback
 .text.TIM_Base_SetConfig
                0x08003b24      0x158 CMakeFiles/DMS-24-RTOS-VCU.dir/Drivers/STM32F4xx_HAL_Driver/Src/stm32f4xx_hal_tim.c.obj
                0x08003b24                TIM_Base_SetConfig
 .text.TIM_OC1_SetConfig
                0x08003c7c       0xe0 CMakeFiles/DMS-24-RTOS-VCU.dir/Drivers/STM32F4xx_HAL_Driver/Src/stm32f4xx_hal_tim.c.obj
 .text.TIM_OC2_SetConfig
                0x08003d5c       0xec CMakeFiles/DMS-24-RTOS-VCU.dir/Drivers/STM32F4xx_HAL_Driver/Src/stm32f4xx_hal_tim.c.obj
                0x08003d5c                TIM_OC2_SetConfig
 .text.TIM_OC3_SetConfig
                0x08003e48       0xe8 CMakeFiles/DMS-24-RTOS-VCU.dir/Drivers/STM32F4xx_HAL_Driver/Src/stm32f4xx_hal_tim.c.obj
 .text.TIM_OC4_SetConfig
                0x08003f30       0xac CMakeFiles/DMS-24-RTOS-VCU.dir/Drivers/STM32F4xx_HAL_Driver/Src/stm32f4xx_hal_tim.c.obj
 .text.HAL_TIMEx_MasterConfigSynchronization
                0x08003fdc       0xf8 CMakeFiles/DMS-24-RTOS-VCU.dir/Drivers/STM32F4xx_HAL_Driver/Src/stm32f4xx_hal_tim_ex.c.obj
                0x08003fdc                HAL_TIMEx_MasterConfigSynchronization
 .text.HAL_TIMEx_CommutCallback
                0x080040d4       0x14 CMakeFiles/DMS-24-RTOS-VCU.dir/Drivers/STM32F4xx_HAL_Driver/Src/stm32f4xx_hal_tim_ex.c.obj
                0x080040d4                HAL_TIMEx_CommutCallback
 .text.HAL_TIMEx_BreakCallback
                0x080040e8       0x14 CMakeFiles/DMS-24-RTOS-VCU.dir/Drivers/STM32F4xx_HAL_Driver/Src/stm32f4xx_hal_tim_ex.c.obj
                0x080040e8                HAL_TIMEx_BreakCallback
 .text.HAL_PCD_Init
                0x080040fc      0x21e CMakeFiles/DMS-24-RTOS-VCU.dir/Drivers/STM32F4xx_HAL_Driver/Src/stm32f4xx_hal_pcd.c.obj
                0x080040fc                HAL_PCD_Init
 .text.HAL_PCD_IRQHandler
                0x0800431a      0x942 CMakeFiles/DMS-24-RTOS-VCU.dir/Drivers/STM32F4xx_HAL_Driver/Src/stm32f4xx_hal_pcd.c.obj
                0x0800431a                HAL_PCD_IRQHandler
 .text.HAL_PCD_DataOutStageCallback
                0x08004c5c       0x18 CMakeFiles/DMS-24-RTOS-VCU.dir/Drivers/STM32F4xx_HAL_Driver/Src/stm32f4xx_hal_pcd.c.obj
                0x08004c5c                HAL_PCD_DataOutStageCallback
 .text.HAL_PCD_DataInStageCallback
                0x08004c74       0x18 CMakeFiles/DMS-24-RTOS-VCU.dir/Drivers/STM32F4xx_HAL_Driver/Src/stm32f4xx_hal_pcd.c.obj
                0x08004c74                HAL_PCD_DataInStageCallback
 .text.HAL_PCD_SetupStageCallback
                0x08004c8c       0x14 CMakeFiles/DMS-24-RTOS-VCU.dir/Drivers/STM32F4xx_HAL_Driver/Src/stm32f4xx_hal_pcd.c.obj
                0x08004c8c                HAL_PCD_SetupStageCallback
 .text.HAL_PCD_SOFCallback
                0x08004ca0       0x14 CMakeFiles/DMS-24-RTOS-VCU.dir/Drivers/STM32F4xx_HAL_Driver/Src/stm32f4xx_hal_pcd.c.obj
                0x08004ca0                HAL_PCD_SOFCallback
 .text.HAL_PCD_ResetCallback
                0x08004cb4       0x14 CMakeFiles/DMS-24-RTOS-VCU.dir/Drivers/STM32F4xx_HAL_Driver/Src/stm32f4xx_hal_pcd.c.obj
                0x08004cb4                HAL_PCD_ResetCallback
 .text.HAL_PCD_SuspendCallback
                0x08004cc8       0x14 CMakeFiles/DMS-24-RTOS-VCU.dir/Drivers/STM32F4xx_HAL_Driver/Src/stm32f4xx_hal_pcd.c.obj
                0x08004cc8                HAL_PCD_SuspendCallback
 .text.HAL_PCD_ResumeCallback
                0x08004cdc       0x14 CMakeFiles/DMS-24-RTOS-VCU.dir/Drivers/STM32F4xx_HAL_Driver/Src/stm32f4xx_hal_pcd.c.obj
                0x08004cdc                HAL_PCD_ResumeCallback
 .text.HAL_PCD_ISOOUTIncompleteCallback
                0x08004cf0       0x18 CMakeFiles/DMS-24-RTOS-VCU.dir/Drivers/STM32F4xx_HAL_Driver/Src/stm32f4xx_hal_pcd.c.obj
                0x08004cf0                HAL_PCD_ISOOUTIncompleteCallback
 .text.HAL_PCD_ISOINIncompleteCallback
                0x08004d08       0x18 CMakeFiles/DMS-24-RTOS-VCU.dir/Drivers/STM32F4xx_HAL_Driver/Src/stm32f4xx_hal_pcd.c.obj
                0x08004d08                HAL_PCD_ISOINIncompleteCallback
 .text.HAL_PCD_ConnectCallback
                0x08004d20       0x14 CMakeFiles/DMS-24-RTOS-VCU.dir/Drivers/STM32F4xx_HAL_Driver/Src/stm32f4xx_hal_pcd.c.obj
                0x08004d20                HAL_PCD_ConnectCallback
 .text.HAL_PCD_DisconnectCallback
                0x08004d34       0x14 CMakeFiles/DMS-24-RTOS-VCU.dir/Drivers/STM32F4xx_HAL_Driver/Src/stm32f4xx_hal_pcd.c.obj
                0x08004d34                HAL_PCD_DisconnectCallback
 .text.HAL_PCD_EP_Abort
                0x08004d48       0x62 CMakeFiles/DMS-24-RTOS-VCU.dir/Drivers/STM32F4xx_HAL_Driver/Src/stm32f4xx_hal_pcd.c.obj
                0x08004d48                HAL_PCD_EP_Abort
 .text.PCD_WriteEmptyTxFifo
                0x08004daa      0x118 CMakeFiles/DMS-24-RTOS-VCU.dir/Drivers/STM32F4xx_HAL_Driver/Src/stm32f4xx_hal_pcd.c.obj
 *fill*         0x08004ec2        0x2 
 .text.PCD_EP_OutXfrComplete_int
                0x08004ec4      0x1d0 CMakeFiles/DMS-24-RTOS-VCU.dir/Drivers/STM32F4xx_HAL_Driver/Src/stm32f4xx_hal_pcd.c.obj
 .text.PCD_EP_OutSetupPacket_int
                0x08005094       0x8c CMakeFiles/DMS-24-RTOS-VCU.dir/Drivers/STM32F4xx_HAL_Driver/Src/stm32f4xx_hal_pcd.c.obj
 .text.HAL_PCDEx_LPM_Callback
                0x08005120       0x18 CMakeFiles/DMS-24-RTOS-VCU.dir/Drivers/STM32F4xx_HAL_Driver/Src/stm32f4xx_hal_pcd_ex.c.obj
                0x08005120                HAL_PCDEx_LPM_Callback
 .text.USB_CoreInit
                0x08005138       0xc8 CMakeFiles/DMS-24-RTOS-VCU.dir/Drivers/STM32F4xx_HAL_Driver/Src/stm32f4xx_ll_usb.c.obj
                0x08005138                USB_CoreInit
 .text.USB_SetTurnaroundTime
                0x08005200      0x144 CMakeFiles/DMS-24-RTOS-VCU.dir/Drivers/STM32F4xx_HAL_Driver/Src/stm32f4xx_ll_usb.c.obj
                0x08005200                USB_SetTurnaroundTime
 .text.USB_DisableGlobalInt
                0x08005344       0x22 CMakeFiles/DMS-24-RTOS-VCU.dir/Drivers/STM32F4xx_HAL_Driver/Src/stm32f4xx_ll_usb.c.obj
                0x08005344                USB_DisableGlobalInt
 .text.USB_SetCurrentMode
                0x08005366       0x98 CMakeFiles/DMS-24-RTOS-VCU.dir/Drivers/STM32F4xx_HAL_Driver/Src/stm32f4xx_ll_usb.c.obj
                0x08005366                USB_SetCurrentMode
 *fill*         0x080053fe        0x2 
 .text.USB_DevInit
                0x08005400      0x2c8 CMakeFiles/DMS-24-RTOS-VCU.dir/Drivers/STM32F4xx_HAL_Driver/Src/stm32f4xx_ll_usb.c.obj
                0x08005400                USB_DevInit
 .text.USB_FlushTxFifo
                0x080056c8       0x64 CMakeFiles/DMS-24-RTOS-VCU.dir/Drivers/STM32F4xx_HAL_Driver/Src/stm32f4xx_ll_usb.c.obj
                0x080056c8                USB_FlushTxFifo
 .text.USB_FlushRxFifo
                0x0800572c       0x5c CMakeFiles/DMS-24-RTOS-VCU.dir/Drivers/STM32F4xx_HAL_Driver/Src/stm32f4xx_ll_usb.c.obj
                0x0800572c                USB_FlushRxFifo
 .text.USB_SetDevSpeed
                0x08005788       0x32 CMakeFiles/DMS-24-RTOS-VCU.dir/Drivers/STM32F4xx_HAL_Driver/Src/stm32f4xx_ll_usb.c.obj
                0x08005788                USB_SetDevSpeed
 .text.USB_GetDevSpeed
                0x080057ba       0x4a CMakeFiles/DMS-24-RTOS-VCU.dir/Drivers/STM32F4xx_HAL_Driver/Src/stm32f4xx_ll_usb.c.obj
                0x080057ba                USB_GetDevSpeed
 .text.USB_EPStopXfer
                0x08005804      0x154 CMakeFiles/DMS-24-RTOS-VCU.dir/Drivers/STM32F4xx_HAL_Driver/Src/stm32f4xx_ll_usb.c.obj
                0x08005804                USB_EPStopXfer
 .text.USB_WritePacket
                0x08005958       0x7c CMakeFiles/DMS-24-RTOS-VCU.dir/Drivers/STM32F4xx_HAL_Driver/Src/stm32f4xx_ll_usb.c.obj
                0x08005958                USB_WritePacket
 .text.USB_ReadPacket
                0x080059d4       0xb0 CMakeFiles/DMS-24-RTOS-VCU.dir/Drivers/STM32F4xx_HAL_Driver/Src/stm32f4xx_ll_usb.c.obj
                0x080059d4                USB_ReadPacket
 .text.USB_DevDisconnect
                0x08005a84       0x42 CMakeFiles/DMS-24-RTOS-VCU.dir/Drivers/STM32F4xx_HAL_Driver/Src/stm32f4xx_ll_usb.c.obj
                0x08005a84                USB_DevDisconnect
 .text.USB_ReadInterrupts
                0x08005ac6       0x26 CMakeFiles/DMS-24-RTOS-VCU.dir/Drivers/STM32F4xx_HAL_Driver/Src/stm32f4xx_ll_usb.c.obj
                0x08005ac6                USB_ReadInterrupts
 .text.USB_ReadDevAllOutEpInterrupt
                0x08005aec       0x34 CMakeFiles/DMS-24-RTOS-VCU.dir/Drivers/STM32F4xx_HAL_Driver/Src/stm32f4xx_ll_usb.c.obj
                0x08005aec                USB_ReadDevAllOutEpInterrupt
 .text.USB_ReadDevAllInEpInterrupt
                0x08005b20       0x34 CMakeFiles/DMS-24-RTOS-VCU.dir/Drivers/STM32F4xx_HAL_Driver/Src/stm32f4xx_ll_usb.c.obj
                0x08005b20                USB_ReadDevAllInEpInterrupt
 .text.USB_ReadDevOutEPInterrupt
                0x08005b54       0x3c CMakeFiles/DMS-24-RTOS-VCU.dir/Drivers/STM32F4xx_HAL_Driver/Src/stm32f4xx_ll_usb.c.obj
                0x08005b54                USB_ReadDevOutEPInterrupt
 .text.USB_ReadDevInEPInterrupt
                0x08005b90       0x5c CMakeFiles/DMS-24-RTOS-VCU.dir/Drivers/STM32F4xx_HAL_Driver/Src/stm32f4xx_ll_usb.c.obj
                0x08005b90                USB_ReadDevInEPInterrupt
 .text.USB_GetMode
                0x08005bec       0x1c CMakeFiles/DMS-24-RTOS-VCU.dir/Drivers/STM32F4xx_HAL_Driver/Src/stm32f4xx_ll_usb.c.obj
                0x08005bec                USB_GetMode
 .text.USB_ActivateSetup
                0x08005c08       0x46 CMakeFiles/DMS-24-RTOS-VCU.dir/Drivers/STM32F4xx_HAL_Driver/Src/stm32f4xx_ll_usb.c.obj
                0x08005c08                USB_ActivateSetup
 *fill*         0x08005c4e        0x2 
 .text.USB_EP0_OutStart
                0x08005c50       0xbc CMakeFiles/DMS-24-RTOS-VCU.dir/Drivers/STM32F4xx_HAL_Driver/Src/stm32f4xx_ll_usb.c.obj
                0x08005c50                USB_EP0_OutStart
 .text.USB_CoreReset
                0x08005d0c       0x62 CMakeFiles/DMS-24-RTOS-VCU.dir/Drivers/STM32F4xx_HAL_Driver/Src/stm32f4xx_ll_usb.c.obj
 *fill*         0x08005d6e        0x2 
 .text.SystemInit
                0x08005d70       0x24 CMakeFiles/DMS-24-RTOS-VCU.dir/Core/Src/system_stm32f4xx.c.obj
                0x08005d70                SystemInit
 .text.vListInitialise
                0x08005d94       0x40 CMakeFiles/DMS-24-RTOS-VCU.dir/Middlewares/Third_Party/FreeRTOS/Source/list.c.obj
                0x08005d94                vListInitialise
 .text.vListInitialiseItem
                0x08005dd4       0x1a CMakeFiles/DMS-24-RTOS-VCU.dir/Middlewares/Third_Party/FreeRTOS/Source/list.c.obj
                0x08005dd4                vListInitialiseItem
 .text.vListInsertEnd
                0x08005dee       0x48 CMakeFiles/DMS-24-RTOS-VCU.dir/Middlewares/Third_Party/FreeRTOS/Source/list.c.obj
                0x08005dee                vListInsertEnd
 .text.vListInsert
                0x08005e36       0x72 CMakeFiles/DMS-24-RTOS-VCU.dir/Middlewares/Third_Party/FreeRTOS/Source/list.c.obj
                0x08005e36                vListInsert
 .text.uxListRemove
                0x08005ea8       0x54 CMakeFiles/DMS-24-RTOS-VCU.dir/Middlewares/Third_Party/FreeRTOS/Source/list.c.obj
                0x08005ea8                uxListRemove
 .text.xQueueGenericReset
                0x08005efc       0xd4 CMakeFiles/DMS-24-RTOS-VCU.dir/Middlewares/Third_Party/FreeRTOS/Source/queue.c.obj
                0x08005efc                xQueueGenericReset
 .text.xQueueGenericCreateStatic
                0x08005fd0       0xfa CMakeFiles/DMS-24-RTOS-VCU.dir/Middlewares/Third_Party/FreeRTOS/Source/queue.c.obj
                0x08005fd0                xQueueGenericCreateStatic
 .text.prvInitialiseNewQueue
                0x080060ca       0x46 CMakeFiles/DMS-24-RTOS-VCU.dir/Middlewares/Third_Party/FreeRTOS/Source/queue.c.obj
 .text.xQueueGenericSend
                0x08006110      0x204 CMakeFiles/DMS-24-RTOS-VCU.dir/Middlewares/Third_Party/FreeRTOS/Source/queue.c.obj
                0x08006110                xQueueGenericSend
 .text.xQueueGenericSendFromISR
                0x08006314      0x13c CMakeFiles/DMS-24-RTOS-VCU.dir/Middlewares/Third_Party/FreeRTOS/Source/queue.c.obj
                0x08006314                xQueueGenericSendFromISR
 .text.xQueueReceive
                0x08006450      0x1c4 CMakeFiles/DMS-24-RTOS-VCU.dir/Middlewares/Third_Party/FreeRTOS/Source/queue.c.obj
                0x08006450                xQueueReceive
 .text.prvCopyDataToQueue
                0x08006614       0xd4 CMakeFiles/DMS-24-RTOS-VCU.dir/Middlewares/Third_Party/FreeRTOS/Source/queue.c.obj
 .text.prvCopyDataFromQueue
                0x080066e8       0x4c CMakeFiles/DMS-24-RTOS-VCU.dir/Middlewares/Third_Party/FreeRTOS/Source/queue.c.obj
 .text.prvUnlockQueue
                0x08006734       0xa4 CMakeFiles/DMS-24-RTOS-VCU.dir/Middlewares/Third_Party/FreeRTOS/Source/queue.c.obj
 .text.prvIsQueueEmpty
                0x080067d8       0x2c CMakeFiles/DMS-24-RTOS-VCU.dir/Middlewares/Third_Party/FreeRTOS/Source/queue.c.obj
 .text.prvIsQueueFull
                0x08006804       0x30 CMakeFiles/DMS-24-RTOS-VCU.dir/Middlewares/Third_Party/FreeRTOS/Source/queue.c.obj
 .text.vQueueAddToRegistry
                0x08006834       0x54 CMakeFiles/DMS-24-RTOS-VCU.dir/Middlewares/Third_Party/FreeRTOS/Source/queue.c.obj
                0x08006834                vQueueAddToRegistry
 .text.vQueueWaitForMessageRestricted
                0x08006888       0x68 CMakeFiles/DMS-24-RTOS-VCU.dir/Middlewares/Third_Party/FreeRTOS/Source/queue.c.obj
                0x08006888                vQueueWaitForMessageRestricted
 .text.xTaskCreateStatic
                0x080068f0       0xc0 CMakeFiles/DMS-24-RTOS-VCU.dir/Middlewares/Third_Party/FreeRTOS/Source/tasks.c.obj
                0x080068f0                xTaskCreateStatic
 .text.xTaskCreate
                0x080069b0       0x8a CMakeFiles/DMS-24-RTOS-VCU.dir/Middlewares/Third_Party/FreeRTOS/Source/tasks.c.obj
                0x080069b0                xTaskCreate
 .text.prvInitialiseNewTask
                0x08006a3a      0x120 CMakeFiles/DMS-24-RTOS-VCU.dir/Middlewares/Third_Party/FreeRTOS/Source/tasks.c.obj
 *fill*         0x08006b5a        0x2 
 .text.prvAddNewTaskToReadyList
                0x08006b5c       0xe0 CMakeFiles/DMS-24-RTOS-VCU.dir/Middlewares/Third_Party/FreeRTOS/Source/tasks.c.obj
 .text.vTaskDelay
                0x08006c3c       0x6c CMakeFiles/DMS-24-RTOS-VCU.dir/Middlewares/Third_Party/FreeRTOS/Source/tasks.c.obj
                0x08006c3c                vTaskDelay
 .text.vTaskStartScheduler
                0x08006ca8       0xd0 CMakeFiles/DMS-24-RTOS-VCU.dir/Middlewares/Third_Party/FreeRTOS/Source/tasks.c.obj
                0x08006ca8                vTaskStartScheduler
 .text.vTaskSuspendAll
                0x08006d78       0x1c CMakeFiles/DMS-24-RTOS-VCU.dir/Middlewares/Third_Party/FreeRTOS/Source/tasks.c.obj
                0x08006d78                vTaskSuspendAll
 .text.xTaskResumeAll
                0x08006d94      0x13c CMakeFiles/DMS-24-RTOS-VCU.dir/Middlewares/Third_Party/FreeRTOS/Source/tasks.c.obj
                0x08006d94                xTaskResumeAll
 .text.xTaskGetTickCount
                0x08006ed0       0x20 CMakeFiles/DMS-24-RTOS-VCU.dir/Middlewares/Third_Party/FreeRTOS/Source/tasks.c.obj
                0x08006ed0                xTaskGetTickCount
 .text.xTaskIncrementTick
                0x08006ef0      0x174 CMakeFiles/DMS-24-RTOS-VCU.dir/Middlewares/Third_Party/FreeRTOS/Source/tasks.c.obj
                0x08006ef0                xTaskIncrementTick
 .text.vTaskSwitchContext
                0x08007064       0xbc CMakeFiles/DMS-24-RTOS-VCU.dir/Middlewares/Third_Party/FreeRTOS/Source/tasks.c.obj
                0x08007064                vTaskSwitchContext
 .text.vTaskPlaceOnEventList
                0x08007120       0x4c CMakeFiles/DMS-24-RTOS-VCU.dir/Middlewares/Third_Party/FreeRTOS/Source/tasks.c.obj
                0x08007120                vTaskPlaceOnEventList
 .text.vTaskPlaceOnEventListRestricted
                0x0800716c       0x58 CMakeFiles/DMS-24-RTOS-VCU.dir/Middlewares/Third_Party/FreeRTOS/Source/tasks.c.obj
                0x0800716c                vTaskPlaceOnEventListRestricted
 .text.xTaskRemoveFromEventList
                0x080071c4       0xc8 CMakeFiles/DMS-24-RTOS-VCU.dir/Middlewares/Third_Party/FreeRTOS/Source/tasks.c.obj
                0x080071c4                xTaskRemoveFromEventList
 .text.vTaskInternalSetTimeOutState
                0x0800728c       0x2c CMakeFiles/DMS-24-RTOS-VCU.dir/Middlewares/Third_Party/FreeRTOS/Source/tasks.c.obj
                0x0800728c                vTaskInternalSetTimeOutState
 .text.xTaskCheckForTimeOut
                0x080072b8       0xc8 CMakeFiles/DMS-24-RTOS-VCU.dir/Middlewares/Third_Party/FreeRTOS/Source/tasks.c.obj
                0x080072b8                xTaskCheckForTimeOut
 .text.vTaskMissedYield
                0x08007380       0x18 CMakeFiles/DMS-24-RTOS-VCU.dir/Middlewares/Third_Party/FreeRTOS/Source/tasks.c.obj
                0x08007380                vTaskMissedYield
 .text.prvIdleTask
                0x08007398       0x30 CMakeFiles/DMS-24-RTOS-VCU.dir/Middlewares/Third_Party/FreeRTOS/Source/tasks.c.obj
 .text.prvInitialiseTaskLists
                0x080073c8       0x80 CMakeFiles/DMS-24-RTOS-VCU.dir/Middlewares/Third_Party/FreeRTOS/Source/tasks.c.obj
 .text.prvCheckTasksWaitingTermination
                0x08007448       0x5c CMakeFiles/DMS-24-RTOS-VCU.dir/Middlewares/Third_Party/FreeRTOS/Source/tasks.c.obj
 .text.prvDeleteTCB
                0x080074a4       0x60 CMakeFiles/DMS-24-RTOS-VCU.dir/Middlewares/Third_Party/FreeRTOS/Source/tasks.c.obj
 .text.prvResetNextTaskUnblockTime
                0x08007504       0x40 CMakeFiles/DMS-24-RTOS-VCU.dir/Middlewares/Third_Party/FreeRTOS/Source/tasks.c.obj
 .text.xTaskGetSchedulerState
                0x08007544       0x3c CMakeFiles/DMS-24-RTOS-VCU.dir/Middlewares/Third_Party/FreeRTOS/Source/tasks.c.obj
                0x08007544                xTaskGetSchedulerState
 .text.xTaskPriorityDisinherit
                0x08007580       0xe0 CMakeFiles/DMS-24-RTOS-VCU.dir/Middlewares/Third_Party/FreeRTOS/Source/tasks.c.obj
                0x08007580                xTaskPriorityDisinherit
 .text.prvAddCurrentTaskToDelayedList
                0x08007660       0xa8 CMakeFiles/DMS-24-RTOS-VCU.dir/Middlewares/Third_Party/FreeRTOS/Source/tasks.c.obj
 .text.xTimerCreateTimerTask
                0x08007708       0x94 CMakeFiles/DMS-24-RTOS-VCU.dir/Middlewares/Third_Party/FreeRTOS/Source/timers.c.obj
                0x08007708                xTimerCreateTimerTask
 .text.xTimerGenericCommand
                0x0800779c       0x9c CMakeFiles/DMS-24-RTOS-VCU.dir/Middlewares/Third_Party/FreeRTOS/Source/timers.c.obj
                0x0800779c                xTimerGenericCommand
 .text.prvProcessExpiredTimer
                0x08007838       0x9c CMakeFiles/DMS-24-RTOS-VCU.dir/Middlewares/Third_Party/FreeRTOS/Source/timers.c.obj
 .text.prvTimerTask
                0x080078d4       0x26 CMakeFiles/DMS-24-RTOS-VCU.dir/Middlewares/Third_Party/FreeRTOS/Source/timers.c.obj
 *fill*         0x080078fa        0x2 
 .text.prvProcessTimerOrBlockTask
                0x080078fc       0x9c CMakeFiles/DMS-24-RTOS-VCU.dir/Middlewares/Third_Party/FreeRTOS/Source/timers.c.obj
 .text.prvGetNextExpireTime
                0x08007998       0x48 CMakeFiles/DMS-24-RTOS-VCU.dir/Middlewares/Third_Party/FreeRTOS/Source/timers.c.obj
 .text.prvSampleTimeNow
                0x080079e0       0x40 CMakeFiles/DMS-24-RTOS-VCU.dir/Middlewares/Third_Party/FreeRTOS/Source/timers.c.obj
 .text.prvInsertTimerInActiveList
                0x08007a20       0x84 CMakeFiles/DMS-24-RTOS-VCU.dir/Middlewares/Third_Party/FreeRTOS/Source/timers.c.obj
 .text.prvProcessReceivedCommands
                0x08007aa4      0x1cc CMakeFiles/DMS-24-RTOS-VCU.dir/Middlewares/Third_Party/FreeRTOS/Source/timers.c.obj
 .text.prvSwitchTimerLists
                0x08007c70       0xcc CMakeFiles/DMS-24-RTOS-VCU.dir/Middlewares/Third_Party/FreeRTOS/Source/timers.c.obj
 .text.prvCheckForValidListAndQueue
                0x08007d3c       0x80 CMakeFiles/DMS-24-RTOS-VCU.dir/Middlewares/Third_Party/FreeRTOS/Source/timers.c.obj
 .text.__NVIC_SetPriority
                0x08007dbc       0x54 CMakeFiles/DMS-24-RTOS-VCU.dir/Middlewares/Third_Party/FreeRTOS/Source/CMSIS_RTOS_V2/cmsis_os2.c.obj
 .text.SysTick_Handler
                0x08007e10       0x20 CMakeFiles/DMS-24-RTOS-VCU.dir/Middlewares/Third_Party/FreeRTOS/Source/CMSIS_RTOS_V2/cmsis_os2.c.obj
                0x08007e10                SysTick_Handler
 .text.SVC_Setup
                0x08007e30       0x12 CMakeFiles/DMS-24-RTOS-VCU.dir/Middlewares/Third_Party/FreeRTOS/Source/CMSIS_RTOS_V2/cmsis_os2.c.obj
 *fill*         0x08007e42        0x2 
 .text.osKernelInitialize
                0x08007e44       0x48 CMakeFiles/DMS-24-RTOS-VCU.dir/Middlewares/Third_Party/FreeRTOS/Source/CMSIS_RTOS_V2/cmsis_os2.c.obj
                0x08007e44                osKernelInitialize
 .text.osKernelStart
                0x08007e8c       0x4c CMakeFiles/DMS-24-RTOS-VCU.dir/Middlewares/Third_Party/FreeRTOS/Source/CMSIS_RTOS_V2/cmsis_os2.c.obj
                0x08007e8c                osKernelStart
 .text.osThreadNew
                0x08007ed8      0x124 CMakeFiles/DMS-24-RTOS-VCU.dir/Middlewares/Third_Party/FreeRTOS/Source/CMSIS_RTOS_V2/cmsis_os2.c.obj
                0x08007ed8                osThreadNew
 .text.osDelay  0x08007ffc       0x36 CMakeFiles/DMS-24-RTOS-VCU.dir/Middlewares/Third_Party/FreeRTOS/Source/CMSIS_RTOS_V2/cmsis_os2.c.obj
                0x08007ffc                osDelay
 *fill*         0x08008032        0x2 
 .text.vApplicationGetIdleTaskMemory
                0x08008034       0x34 CMakeFiles/DMS-24-RTOS-VCU.dir/Middlewares/Third_Party/FreeRTOS/Source/CMSIS_RTOS_V2/cmsis_os2.c.obj
                0x08008034                vApplicationGetIdleTaskMemory
 .text.vApplicationGetTimerTaskMemory
                0x08008068       0x34 CMakeFiles/DMS-24-RTOS-VCU.dir/Middlewares/Third_Party/FreeRTOS/Source/CMSIS_RTOS_V2/cmsis_os2.c.obj
                0x08008068                vApplicationGetTimerTaskMemory
 .text.pvPortMalloc
                0x0800809c      0x19c CMakeFiles/DMS-24-RTOS-VCU.dir/Middlewares/Third_Party/FreeRTOS/Source/portable/MemMang/heap_4.c.obj
                0x0800809c                pvPortMalloc
 .text.vPortFree
                0x08008238       0xc8 CMakeFiles/DMS-24-RTOS-VCU.dir/Middlewares/Third_Party/FreeRTOS/Source/portable/MemMang/heap_4.c.obj
                0x08008238                vPortFree
 .text.prvHeapInit
                0x08008300       0xc4 CMakeFiles/DMS-24-RTOS-VCU.dir/Middlewares/Third_Party/FreeRTOS/Source/portable/MemMang/heap_4.c.obj
 .text.prvInsertBlockIntoFreeList
                0x080083c4       0xb4 CMakeFiles/DMS-24-RTOS-VCU.dir/Middlewares/Third_Party/FreeRTOS/Source/portable/MemMang/heap_4.c.obj
 .text.pxPortInitialiseStack
                0x08008478       0x68 CMakeFiles/DMS-24-RTOS-VCU.dir/Middlewares/Third_Party/FreeRTOS/Source/portable/GCC/ARM_CM4F/port.c.obj
                0x08008478                pxPortInitialiseStack
 .text.prvTaskExitError
                0x080084e0       0x5c CMakeFiles/DMS-24-RTOS-VCU.dir/Middlewares/Third_Party/FreeRTOS/Source/portable/GCC/ARM_CM4F/port.c.obj
 *fill*         0x0800853c        0x4 
 .text.SVC_Handler
                0x08008540       0x28 CMakeFiles/DMS-24-RTOS-VCU.dir/Middlewares/Third_Party/FreeRTOS/Source/portable/GCC/ARM_CM4F/port.c.obj
                0x08008540                SVC_Handler
 .text.prvPortStartFirstTask
                0x08008568       0x28 CMakeFiles/DMS-24-RTOS-VCU.dir/Middlewares/Third_Party/FreeRTOS/Source/portable/GCC/ARM_CM4F/port.c.obj
 .text.xPortStartScheduler
                0x08008590      0x148 CMakeFiles/DMS-24-RTOS-VCU.dir/Middlewares/Third_Party/FreeRTOS/Source/portable/GCC/ARM_CM4F/port.c.obj
                0x08008590                xPortStartScheduler
 .text.vPortEnterCritical
                0x080086d8       0x64 CMakeFiles/DMS-24-RTOS-VCU.dir/Middlewares/Third_Party/FreeRTOS/Source/portable/GCC/ARM_CM4F/port.c.obj
                0x080086d8                vPortEnterCritical
 .text.vPortExitCritical
                0x0800873c       0x54 CMakeFiles/DMS-24-RTOS-VCU.dir/Middlewares/Third_Party/FreeRTOS/Source/portable/GCC/ARM_CM4F/port.c.obj
                0x0800873c                vPortExitCritical
 .text.PendSV_Handler
                0x08008790       0x68 CMakeFiles/DMS-24-RTOS-VCU.dir/Middlewares/Third_Party/FreeRTOS/Source/portable/GCC/ARM_CM4F/port.c.obj
                0x08008790                PendSV_Handler
 .text.xPortSysTickHandler
                0x080087f8       0x44 CMakeFiles/DMS-24-RTOS-VCU.dir/Middlewares/Third_Party/FreeRTOS/Source/portable/GCC/ARM_CM4F/port.c.obj
                0x080087f8                xPortSysTickHandler
 .text.vPortSetupTimerInterrupt
                0x0800883c       0x48 CMakeFiles/DMS-24-RTOS-VCU.dir/Middlewares/Third_Party/FreeRTOS/Source/portable/GCC/ARM_CM4F/port.c.obj
                0x0800883c                vPortSetupTimerInterrupt
 .text.vPortEnableVFP
                0x08008884       0x14 CMakeFiles/DMS-24-RTOS-VCU.dir/Middlewares/Third_Party/FreeRTOS/Source/portable/GCC/ARM_CM4F/port.c.obj
 .text.vPortValidateInterruptPriority
                0x08008898       0x84 CMakeFiles/DMS-24-RTOS-VCU.dir/Middlewares/Third_Party/FreeRTOS/Source/portable/GCC/ARM_CM4F/port.c.obj
                0x08008898                vPortValidateInterruptPriority
 .text.Reset_Handler
                0x0800891c       0x50 CMakeFiles/DMS-24-RTOS-VCU.dir/startup_stm32f407xx.s.obj
                0x0800891c                Reset_Handler
 .text.Default_Handler
                0x0800896c        0x2 CMakeFiles/DMS-24-RTOS-VCU.dir/startup_stm32f407xx.s.obj
                0x0800896c                RTC_Alarm_IRQHandler
                0x0800896c                HASH_RNG_IRQHandler
                0x0800896c                EXTI2_IRQHandler
                0x0800896c                TIM8_CC_IRQHandler
                0x0800896c                TIM1_CC_IRQHandler
                0x0800896c                DMA2_Stream5_IRQHandler
                0x0800896c                DMA1_Stream5_IRQHandler
                0x0800896c                PVD_IRQHandler
                0x0800896c                SDIO_IRQHandler
                0x0800896c                TAMP_STAMP_IRQHandler
                0x0800896c                CAN2_RX1_IRQHandler
                0x0800896c                EXTI3_IRQHandler
                0x0800896c                TIM8_TRG_COM_TIM14_IRQHandler
                0x0800896c                TIM1_UP_TIM10_IRQHandler
                0x0800896c                TIM8_UP_TIM13_IRQHandler
                0x0800896c                I2C3_ER_IRQHandler
                0x0800896c                EXTI0_IRQHandler
                0x0800896c                I2C2_EV_IRQHandler
                0x0800896c                DMA1_Stream2_IRQHandler
                0x0800896c                CAN1_RX0_IRQHandler
                0x0800896c                FPU_IRQHandler
                0x0800896c                OTG_HS_WKUP_IRQHandler
                0x0800896c                CAN2_SCE_IRQHandler
                0x0800896c                DMA2_Stream2_IRQHandler
                0x0800896c                SPI1_IRQHandler
                0x0800896c                TIM1_BRK_TIM9_IRQHandler
                0x0800896c                DCMI_IRQHandler
                0x0800896c                CAN2_RX0_IRQHandler
                0x0800896c                DMA2_Stream3_IRQHandler
                0x0800896c                USART6_IRQHandler
                0x0800896c                USART3_IRQHandler
                0x0800896c                CAN1_RX1_IRQHandler
                0x0800896c                UART5_IRQHandler
                0x0800896c                TIM4_IRQHandler
                0x0800896c                I2C1_EV_IRQHandler
                0x0800896c                DMA1_Stream6_IRQHandler
                0x0800896c                DMA1_Stream1_IRQHandler
                0x0800896c                UART4_IRQHandler
                0x0800896c                TIM3_IRQHandler
                0x0800896c                RCC_IRQHandler
                0x0800896c                TIM8_BRK_TIM12_IRQHandler
                0x0800896c                Default_Handler
                0x0800896c                EXTI15_10_IRQHandler
                0x0800896c                DMA1_Stream7_IRQHandler
                0x0800896c                TIM7_IRQHandler
                0x0800896c                CAN2_TX_IRQHandler
                0x0800896c                TIM5_IRQHandler
                0x0800896c                DMA2_Stream7_IRQHandler
                0x0800896c                I2C3_EV_IRQHandler
                0x0800896c                EXTI9_5_IRQHandler
                0x0800896c                RTC_WKUP_IRQHandler
                0x0800896c                ETH_WKUP_IRQHandler
                0x0800896c                SPI2_IRQHandler
                0x0800896c                OTG_HS_EP1_IN_IRQHandler
                0x0800896c                DMA1_Stream0_IRQHandler
                0x0800896c                CAN1_TX_IRQHandler
                0x0800896c                EXTI4_IRQHandler
                0x0800896c                FSMC_IRQHandler
                0x0800896c                ETH_IRQHandler
                0x0800896c                OTG_HS_EP1_OUT_IRQHandler
                0x0800896c                WWDG_IRQHandler
                0x0800896c                TIM2_IRQHandler
                0x0800896c                OTG_FS_WKUP_IRQHandler
                0x0800896c                TIM1_TRG_COM_TIM11_IRQHandler
                0x0800896c                OTG_HS_IRQHandler
                0x0800896c                EXTI1_IRQHandler
                0x0800896c                USART2_IRQHandler
                0x0800896c                I2C2_ER_IRQHandler
                0x0800896c                DMA2_Stream1_IRQHandler
                0x0800896c                CAN1_SCE_IRQHandler
                0x0800896c                FLASH_IRQHandler
                0x0800896c                DMA2_Stream4_IRQHandler
                0x0800896c                USART1_IRQHandler
                0x0800896c                SPI3_IRQHandler
                0x0800896c                DMA1_Stream4_IRQHandler
                0x0800896c                I2C1_ER_IRQHandler
                0x0800896c                DMA2_Stream6_IRQHandler
                0x0800896c                DMA1_Stream3_IRQHandler
 *fill*         0x0800896e        0x2 
 .text.app_config
                0x08008970       0x18 CMakeFiles/DMS-24-RTOS-VCU.dir/Core/Src/app_main.c.obj
                0x08008970                app_config
 .text.sensor_int
                0x08008988        0xe CMakeFiles/DMS-24-RTOS-VCU.dir/Core/Src/sensor_input.c.obj
                0x08008988                sensor_int
 *fill*         0x08008996        0x2 
 .text.status_leds_entry
                0x08008998       0x20 CMakeFiles/DMS-24-RTOS-VCU.dir/Core/Src/sensor_input.c.obj
                0x08008998                status_leds_entry
 .text.sensor_input_entry
                0x080089b8       0x10 CMakeFiles/DMS-24-RTOS-VCU.dir/Core/Src/sensor_input.c.obj
                0x080089b8                sensor_input_entry
 .text.sensor_init
                0x080089c8       0x1c CMakeFiles/DMS-24-RTOS-VCU.dir/Core/Src/sensor_input.c.obj
                0x080089c8                sensor_init
 .text.HAL_ADC_ConvHalfCpltCallback
                0x080089e4       0x14 CMakeFiles/DMS-24-RTOS-VCU.dir/Core/Src/sensor_input.c.obj
                0x080089e4                HAL_ADC_ConvHalfCpltCallback
 .text.HAL_ADC_ConvCpltCallback
                0x080089f8       0x20 CMakeFiles/DMS-24-RTOS-VCU.dir/Core/Src/sensor_input.c.obj
                0x080089f8                HAL_ADC_ConvCpltCallback
 .text.memcpy   0x08008a18       0x1c C:/ST/STM32CubeCLT_1.15.1/GNU-tools-for-STM32/bin/../lib/gcc/arm-none-eabi/12.3.1/../../../../arm-none-eabi/lib/thumb/v7e-m+fp/hard\libg_nano.a(libc_a-memcpy-stub.o)
                0x08008a18                memcpy
 *(.glue_7)
 .glue_7        0x08008a34        0x0 linker stubs
 *(.glue_7t)
 .glue_7t       0x08008a34        0x0 linker stubs
 *(.eh_frame)
 .eh_frame      0x08008a34        0x0 C:/ST/STM32CubeCLT_1.15.1/GNU-tools-for-STM32/bin/../lib/gcc/arm-none-eabi/12.3.1/thumb/v7e-m+fp/hard/crtbegin.o
 *(.init)
 .init          0x08008a34        0x4 C:/ST/STM32CubeCLT_1.15.1/GNU-tools-for-STM32/bin/../lib/gcc/arm-none-eabi/12.3.1/thumb/v7e-m+fp/hard/crti.o
                0x08008a34                _init
 .init          0x08008a38        0x8 C:/ST/STM32CubeCLT_1.15.1/GNU-tools-for-STM32/bin/../lib/gcc/arm-none-eabi/12.3.1/thumb/v7e-m+fp/hard/crtn.o
 *(.fini)
 .fini          0x08008a40        0x4 C:/ST/STM32CubeCLT_1.15.1/GNU-tools-for-STM32/bin/../lib/gcc/arm-none-eabi/12.3.1/thumb/v7e-m+fp/hard/crti.o
                0x08008a40                _fini
 .fini          0x08008a44        0x8 C:/ST/STM32CubeCLT_1.15.1/GNU-tools-for-STM32/bin/../lib/gcc/arm-none-eabi/12.3.1/thumb/v7e-m+fp/hard/crtn.o
                0x08008a4c                        . = ALIGN (0x4)
                0x08008a4c                        _etext = .

.vfp11_veneer   0x08008a4c        0x0
 .vfp11_veneer  0x08008a4c        0x0 linker stubs

.v4_bx          0x08008a4c        0x0
 .v4_bx         0x08008a4c        0x0 linker stubs

.iplt           0x08008a4c        0x0
 .iplt          0x08008a4c        0x0 C:/ST/STM32CubeCLT_1.15.1/GNU-tools-for-STM32/bin/../lib/gcc/arm-none-eabi/12.3.1/thumb/v7e-m+fp/hard/crtbegin.o

.rodata         0x08008a4c       0x9c
                0x08008a4c                        . = ALIGN (0x4)
 *(.rodata)
 .rodata        0x08008a4c       0x19 CMakeFiles/DMS-24-RTOS-VCU.dir/Core/Src/freertos.c.obj
 *fill*         0x08008a65        0x3 
 .rodata        0x08008a68        0x5 CMakeFiles/DMS-24-RTOS-VCU.dir/Middlewares/Third_Party/FreeRTOS/Source/tasks.c.obj
 *fill*         0x08008a6d        0x3 
 .rodata        0x08008a70        0xd CMakeFiles/DMS-24-RTOS-VCU.dir/Middlewares/Third_Party/FreeRTOS/Source/timers.c.obj
 *(.rodata*)
 *fill*         0x08008a7d        0x3 
 .rodata.status_leds_attributes
                0x08008a80       0x24 CMakeFiles/DMS-24-RTOS-VCU.dir/Core/Src/freertos.c.obj
                0x08008a80                status_leds_attributes
 .rodata.sensor_input_attributes
                0x08008aa4       0x24 CMakeFiles/DMS-24-RTOS-VCU.dir/Core/Src/freertos.c.obj
                0x08008aa4                sensor_input_attributes
 .rodata.flagBitshiftOffset.0
                0x08008ac8        0x8 CMakeFiles/DMS-24-RTOS-VCU.dir/Drivers/STM32F4xx_HAL_Driver/Src/stm32f4xx_hal_dma.c.obj
 .rodata.AHBPrescTable
                0x08008ad0       0x10 CMakeFiles/DMS-24-RTOS-VCU.dir/Core/Src/system_stm32f4xx.c.obj
                0x08008ad0                AHBPrescTable
 .rodata.APBPrescTable
                0x08008ae0        0x8 CMakeFiles/DMS-24-RTOS-VCU.dir/Core/Src/system_stm32f4xx.c.obj
                0x08008ae0                APBPrescTable
                0x08008ae8                        . = ALIGN (0x4)

.ARM.extab
 *(.ARM.extab* .gnu.linkonce.armextab.*)

.ARM            0x08008ae8        0x8
                0x08008ae8                        __exidx_start = .
 *(.ARM.exidx*)
 .ARM.exidx     0x08008ae8        0x8 C:/ST/STM32CubeCLT_1.15.1/GNU-tools-for-STM32/bin/../lib/gcc/arm-none-eabi/12.3.1/thumb/v7e-m+fp/hard\libgcc.a(_udivmoddi4.o)
                0x08008af0                        __exidx_end = .

.rel.dyn        0x08008af0        0x0
 .rel.iplt      0x08008af0        0x0 C:/ST/STM32CubeCLT_1.15.1/GNU-tools-for-STM32/bin/../lib/gcc/arm-none-eabi/12.3.1/thumb/v7e-m+fp/hard/crtbegin.o

.preinit_array  0x08008af0        0x0
                0x08008af0                        PROVIDE (__preinit_array_start = .)
 *(.preinit_array*)
                0x08008af0                        PROVIDE (__preinit_array_end = .)

.init_array     0x08008af0        0x4
                0x08008af0                        PROVIDE (__init_array_start = .)
 *(SORT_BY_NAME(.init_array.*))
 *(.init_array*)
 .init_array    0x08008af0        0x4 C:/ST/STM32CubeCLT_1.15.1/GNU-tools-for-STM32/bin/../lib/gcc/arm-none-eabi/12.3.1/thumb/v7e-m+fp/hard/crtbegin.o
                0x08008af4                        PROVIDE (__init_array_end = .)

.fini_array     0x08008af4        0x4
                [!provide]                        PROVIDE (__fini_array_start = .)
 *(SORT_BY_NAME(.fini_array.*))
 *(.fini_array*)
 .fini_array    0x08008af4        0x4 C:/ST/STM32CubeCLT_1.15.1/GNU-tools-for-STM32/bin/../lib/gcc/arm-none-eabi/12.3.1/thumb/v7e-m+fp/hard/crtbegin.o
                [!provide]                        PROVIDE (__fini_array_end = .)
                0x08008af8                        _sidata = LOADADDR (.data)

.data           0x20000000       0x10 load address 0x08008af8
                0x20000000                        . = ALIGN (0x4)
                0x20000000                        _sdata = .
 *(.data)
 *(.data*)
 .data.uwTickPrio
                0x20000000        0x4 CMakeFiles/DMS-24-RTOS-VCU.dir/Drivers/STM32F4xx_HAL_Driver/Src/stm32f4xx_hal.c.obj
                0x20000000                uwTickPrio
 .data.uwTickFreq
                0x20000004        0x1 CMakeFiles/DMS-24-RTOS-VCU.dir/Drivers/STM32F4xx_HAL_Driver/Src/stm32f4xx_hal.c.obj
                0x20000004                uwTickFreq
 *fill*         0x20000005        0x3 
 .data.SystemCoreClock
                0x20000008        0x4 CMakeFiles/DMS-24-RTOS-VCU.dir/Core/Src/system_stm32f4xx.c.obj
                0x20000008                SystemCoreClock
 .data.uxCriticalNesting
                0x2000000c        0x4 CMakeFiles/DMS-24-RTOS-VCU.dir/Middlewares/Third_Party/FreeRTOS/Source/portable/GCC/ARM_CM4F/port.c.obj
                0x20000010                        . = ALIGN (0x4)
                0x20000010                        _edata = .
                0x08008b08                        _siccmram = LOADADDR (.ccmram)

.igot.plt       0x20000010        0x0 load address 0x08008b08
 .igot.plt      0x20000010        0x0 C:/ST/STM32CubeCLT_1.15.1/GNU-tools-for-STM32/bin/../lib/gcc/arm-none-eabi/12.3.1/thumb/v7e-m+fp/hard/crtbegin.o

.ccmram         0x10000000        0x0 load address 0x08008b08
                0x10000000                        . = ALIGN (0x4)
                0x10000000                        _sccmram = .
 *(.ccmram)
 *(.ccmram*)
                0x10000000                        . = ALIGN (0x4)
                0x10000000                        _eccmram = .
                0x10000000                        . = ALIGN (0x4)

.bss            0x20000010     0x5008
                0x20000010                        _sbss = .
                0x20000010                        __bss_start__ = _sbss
 *(.bss)
 .bss           0x20000010       0x1c C:/ST/STM32CubeCLT_1.15.1/GNU-tools-for-STM32/bin/../lib/gcc/arm-none-eabi/12.3.1/thumb/v7e-m+fp/hard/crtbegin.o
 *(.bss*)
 .bss.status_ledsHandle
                0x2000002c        0x4 CMakeFiles/DMS-24-RTOS-VCU.dir/Core/Src/freertos.c.obj
                0x2000002c                status_ledsHandle
 .bss.sensor_inputHandle
                0x20000030        0x4 CMakeFiles/DMS-24-RTOS-VCU.dir/Core/Src/freertos.c.obj
                0x20000030                sensor_inputHandle
 .bss.hadc1     0x20000034       0x48 CMakeFiles/DMS-24-RTOS-VCU.dir/Core/Src/adc.c.obj
                0x20000034                hadc1
 .bss.hdma_adc1
                0x2000007c       0x60 CMakeFiles/DMS-24-RTOS-VCU.dir/Core/Src/adc.c.obj
                0x2000007c                hdma_adc1
 .bss.hdac      0x200000dc       0x14 CMakeFiles/DMS-24-RTOS-VCU.dir/Core/Src/dac.c.obj
                0x200000dc                hdac
 .bss.hspi1     0x200000f0       0x58 CMakeFiles/DMS-24-RTOS-VCU.dir/Core/Src/spi.c.obj
                0x200000f0                hspi1
 .bss.htim2     0x20000148       0x48 CMakeFiles/DMS-24-RTOS-VCU.dir/Core/Src/tim.c.obj
                0x20000148                htim2
 .bss.hpcd_USB_OTG_FS
                0x20000190      0x4e4 CMakeFiles/DMS-24-RTOS-VCU.dir/Core/Src/usb_otg.c.obj
                0x20000190                hpcd_USB_OTG_FS
 .bss.htim6     0x20000674       0x48 CMakeFiles/DMS-24-RTOS-VCU.dir/Core/Src/stm32f4xx_hal_timebase_tim.c.obj
                0x20000674                htim6
 .bss.uwTick    0x200006bc        0x4 CMakeFiles/DMS-24-RTOS-VCU.dir/Drivers/STM32F4xx_HAL_Driver/Src/stm32f4xx_hal.c.obj
                0x200006bc                uwTick
 .bss.xQueueRegistry
                0x200006c0       0x40 CMakeFiles/DMS-24-RTOS-VCU.dir/Middlewares/Third_Party/FreeRTOS/Source/queue.c.obj
                0x200006c0                xQueueRegistry
 .bss.pxCurrentTCB
                0x20000700        0x4 CMakeFiles/DMS-24-RTOS-VCU.dir/Middlewares/Third_Party/FreeRTOS/Source/tasks.c.obj
                0x20000700                pxCurrentTCB
 .bss.pxReadyTasksLists
                0x20000704      0x460 CMakeFiles/DMS-24-RTOS-VCU.dir/Middlewares/Third_Party/FreeRTOS/Source/tasks.c.obj
 .bss.xDelayedTaskList1
                0x20000b64       0x14 CMakeFiles/DMS-24-RTOS-VCU.dir/Middlewares/Third_Party/FreeRTOS/Source/tasks.c.obj
 .bss.xDelayedTaskList2
                0x20000b78       0x14 CMakeFiles/DMS-24-RTOS-VCU.dir/Middlewares/Third_Party/FreeRTOS/Source/tasks.c.obj
 .bss.pxDelayedTaskList
                0x20000b8c        0x4 CMakeFiles/DMS-24-RTOS-VCU.dir/Middlewares/Third_Party/FreeRTOS/Source/tasks.c.obj
 .bss.pxOverflowDelayedTaskList
                0x20000b90        0x4 CMakeFiles/DMS-24-RTOS-VCU.dir/Middlewares/Third_Party/FreeRTOS/Source/tasks.c.obj
 .bss.xPendingReadyList
                0x20000b94       0x14 CMakeFiles/DMS-24-RTOS-VCU.dir/Middlewares/Third_Party/FreeRTOS/Source/tasks.c.obj
 .bss.xTasksWaitingTermination
                0x20000ba8       0x14 CMakeFiles/DMS-24-RTOS-VCU.dir/Middlewares/Third_Party/FreeRTOS/Source/tasks.c.obj
 .bss.uxDeletedTasksWaitingCleanUp
                0x20000bbc        0x4 CMakeFiles/DMS-24-RTOS-VCU.dir/Middlewares/Third_Party/FreeRTOS/Source/tasks.c.obj
 .bss.xSuspendedTaskList
                0x20000bc0       0x14 CMakeFiles/DMS-24-RTOS-VCU.dir/Middlewares/Third_Party/FreeRTOS/Source/tasks.c.obj
 .bss.uxCurrentNumberOfTasks
                0x20000bd4        0x4 CMakeFiles/DMS-24-RTOS-VCU.dir/Middlewares/Third_Party/FreeRTOS/Source/tasks.c.obj
 .bss.xTickCount
                0x20000bd8        0x4 CMakeFiles/DMS-24-RTOS-VCU.dir/Middlewares/Third_Party/FreeRTOS/Source/tasks.c.obj
 .bss.uxTopReadyPriority
                0x20000bdc        0x4 CMakeFiles/DMS-24-RTOS-VCU.dir/Middlewares/Third_Party/FreeRTOS/Source/tasks.c.obj
 .bss.xSchedulerRunning
                0x20000be0        0x4 CMakeFiles/DMS-24-RTOS-VCU.dir/Middlewares/Third_Party/FreeRTOS/Source/tasks.c.obj
 .bss.xPendedTicks
                0x20000be4        0x4 CMakeFiles/DMS-24-RTOS-VCU.dir/Middlewares/Third_Party/FreeRTOS/Source/tasks.c.obj
 .bss.xYieldPending
                0x20000be8        0x4 CMakeFiles/DMS-24-RTOS-VCU.dir/Middlewares/Third_Party/FreeRTOS/Source/tasks.c.obj
 .bss.xNumOfOverflows
                0x20000bec        0x4 CMakeFiles/DMS-24-RTOS-VCU.dir/Middlewares/Third_Party/FreeRTOS/Source/tasks.c.obj
 .bss.uxTaskNumber
                0x20000bf0        0x4 CMakeFiles/DMS-24-RTOS-VCU.dir/Middlewares/Third_Party/FreeRTOS/Source/tasks.c.obj
 .bss.xNextTaskUnblockTime
                0x20000bf4        0x4 CMakeFiles/DMS-24-RTOS-VCU.dir/Middlewares/Third_Party/FreeRTOS/Source/tasks.c.obj
 .bss.xIdleTaskHandle
                0x20000bf8        0x4 CMakeFiles/DMS-24-RTOS-VCU.dir/Middlewares/Third_Party/FreeRTOS/Source/tasks.c.obj
 .bss.uxSchedulerSuspended
                0x20000bfc        0x4 CMakeFiles/DMS-24-RTOS-VCU.dir/Middlewares/Third_Party/FreeRTOS/Source/tasks.c.obj
 .bss.xActiveTimerList1
                0x20000c00       0x14 CMakeFiles/DMS-24-RTOS-VCU.dir/Middlewares/Third_Party/FreeRTOS/Source/timers.c.obj
 .bss.xActiveTimerList2
                0x20000c14       0x14 CMakeFiles/DMS-24-RTOS-VCU.dir/Middlewares/Third_Party/FreeRTOS/Source/timers.c.obj
 .bss.pxCurrentTimerList
                0x20000c28        0x4 CMakeFiles/DMS-24-RTOS-VCU.dir/Middlewares/Third_Party/FreeRTOS/Source/timers.c.obj
 .bss.pxOverflowTimerList
                0x20000c2c        0x4 CMakeFiles/DMS-24-RTOS-VCU.dir/Middlewares/Third_Party/FreeRTOS/Source/timers.c.obj
 .bss.xTimerQueue
                0x20000c30        0x4 CMakeFiles/DMS-24-RTOS-VCU.dir/Middlewares/Third_Party/FreeRTOS/Source/timers.c.obj
 .bss.xTimerTaskHandle
                0x20000c34        0x4 CMakeFiles/DMS-24-RTOS-VCU.dir/Middlewares/Third_Party/FreeRTOS/Source/timers.c.obj
 .bss.xLastTime.2
                0x20000c38        0x4 CMakeFiles/DMS-24-RTOS-VCU.dir/Middlewares/Third_Party/FreeRTOS/Source/timers.c.obj
 .bss.ucStaticTimerQueueStorage.1
                0x20000c3c       0xa0 CMakeFiles/DMS-24-RTOS-VCU.dir/Middlewares/Third_Party/FreeRTOS/Source/timers.c.obj
 .bss.xStaticTimerQueue.0
                0x20000cdc       0x50 CMakeFiles/DMS-24-RTOS-VCU.dir/Middlewares/Third_Party/FreeRTOS/Source/timers.c.obj
 .bss.KernelState
                0x20000d2c        0x4 CMakeFiles/DMS-24-RTOS-VCU.dir/Middlewares/Third_Party/FreeRTOS/Source/CMSIS_RTOS_V2/cmsis_os2.c.obj
 .bss.Idle_TCB.3
                0x20000d30       0x5c CMakeFiles/DMS-24-RTOS-VCU.dir/Middlewares/Third_Party/FreeRTOS/Source/CMSIS_RTOS_V2/cmsis_os2.c.obj
 .bss.Idle_Stack.2
                0x20000d8c      0x200 CMakeFiles/DMS-24-RTOS-VCU.dir/Middlewares/Third_Party/FreeRTOS/Source/CMSIS_RTOS_V2/cmsis_os2.c.obj
 .bss.Timer_TCB.1
                0x20000f8c       0x5c CMakeFiles/DMS-24-RTOS-VCU.dir/Middlewares/Third_Party/FreeRTOS/Source/CMSIS_RTOS_V2/cmsis_os2.c.obj
 .bss.Timer_Stack.0
                0x20000fe8      0x400 CMakeFiles/DMS-24-RTOS-VCU.dir/Middlewares/Third_Party/FreeRTOS/Source/CMSIS_RTOS_V2/cmsis_os2.c.obj
 .bss.ucHeap    0x200013e8     0x3c00 CMakeFiles/DMS-24-RTOS-VCU.dir/Middlewares/Third_Party/FreeRTOS/Source/portable/MemMang/heap_4.c.obj
 .bss.xStart    0x20004fe8        0x8 CMakeFiles/DMS-24-RTOS-VCU.dir/Middlewares/Third_Party/FreeRTOS/Source/portable/MemMang/heap_4.c.obj
 .bss.pxEnd     0x20004ff0        0x4 CMakeFiles/DMS-24-RTOS-VCU.dir/Middlewares/Third_Party/FreeRTOS/Source/portable/MemMang/heap_4.c.obj
 .bss.xFreeBytesRemaining
                0x20004ff4        0x4 CMakeFiles/DMS-24-RTOS-VCU.dir/Middlewares/Third_Party/FreeRTOS/Source/portable/MemMang/heap_4.c.obj
 .bss.xMinimumEverFreeBytesRemaining
                0x20004ff8        0x4 CMakeFiles/DMS-24-RTOS-VCU.dir/Middlewares/Third_Party/FreeRTOS/Source/portable/MemMang/heap_4.c.obj
 .bss.xNumberOfSuccessfulAllocations
                0x20004ffc        0x4 CMakeFiles/DMS-24-RTOS-VCU.dir/Middlewares/Third_Party/FreeRTOS/Source/portable/MemMang/heap_4.c.obj
 .bss.xNumberOfSuccessfulFrees
                0x20005000        0x4 CMakeFiles/DMS-24-RTOS-VCU.dir/Middlewares/Third_Party/FreeRTOS/Source/portable/MemMang/heap_4.c.obj
 .bss.xBlockAllocatedBit
                0x20005004        0x4 CMakeFiles/DMS-24-RTOS-VCU.dir/Middlewares/Third_Party/FreeRTOS/Source/portable/MemMang/heap_4.c.obj
 .bss.ucMaxSysCallPriority
                0x20005008        0x1 CMakeFiles/DMS-24-RTOS-VCU.dir/Middlewares/Third_Party/FreeRTOS/Source/portable/GCC/ARM_CM4F/port.c.obj
 *fill*         0x20005009        0x3 
 .bss.ulMaxPRIGROUPValue
                0x2000500c        0x4 CMakeFiles/DMS-24-RTOS-VCU.dir/Middlewares/Third_Party/FreeRTOS/Source/portable/GCC/ARM_CM4F/port.c.obj
 .bss.adc_buf   0x20005010        0x6 CMakeFiles/DMS-24-RTOS-VCU.dir/Core/Src/sensor_input.c.obj
                0x20005010                adc_buf
 *(COMMON)
                0x20005018                        . = ALIGN (0x4)
 *fill*         0x20005016        0x2 
                0x20005018                        _ebss = .
                0x20005018                        __bss_end__ = _ebss

._user_heap_stack
                0x20005018      0x600
                0x20005018                        . = ALIGN (0x8)
                [!provide]                        PROVIDE (end = .)
                0x20005018                        PROVIDE (_end = .)
                0x20005218                        . = (. + _Min_Heap_Size)
 *fill*         0x20005018      0x200 
                0x20005618                        . = (. + _Min_Stack_Size)
 *fill*         0x20005218      0x400 
                0x20005618                        . = ALIGN (0x8)

/DISCARD/
 libc.a(*)
 libm.a(*)
 libgcc.a(*)

.ARM.attributes
                0x00000000       0x30
 *(.ARM.attributes)
 .ARM.attributes
                0x00000000       0x22 C:/ST/STM32CubeCLT_1.15.1/GNU-tools-for-STM32/bin/../lib/gcc/arm-none-eabi/12.3.1/thumb/v7e-m+fp/hard/crti.o
 .ARM.attributes
                0x00000022       0x34 C:/ST/STM32CubeCLT_1.15.1/GNU-tools-for-STM32/bin/../lib/gcc/arm-none-eabi/12.3.1/thumb/v7e-m+fp/hard/crtbegin.o
 .ARM.attributes
                0x00000056       0x34 C:/ST/STM32CubeCLT_1.15.1/GNU-tools-for-STM32/bin/../lib/gcc/arm-none-eabi/12.3.1/../../../../arm-none-eabi/lib/thumb/v7e-m+fp/hard\libc_nano.a(libc_a-memset.o)
 .ARM.attributes
                0x0000008a       0x34 C:/ST/STM32CubeCLT_1.15.1/GNU-tools-for-STM32/bin/../lib/gcc/arm-none-eabi/12.3.1/../../../../arm-none-eabi/lib/thumb/v7e-m+fp/hard\libc_nano.a(libc_a-init.o)
 .ARM.attributes
                0x000000be       0x34 CMakeFiles/DMS-24-RTOS-VCU.dir/Core/Src/main.c.obj
 .ARM.attributes
                0x000000f2       0x34 CMakeFiles/DMS-24-RTOS-VCU.dir/Core/Src/gpio.c.obj
 .ARM.attributes
                0x00000126       0x34 CMakeFiles/DMS-24-RTOS-VCU.dir/Core/Src/freertos.c.obj
 .ARM.attributes
                0x0000015a       0x34 CMakeFiles/DMS-24-RTOS-VCU.dir/Core/Src/adc.c.obj
 .ARM.attributes
                0x0000018e       0x34 CMakeFiles/DMS-24-RTOS-VCU.dir/Core/Src/dac.c.obj
 .ARM.attributes
                0x000001c2       0x34 CMakeFiles/DMS-24-RTOS-VCU.dir/Core/Src/dma.c.obj
 .ARM.attributes
                0x000001f6       0x34 CMakeFiles/DMS-24-RTOS-VCU.dir/Core/Src/spi.c.obj
 .ARM.attributes
                0x0000022a       0x34 CMakeFiles/DMS-24-RTOS-VCU.dir/Core/Src/tim.c.obj
 .ARM.attributes
                0x0000025e       0x34 CMakeFiles/DMS-24-RTOS-VCU.dir/Core/Src/usb_otg.c.obj
 .ARM.attributes
                0x00000292       0x34 CMakeFiles/DMS-24-RTOS-VCU.dir/Core/Src/stm32f4xx_it.c.obj
 .ARM.attributes
                0x000002c6       0x34 CMakeFiles/DMS-24-RTOS-VCU.dir/Core/Src/stm32f4xx_hal_msp.c.obj
 .ARM.attributes
                0x000002fa       0x34 CMakeFiles/DMS-24-RTOS-VCU.dir/Core/Src/stm32f4xx_hal_timebase_tim.c.obj
 .ARM.attributes
                0x0000032e       0x34 CMakeFiles/DMS-24-RTOS-VCU.dir/Drivers/STM32F4xx_HAL_Driver/Src/stm32f4xx_hal_adc.c.obj
 .ARM.attributes
                0x00000362       0x34 CMakeFiles/DMS-24-RTOS-VCU.dir/Drivers/STM32F4xx_HAL_Driver/Src/stm32f4xx_hal_adc_ex.c.obj
 .ARM.attributes
                0x00000396       0x34 CMakeFiles/DMS-24-RTOS-VCU.dir/Drivers/STM32F4xx_HAL_Driver/Src/stm32f4xx_hal_rcc.c.obj
 .ARM.attributes
                0x000003ca       0x34 CMakeFiles/DMS-24-RTOS-VCU.dir/Drivers/STM32F4xx_HAL_Driver/Src/stm32f4xx_hal_gpio.c.obj
 .ARM.attributes
                0x000003fe       0x34 CMakeFiles/DMS-24-RTOS-VCU.dir/Drivers/STM32F4xx_HAL_Driver/Src/stm32f4xx_hal_dma.c.obj
 .ARM.attributes
                0x00000432       0x34 CMakeFiles/DMS-24-RTOS-VCU.dir/Drivers/STM32F4xx_HAL_Driver/Src/stm32f4xx_hal_cortex.c.obj
 .ARM.attributes
                0x00000466       0x34 CMakeFiles/DMS-24-RTOS-VCU.dir/Drivers/STM32F4xx_HAL_Driver/Src/stm32f4xx_hal.c.obj
 .ARM.attributes
                0x0000049a       0x34 CMakeFiles/DMS-24-RTOS-VCU.dir/Drivers/STM32F4xx_HAL_Driver/Src/stm32f4xx_hal_dac.c.obj
 .ARM.attributes
                0x000004ce       0x34 CMakeFiles/DMS-24-RTOS-VCU.dir/Drivers/STM32F4xx_HAL_Driver/Src/stm32f4xx_hal_dac_ex.c.obj
 .ARM.attributes
                0x00000502       0x34 CMakeFiles/DMS-24-RTOS-VCU.dir/Drivers/STM32F4xx_HAL_Driver/Src/stm32f4xx_hal_spi.c.obj
 .ARM.attributes
                0x00000536       0x34 CMakeFiles/DMS-24-RTOS-VCU.dir/Drivers/STM32F4xx_HAL_Driver/Src/stm32f4xx_hal_tim.c.obj
 .ARM.attributes
                0x0000056a       0x34 CMakeFiles/DMS-24-RTOS-VCU.dir/Drivers/STM32F4xx_HAL_Driver/Src/stm32f4xx_hal_tim_ex.c.obj
 .ARM.attributes
                0x0000059e       0x34 CMakeFiles/DMS-24-RTOS-VCU.dir/Drivers/STM32F4xx_HAL_Driver/Src/stm32f4xx_hal_pcd.c.obj
 .ARM.attributes
                0x000005d2       0x34 CMakeFiles/DMS-24-RTOS-VCU.dir/Drivers/STM32F4xx_HAL_Driver/Src/stm32f4xx_hal_pcd_ex.c.obj
 .ARM.attributes
                0x00000606       0x34 CMakeFiles/DMS-24-RTOS-VCU.dir/Drivers/STM32F4xx_HAL_Driver/Src/stm32f4xx_ll_usb.c.obj
 .ARM.attributes
                0x0000063a       0x34 CMakeFiles/DMS-24-RTOS-VCU.dir/Core/Src/system_stm32f4xx.c.obj
 .ARM.attributes
                0x0000066e       0x34 CMakeFiles/DMS-24-RTOS-VCU.dir/Middlewares/Third_Party/FreeRTOS/Source/list.c.obj
 .ARM.attributes
                0x000006a2       0x34 CMakeFiles/DMS-24-RTOS-VCU.dir/Middlewares/Third_Party/FreeRTOS/Source/queue.c.obj
 .ARM.attributes
                0x000006d6       0x34 CMakeFiles/DMS-24-RTOS-VCU.dir/Middlewares/Third_Party/FreeRTOS/Source/tasks.c.obj
 .ARM.attributes
                0x0000070a       0x34 CMakeFiles/DMS-24-RTOS-VCU.dir/Middlewares/Third_Party/FreeRTOS/Source/timers.c.obj
 .ARM.attributes
                0x0000073e       0x34 CMakeFiles/DMS-24-RTOS-VCU.dir/Middlewares/Third_Party/FreeRTOS/Source/CMSIS_RTOS_V2/cmsis_os2.c.obj
 .ARM.attributes
                0x00000772       0x34 CMakeFiles/DMS-24-RTOS-VCU.dir/Middlewares/Third_Party/FreeRTOS/Source/portable/MemMang/heap_4.c.obj
 .ARM.attributes
                0x000007a6       0x34 CMakeFiles/DMS-24-RTOS-VCU.dir/Middlewares/Third_Party/FreeRTOS/Source/portable/GCC/ARM_CM4F/port.c.obj
 .ARM.attributes
                0x000007da       0x21 CMakeFiles/DMS-24-RTOS-VCU.dir/startup_stm32f407xx.s.obj
 .ARM.attributes
                0x000007fb       0x34 CMakeFiles/DMS-24-RTOS-VCU.dir/Core/Src/app_main.c.obj
 .ARM.attributes
                0x0000082f       0x34 CMakeFiles/DMS-24-RTOS-VCU.dir/Core/Src/sensor_input.c.obj
 .ARM.attributes
                0x00000863       0x22 C:/ST/STM32CubeCLT_1.15.1/GNU-tools-for-STM32/bin/../lib/gcc/arm-none-eabi/12.3.1/thumb/v7e-m+fp/hard\libgcc.a(_aeabi_uldivmod.o)
 .ARM.attributes
                0x00000885       0x34 C:/ST/STM32CubeCLT_1.15.1/GNU-tools-for-STM32/bin/../lib/gcc/arm-none-eabi/12.3.1/thumb/v7e-m+fp/hard\libgcc.a(_udivmoddi4.o)
 .ARM.attributes
                0x000008b9       0x22 C:/ST/STM32CubeCLT_1.15.1/GNU-tools-for-STM32/bin/../lib/gcc/arm-none-eabi/12.3.1/thumb/v7e-m+fp/hard\libgcc.a(_dvmd_tls.o)
 .ARM.attributes
                0x000008db       0x34 C:/ST/STM32CubeCLT_1.15.1/GNU-tools-for-STM32/bin/../lib/gcc/arm-none-eabi/12.3.1/../../../../arm-none-eabi/lib/thumb/v7e-m+fp/hard\libg_nano.a(libc_a-memcpy-stub.o)
 .ARM.attributes
                0x0000090f       0x22 C:/ST/STM32CubeCLT_1.15.1/GNU-tools-for-STM32/bin/../lib/gcc/arm-none-eabi/12.3.1/thumb/v7e-m+fp/hard/crtn.o
OUTPUT(DMS-24-RTOS-VCU.elf elf32-littlearm)
LOAD linker stubs
LOAD C:/ST/STM32CubeCLT_1.15.1/GNU-tools-for-STM32/bin/../lib/gcc/arm-none-eabi/12.3.1/../../../../arm-none-eabi/lib/thumb/v7e-m+fp/hard\libc.a
LOAD C:/ST/STM32CubeCLT_1.15.1/GNU-tools-for-STM32/bin/../lib/gcc/arm-none-eabi/12.3.1/../../../../arm-none-eabi/lib/thumb/v7e-m+fp/hard\libm.a
LOAD C:/ST/STM32CubeCLT_1.15.1/GNU-tools-for-STM32/bin/../lib/gcc/arm-none-eabi/12.3.1/thumb/v7e-m+fp/hard\libgcc.a

.debug_frame    0x00000000     0x71d8
 .debug_frame   0x00000000       0x20 C:/ST/STM32CubeCLT_1.15.1/GNU-tools-for-STM32/bin/../lib/gcc/arm-none-eabi/12.3.1/../../../../arm-none-eabi/lib/thumb/v7e-m+fp/hard\libc_nano.a(libc_a-memset.o)
 .debug_frame   0x00000020       0x2c C:/ST/STM32CubeCLT_1.15.1/GNU-tools-for-STM32/bin/../lib/gcc/arm-none-eabi/12.3.1/../../../../arm-none-eabi/lib/thumb/v7e-m+fp/hard\libc_nano.a(libc_a-init.o)
 .debug_frame   0x0000004c       0x8c CMakeFiles/DMS-24-RTOS-VCU.dir/Core/Src/main.c.obj
 .debug_frame   0x000000d8       0x38 CMakeFiles/DMS-24-RTOS-VCU.dir/Core/Src/gpio.c.obj
 .debug_frame   0x00000110       0x6c CMakeFiles/DMS-24-RTOS-VCU.dir/Core/Src/freertos.c.obj
 .debug_frame   0x0000017c       0x7c CMakeFiles/DMS-24-RTOS-VCU.dir/Core/Src/adc.c.obj
 .debug_frame   0x000001f8       0x7c CMakeFiles/DMS-24-RTOS-VCU.dir/Core/Src/dac.c.obj
 .debug_frame   0x00000274       0x34 CMakeFiles/DMS-24-RTOS-VCU.dir/Core/Src/dma.c.obj
 .debug_frame   0x000002a8       0x74 CMakeFiles/DMS-24-RTOS-VCU.dir/Core/Src/spi.c.obj
 .debug_frame   0x0000031c       0x84 CMakeFiles/DMS-24-RTOS-VCU.dir/Core/Src/tim.c.obj
 .debug_frame   0x000003a0       0x74 CMakeFiles/DMS-24-RTOS-VCU.dir/Core/Src/usb_otg.c.obj
 .debug_frame   0x00000414      0x118 CMakeFiles/DMS-24-RTOS-VCU.dir/Core/Src/stm32f4xx_it.c.obj
 .debug_frame   0x0000052c       0x34 CMakeFiles/DMS-24-RTOS-VCU.dir/Core/Src/stm32f4xx_hal_msp.c.obj
 .debug_frame   0x00000560       0x74 CMakeFiles/DMS-24-RTOS-VCU.dir/Core/Src/stm32f4xx_hal_timebase_tim.c.obj
 .debug_frame   0x000005d4      0x3fc CMakeFiles/DMS-24-RTOS-VCU.dir/Drivers/STM32F4xx_HAL_Driver/Src/stm32f4xx_hal_adc.c.obj
 .debug_frame   0x000009d0      0x250 CMakeFiles/DMS-24-RTOS-VCU.dir/Drivers/STM32F4xx_HAL_Driver/Src/stm32f4xx_hal_adc_ex.c.obj
 .debug_frame   0x00000c20      0x1f4 CMakeFiles/DMS-24-RTOS-VCU.dir/Drivers/STM32F4xx_HAL_Driver/Src/stm32f4xx_hal_rcc.c.obj
 .debug_frame   0x00000e14      0x14c CMakeFiles/DMS-24-RTOS-VCU.dir/Drivers/STM32F4xx_HAL_Driver/Src/stm32f4xx_hal_gpio.c.obj
 .debug_frame   0x00000f60      0x250 CMakeFiles/DMS-24-RTOS-VCU.dir/Drivers/STM32F4xx_HAL_Driver/Src/stm32f4xx_hal_dma.c.obj
 .debug_frame   0x000011b0      0x4b8 CMakeFiles/DMS-24-RTOS-VCU.dir/Drivers/STM32F4xx_HAL_Driver/Src/stm32f4xx_hal_cortex.c.obj
 .debug_frame   0x00001668      0x374 CMakeFiles/DMS-24-RTOS-VCU.dir/Drivers/STM32F4xx_HAL_Driver/Src/stm32f4xx_hal.c.obj
 .debug_frame   0x000019dc      0x338 CMakeFiles/DMS-24-RTOS-VCU.dir/Drivers/STM32F4xx_HAL_Driver/Src/stm32f4xx_hal_dac.c.obj
 .debug_frame   0x00001d14      0x20c CMakeFiles/DMS-24-RTOS-VCU.dir/Drivers/STM32F4xx_HAL_Driver/Src/stm32f4xx_hal_dac_ex.c.obj
 .debug_frame   0x00001f20      0x828 CMakeFiles/DMS-24-RTOS-VCU.dir/Drivers/STM32F4xx_HAL_Driver/Src/stm32f4xx_hal_spi.c.obj
 .debug_frame   0x00002748     0x11c0 CMakeFiles/DMS-24-RTOS-VCU.dir/Drivers/STM32F4xx_HAL_Driver/Src/stm32f4xx_hal_tim.c.obj
 .debug_frame   0x00003908      0x638 CMakeFiles/DMS-24-RTOS-VCU.dir/Drivers/STM32F4xx_HAL_Driver/Src/stm32f4xx_hal_tim_ex.c.obj
 .debug_frame   0x00003f40      0x5b8 CMakeFiles/DMS-24-RTOS-VCU.dir/Drivers/STM32F4xx_HAL_Driver/Src/stm32f4xx_hal_pcd.c.obj
 .debug_frame   0x000044f8       0xb0 CMakeFiles/DMS-24-RTOS-VCU.dir/Drivers/STM32F4xx_HAL_Driver/Src/stm32f4xx_hal_pcd_ex.c.obj
 .debug_frame   0x000045a8      0x7c0 CMakeFiles/DMS-24-RTOS-VCU.dir/Drivers/STM32F4xx_HAL_Driver/Src/stm32f4xx_ll_usb.c.obj
 .debug_frame   0x00004d68       0x58 CMakeFiles/DMS-24-RTOS-VCU.dir/Core/Src/system_stm32f4xx.c.obj
 .debug_frame   0x00004dc0       0xd8 CMakeFiles/DMS-24-RTOS-VCU.dir/Middlewares/Third_Party/FreeRTOS/Source/list.c.obj
 .debug_frame   0x00004e98      0x5ec CMakeFiles/DMS-24-RTOS-VCU.dir/Middlewares/Third_Party/FreeRTOS/Source/queue.c.obj
 .debug_frame   0x00005484      0x8f0 CMakeFiles/DMS-24-RTOS-VCU.dir/Middlewares/Third_Party/FreeRTOS/Source/tasks.c.obj
 .debug_frame   0x00005d74      0x400 CMakeFiles/DMS-24-RTOS-VCU.dir/Middlewares/Third_Party/FreeRTOS/Source/timers.c.obj
 .debug_frame   0x00006174      0xbe4 CMakeFiles/DMS-24-RTOS-VCU.dir/Middlewares/Third_Party/FreeRTOS/Source/CMSIS_RTOS_V2/cmsis_os2.c.obj
 .debug_frame   0x00006d58      0x12c CMakeFiles/DMS-24-RTOS-VCU.dir/Middlewares/Third_Party/FreeRTOS/Source/portable/MemMang/heap_4.c.obj
 .debug_frame   0x00006e84      0x1a8 CMakeFiles/DMS-24-RTOS-VCU.dir/Middlewares/Third_Party/FreeRTOS/Source/portable/GCC/ARM_CM4F/port.c.obj
 .debug_frame   0x0000702c       0x4c CMakeFiles/DMS-24-RTOS-VCU.dir/Core/Src/app_main.c.obj
 .debug_frame   0x00007078       0xd8 CMakeFiles/DMS-24-RTOS-VCU.dir/Core/Src/sensor_input.c.obj
 .debug_frame   0x00007150       0x2c C:/ST/STM32CubeCLT_1.15.1/GNU-tools-for-STM32/bin/../lib/gcc/arm-none-eabi/12.3.1/thumb/v7e-m+fp/hard\libgcc.a(_aeabi_uldivmod.o)
 .debug_frame   0x0000717c       0x34 C:/ST/STM32CubeCLT_1.15.1/GNU-tools-for-STM32/bin/../lib/gcc/arm-none-eabi/12.3.1/thumb/v7e-m+fp/hard\libgcc.a(_udivmoddi4.o)
 .debug_frame   0x000071b0       0x28 C:/ST/STM32CubeCLT_1.15.1/GNU-tools-for-STM32/bin/../lib/gcc/arm-none-eabi/12.3.1/../../../../arm-none-eabi/lib/thumb/v7e-m+fp/hard\libg_nano.a(libc_a-memcpy-stub.o)

.debug_info     0x00000000    0x20154
 .debug_info    0x00000000      0xb54 CMakeFiles/DMS-24-RTOS-VCU.dir/Core/Src/main.c.obj
 .debug_info    0x00000b54      0x459 CMakeFiles/DMS-24-RTOS-VCU.dir/Core/Src/gpio.c.obj
 .debug_info    0x00000fad      0x4c2 CMakeFiles/DMS-24-RTOS-VCU.dir/Core/Src/freertos.c.obj
 .debug_info    0x0000146f      0xc45 CMakeFiles/DMS-24-RTOS-VCU.dir/Core/Src/adc.c.obj
 .debug_info    0x000020b4      0xaf1 CMakeFiles/DMS-24-RTOS-VCU.dir/Core/Src/dac.c.obj
 .debug_info    0x00002ba5      0x4ad CMakeFiles/DMS-24-RTOS-VCU.dir/Core/Src/dma.c.obj
 .debug_info    0x00003052      0x943 CMakeFiles/DMS-24-RTOS-VCU.dir/Core/Src/spi.c.obj
 .debug_info    0x00003995      0x9c0 CMakeFiles/DMS-24-RTOS-VCU.dir/Core/Src/tim.c.obj
 .debug_info    0x00004355      0xba2 CMakeFiles/DMS-24-RTOS-VCU.dir/Core/Src/usb_otg.c.obj
 .debug_info    0x00004ef7      0xfe0 CMakeFiles/DMS-24-RTOS-VCU.dir/Core/Src/stm32f4xx_it.c.obj
 .debug_info    0x00005ed7      0x4b7 CMakeFiles/DMS-24-RTOS-VCU.dir/Core/Src/stm32f4xx_hal_msp.c.obj
 .debug_info    0x0000638e      0xbee CMakeFiles/DMS-24-RTOS-VCU.dir/Core/Src/stm32f4xx_hal_timebase_tim.c.obj
 .debug_info    0x00006f7c      0xcd4 CMakeFiles/DMS-24-RTOS-VCU.dir/Drivers/STM32F4xx_HAL_Driver/Src/stm32f4xx_hal_adc.c.obj
 .debug_info    0x00007c50      0xb59 CMakeFiles/DMS-24-RTOS-VCU.dir/Drivers/STM32F4xx_HAL_Driver/Src/stm32f4xx_hal_adc_ex.c.obj
 .debug_info    0x000087a9      0x8b1 CMakeFiles/DMS-24-RTOS-VCU.dir/Drivers/STM32F4xx_HAL_Driver/Src/stm32f4xx_hal_rcc.c.obj
 .debug_info    0x0000905a      0x6c3 CMakeFiles/DMS-24-RTOS-VCU.dir/Drivers/STM32F4xx_HAL_Driver/Src/stm32f4xx_hal_gpio.c.obj
 .debug_info    0x0000971d      0x8e7 CMakeFiles/DMS-24-RTOS-VCU.dir/Drivers/STM32F4xx_HAL_Driver/Src/stm32f4xx_hal_dma.c.obj
 .debug_info    0x0000a004      0xd57 CMakeFiles/DMS-24-RTOS-VCU.dir/Drivers/STM32F4xx_HAL_Driver/Src/stm32f4xx_hal_cortex.c.obj
 .debug_info    0x0000ad5b      0x944 CMakeFiles/DMS-24-RTOS-VCU.dir/Drivers/STM32F4xx_HAL_Driver/Src/stm32f4xx_hal.c.obj
 .debug_info    0x0000b69f      0xa01 CMakeFiles/DMS-24-RTOS-VCU.dir/Drivers/STM32F4xx_HAL_Driver/Src/stm32f4xx_hal_dac.c.obj
 .debug_info    0x0000c0a0      0x750 CMakeFiles/DMS-24-RTOS-VCU.dir/Drivers/STM32F4xx_HAL_Driver/Src/stm32f4xx_hal_dac_ex.c.obj
 .debug_info    0x0000c7f0     0x15fb CMakeFiles/DMS-24-RTOS-VCU.dir/Drivers/STM32F4xx_HAL_Driver/Src/stm32f4xx_hal_spi.c.obj
 .debug_info    0x0000ddeb     0x299d CMakeFiles/DMS-24-RTOS-VCU.dir/Drivers/STM32F4xx_HAL_Driver/Src/stm32f4xx_hal_tim.c.obj
 .debug_info    0x00010788     0x14db CMakeFiles/DMS-24-RTOS-VCU.dir/Drivers/STM32F4xx_HAL_Driver/Src/stm32f4xx_hal_tim_ex.c.obj
 .debug_info    0x00011c63     0x156f CMakeFiles/DMS-24-RTOS-VCU.dir/Drivers/STM32F4xx_HAL_Driver/Src/stm32f4xx_hal_pcd.c.obj
 .debug_info    0x000131d2      0x6ea CMakeFiles/DMS-24-RTOS-VCU.dir/Drivers/STM32F4xx_HAL_Driver/Src/stm32f4xx_hal_pcd_ex.c.obj
 .debug_info    0x000138bc     0x1993 CMakeFiles/DMS-24-RTOS-VCU.dir/Drivers/STM32F4xx_HAL_Driver/Src/stm32f4xx_ll_usb.c.obj
 .debug_info    0x0001524f      0x512 CMakeFiles/DMS-24-RTOS-VCU.dir/Core/Src/system_stm32f4xx.c.obj
 .debug_info    0x00015761      0x2af CMakeFiles/DMS-24-RTOS-VCU.dir/Middlewares/Third_Party/FreeRTOS/Source/list.c.obj
 .debug_info    0x00015a10     0x1b79 CMakeFiles/DMS-24-RTOS-VCU.dir/Middlewares/Third_Party/FreeRTOS/Source/queue.c.obj
 .debug_info    0x00017589     0x21ec CMakeFiles/DMS-24-RTOS-VCU.dir/Middlewares/Third_Party/FreeRTOS/Source/tasks.c.obj
 .debug_info    0x00019775     0x1488 CMakeFiles/DMS-24-RTOS-VCU.dir/Middlewares/Third_Party/FreeRTOS/Source/timers.c.obj
 .debug_info    0x0001abfd     0x3a6d CMakeFiles/DMS-24-RTOS-VCU.dir/Middlewares/Third_Party/FreeRTOS/Source/CMSIS_RTOS_V2/cmsis_os2.c.obj
 .debug_info    0x0001e66a      0x4d5 CMakeFiles/DMS-24-RTOS-VCU.dir/Middlewares/Third_Party/FreeRTOS/Source/portable/MemMang/heap_4.c.obj
 .debug_info    0x0001eb3f      0x4de CMakeFiles/DMS-24-RTOS-VCU.dir/Middlewares/Third_Party/FreeRTOS/Source/portable/GCC/ARM_CM4F/port.c.obj
 .debug_info    0x0001f01d       0x30 CMakeFiles/DMS-24-RTOS-VCU.dir/startup_stm32f407xx.s.obj
 .debug_info    0x0001f04d      0x69f CMakeFiles/DMS-24-RTOS-VCU.dir/Core/Src/app_main.c.obj
 .debug_info    0x0001f6ec      0x947 CMakeFiles/DMS-24-RTOS-VCU.dir/Core/Src/sensor_input.c.obj
 .debug_info    0x00020033      0x121 C:/ST/STM32CubeCLT_1.15.1/GNU-tools-for-STM32/bin/../lib/gcc/arm-none-eabi/12.3.1/../../../../arm-none-eabi/lib/thumb/v7e-m+fp/hard\libg_nano.a(libc_a-memcpy-stub.o)

.debug_abbrev   0x00000000     0x53f6
 .debug_abbrev  0x00000000      0x25e CMakeFiles/DMS-24-RTOS-VCU.dir/Core/Src/main.c.obj
 .debug_abbrev  0x0000025e      0x152 CMakeFiles/DMS-24-RTOS-VCU.dir/Core/Src/gpio.c.obj
 .debug_abbrev  0x000003b0      0x1ce CMakeFiles/DMS-24-RTOS-VCU.dir/Core/Src/freertos.c.obj
 .debug_abbrev  0x0000057e      0x224 CMakeFiles/DMS-24-RTOS-VCU.dir/Core/Src/adc.c.obj
 .debug_abbrev  0x000007a2      0x219 CMakeFiles/DMS-24-RTOS-VCU.dir/Core/Src/dac.c.obj
 .debug_abbrev  0x000009bb      0x10e CMakeFiles/DMS-24-RTOS-VCU.dir/Core/Src/dma.c.obj
 .debug_abbrev  0x00000ac9      0x1f3 CMakeFiles/DMS-24-RTOS-VCU.dir/Core/Src/spi.c.obj
 .debug_abbrev  0x00000cbc      0x1d8 CMakeFiles/DMS-24-RTOS-VCU.dir/Core/Src/tim.c.obj
 .debug_abbrev  0x00000e94      0x238 CMakeFiles/DMS-24-RTOS-VCU.dir/Core/Src/usb_otg.c.obj
 .debug_abbrev  0x000010cc      0x1d5 CMakeFiles/DMS-24-RTOS-VCU.dir/Core/Src/stm32f4xx_it.c.obj
 .debug_abbrev  0x000012a1      0x119 CMakeFiles/DMS-24-RTOS-VCU.dir/Core/Src/stm32f4xx_hal_msp.c.obj
 .debug_abbrev  0x000013ba      0x1f4 CMakeFiles/DMS-24-RTOS-VCU.dir/Core/Src/stm32f4xx_hal_timebase_tim.c.obj
 .debug_abbrev  0x000015ae      0x252 CMakeFiles/DMS-24-RTOS-VCU.dir/Drivers/STM32F4xx_HAL_Driver/Src/stm32f4xx_hal_adc.c.obj
 .debug_abbrev  0x00001800      0x270 CMakeFiles/DMS-24-RTOS-VCU.dir/Drivers/STM32F4xx_HAL_Driver/Src/stm32f4xx_hal_adc_ex.c.obj
 .debug_abbrev  0x00001a70      0x2b6 CMakeFiles/DMS-24-RTOS-VCU.dir/Drivers/STM32F4xx_HAL_Driver/Src/stm32f4xx_hal_rcc.c.obj
 .debug_abbrev  0x00001d26      0x1d4 CMakeFiles/DMS-24-RTOS-VCU.dir/Drivers/STM32F4xx_HAL_Driver/Src/stm32f4xx_hal_gpio.c.obj
 .debug_abbrev  0x00001efa      0x264 CMakeFiles/DMS-24-RTOS-VCU.dir/Drivers/STM32F4xx_HAL_Driver/Src/stm32f4xx_hal_dma.c.obj
 .debug_abbrev  0x0000215e      0x328 CMakeFiles/DMS-24-RTOS-VCU.dir/Drivers/STM32F4xx_HAL_Driver/Src/stm32f4xx_hal_cortex.c.obj
 .debug_abbrev  0x00002486      0x214 CMakeFiles/DMS-24-RTOS-VCU.dir/Drivers/STM32F4xx_HAL_Driver/Src/stm32f4xx_hal.c.obj
 .debug_abbrev  0x0000269a      0x1fa CMakeFiles/DMS-24-RTOS-VCU.dir/Drivers/STM32F4xx_HAL_Driver/Src/stm32f4xx_hal_dac.c.obj
 .debug_abbrev  0x00002894      0x1ef CMakeFiles/DMS-24-RTOS-VCU.dir/Drivers/STM32F4xx_HAL_Driver/Src/stm32f4xx_hal_dac_ex.c.obj
 .debug_abbrev  0x00002a83      0x284 CMakeFiles/DMS-24-RTOS-VCU.dir/Drivers/STM32F4xx_HAL_Driver/Src/stm32f4xx_hal_spi.c.obj
 .debug_abbrev  0x00002d07      0x278 CMakeFiles/DMS-24-RTOS-VCU.dir/Drivers/STM32F4xx_HAL_Driver/Src/stm32f4xx_hal_tim.c.obj
 .debug_abbrev  0x00002f7f      0x283 CMakeFiles/DMS-24-RTOS-VCU.dir/Drivers/STM32F4xx_HAL_Driver/Src/stm32f4xx_hal_tim_ex.c.obj
 .debug_abbrev  0x00003202      0x2b9 CMakeFiles/DMS-24-RTOS-VCU.dir/Drivers/STM32F4xx_HAL_Driver/Src/stm32f4xx_hal_pcd.c.obj
 .debug_abbrev  0x000034bb      0x1da CMakeFiles/DMS-24-RTOS-VCU.dir/Drivers/STM32F4xx_HAL_Driver/Src/stm32f4xx_hal_pcd_ex.c.obj
 .debug_abbrev  0x00003695      0x2b3 CMakeFiles/DMS-24-RTOS-VCU.dir/Drivers/STM32F4xx_HAL_Driver/Src/stm32f4xx_ll_usb.c.obj
 .debug_abbrev  0x00003948      0x11a CMakeFiles/DMS-24-RTOS-VCU.dir/Core/Src/system_stm32f4xx.c.obj
 .debug_abbrev  0x00003a62       0xf5 CMakeFiles/DMS-24-RTOS-VCU.dir/Middlewares/Third_Party/FreeRTOS/Source/list.c.obj
 .debug_abbrev  0x00003b57      0x3b6 CMakeFiles/DMS-24-RTOS-VCU.dir/Middlewares/Third_Party/FreeRTOS/Source/queue.c.obj
 .debug_abbrev  0x00003f0d      0x386 CMakeFiles/DMS-24-RTOS-VCU.dir/Middlewares/Third_Party/FreeRTOS/Source/tasks.c.obj
 .debug_abbrev  0x00004293      0x352 CMakeFiles/DMS-24-RTOS-VCU.dir/Middlewares/Third_Party/FreeRTOS/Source/timers.c.obj
 .debug_abbrev  0x000045e5      0x520 CMakeFiles/DMS-24-RTOS-VCU.dir/Middlewares/Third_Party/FreeRTOS/Source/CMSIS_RTOS_V2/cmsis_os2.c.obj
 .debug_abbrev  0x00004b05      0x21d CMakeFiles/DMS-24-RTOS-VCU.dir/Middlewares/Third_Party/FreeRTOS/Source/portable/MemMang/heap_4.c.obj
 .debug_abbrev  0x00004d22      0x25c CMakeFiles/DMS-24-RTOS-VCU.dir/Middlewares/Third_Party/FreeRTOS/Source/portable/GCC/ARM_CM4F/port.c.obj
 .debug_abbrev  0x00004f7e       0x24 CMakeFiles/DMS-24-RTOS-VCU.dir/startup_stm32f407xx.s.obj
 .debug_abbrev  0x00004fa2      0x191 CMakeFiles/DMS-24-RTOS-VCU.dir/Core/Src/app_main.c.obj
 .debug_abbrev  0x00005133      0x202 CMakeFiles/DMS-24-RTOS-VCU.dir/Core/Src/sensor_input.c.obj