Archive member included to satisfy reference by file (symbol)

C:/ST/STM32CubeCLT_1.15.1/GNU-tools-for-STM32/bin/../lib/gcc/arm-none-eabi/12.3.1/../../../../arm-none-eabi/lib/thumb/v7e-m+fp/hard\libc_nano.a(libc_a-exit.o)
                              C:/ST/STM32CubeCLT_1.15.1/GNU-tools-for-STM32/bin/../lib/gcc/arm-none-eabi/12.3.1/../../../../arm-none-eabi/lib/thumb/v7e-m+fp/hard/crt0.o (exit)
C:/ST/STM32CubeCLT_1.15.1/GNU-tools-for-STM32/bin/../lib/gcc/arm-none-eabi/12.3.1/../../../../arm-none-eabi/lib/thumb/v7e-m+fp/hard\libc_nano.a(libc_a-findfp.o)
                              C:/ST/STM32CubeCLT_1.15.1/GNU-tools-for-STM32/bin/../lib/gcc/arm-none-eabi/12.3.1/../../../../arm-none-eabi/lib/thumb/v7e-m+fp/hard\libc_nano.a(libc_a-exit.o) (__stdio_exit_handler)
C:/ST/STM32CubeCLT_1.15.1/GNU-tools-for-STM32/bin/../lib/gcc/arm-none-eabi/12.3.1/../../../../arm-none-eabi/lib/thumb/v7e-m+fp/hard\libc_nano.a(libc_a-fwalk.o)
                              C:/ST/STM32CubeCLT_1.15.1/GNU-tools-for-STM32/bin/../lib/gcc/arm-none-eabi/12.3.1/../../../../arm-none-eabi/lib/thumb/v7e-m+fp/hard\libc_nano.a(libc_a-findfp.o) (_fwalk_sglue)
C:/ST/STM32CubeCLT_1.15.1/GNU-tools-for-STM32/bin/../lib/gcc/arm-none-eabi/12.3.1/../../../../arm-none-eabi/lib/thumb/v7e-m+fp/hard\libc_nano.a(libc_a-stdio.o)
                              C:/ST/STM32CubeCLT_1.15.1/GNU-tools-for-STM32/bin/../lib/gcc/arm-none-eabi/12.3.1/../../../../arm-none-eabi/lib/thumb/v7e-m+fp/hard\libc_nano.a(libc_a-findfp.o) (__sread)
C:/ST/STM32CubeCLT_1.15.1/GNU-tools-for-STM32/bin/../lib/gcc/arm-none-eabi/12.3.1/../../../../arm-none-eabi/lib/thumb/v7e-m+fp/hard\libc_nano.a(libc_a-memset.o)
                              C:/ST/STM32CubeCLT_1.15.1/GNU-tools-for-STM32/bin/../lib/gcc/arm-none-eabi/12.3.1/../../../../arm-none-eabi/lib/thumb/v7e-m+fp/hard/crt0.o (memset)
C:/ST/STM32CubeCLT_1.15.1/GNU-tools-for-STM32/bin/../lib/gcc/arm-none-eabi/12.3.1/../../../../arm-none-eabi/lib/thumb/v7e-m+fp/hard\libc_nano.a(libc_a-closer.o)
                              C:/ST/STM32CubeCLT_1.15.1/GNU-tools-for-STM32/bin/../lib/gcc/arm-none-eabi/12.3.1/../../../../arm-none-eabi/lib/thumb/v7e-m+fp/hard\libc_nano.a(libc_a-stdio.o) (_close_r)
C:/ST/STM32CubeCLT_1.15.1/GNU-tools-for-STM32/bin/../lib/gcc/arm-none-eabi/12.3.1/../../../../arm-none-eabi/lib/thumb/v7e-m+fp/hard\libc_nano.a(libc_a-reent.o)
                              C:/ST/STM32CubeCLT_1.15.1/GNU-tools-for-STM32/bin/../lib/gcc/arm-none-eabi/12.3.1/../../../../arm-none-eabi/lib/thumb/v7e-m+fp/hard\libc_nano.a(libc_a-closer.o) (errno)
C:/ST/STM32CubeCLT_1.15.1/GNU-tools-for-STM32/bin/../lib/gcc/arm-none-eabi/12.3.1/../../../../arm-none-eabi/lib/thumb/v7e-m+fp/hard\libc_nano.a(libc_a-impure.o)
                              C:/ST/STM32CubeCLT_1.15.1/GNU-tools-for-STM32/bin/../lib/gcc/arm-none-eabi/12.3.1/../../../../arm-none-eabi/lib/thumb/v7e-m+fp/hard\libc_nano.a(libc_a-reent.o) (_impure_ptr)
C:/ST/STM32CubeCLT_1.15.1/GNU-tools-for-STM32/bin/../lib/gcc/arm-none-eabi/12.3.1/../../../../arm-none-eabi/lib/thumb/v7e-m+fp/hard\libc_nano.a(libc_a-lseekr.o)
                              C:/ST/STM32CubeCLT_1.15.1/GNU-tools-for-STM32/bin/../lib/gcc/arm-none-eabi/12.3.1/../../../../arm-none-eabi/lib/thumb/v7e-m+fp/hard\libc_nano.a(libc_a-stdio.o) (_lseek_r)
C:/ST/STM32CubeCLT_1.15.1/GNU-tools-for-STM32/bin/../lib/gcc/arm-none-eabi/12.3.1/../../../../arm-none-eabi/lib/thumb/v7e-m+fp/hard\libc_nano.a(libc_a-readr.o)
                              C:/ST/STM32CubeCLT_1.15.1/GNU-tools-for-STM32/bin/../lib/gcc/arm-none-eabi/12.3.1/../../../../arm-none-eabi/lib/thumb/v7e-m+fp/hard\libc_nano.a(libc_a-stdio.o) (_read_r)
C:/ST/STM32CubeCLT_1.15.1/GNU-tools-for-STM32/bin/../lib/gcc/arm-none-eabi/12.3.1/../../../../arm-none-eabi/lib/thumb/v7e-m+fp/hard\libc_nano.a(libc_a-writer.o)
                              C:/ST/STM32CubeCLT_1.15.1/GNU-tools-for-STM32/bin/../lib/gcc/arm-none-eabi/12.3.1/../../../../arm-none-eabi/lib/thumb/v7e-m+fp/hard\libc_nano.a(libc_a-stdio.o) (_write_r)
C:/ST/STM32CubeCLT_1.15.1/GNU-tools-for-STM32/bin/../lib/gcc/arm-none-eabi/12.3.1/../../../../arm-none-eabi/lib/thumb/v7e-m+fp/hard\libc_nano.a(libc_a-init.o)
                              C:/ST/STM32CubeCLT_1.15.1/GNU-tools-for-STM32/bin/../lib/gcc/arm-none-eabi/12.3.1/../../../../arm-none-eabi/lib/thumb/v7e-m+fp/hard/crt0.o (__libc_init_array)
C:/ST/STM32CubeCLT_1.15.1/GNU-tools-for-STM32/bin/../lib/gcc/arm-none-eabi/12.3.1/../../../../arm-none-eabi/lib/thumb/v7e-m+fp/hard\libc_nano.a(libc_a-lock.o)
                              C:/ST/STM32CubeCLT_1.15.1/GNU-tools-for-STM32/bin/../lib/gcc/arm-none-eabi/12.3.1/../../../../arm-none-eabi/lib/thumb/v7e-m+fp/hard\libc_nano.a(libc_a-findfp.o) (__retarget_lock_init_recursive)
C:/ST/STM32CubeCLT_1.15.1/GNU-tools-for-STM32/bin/../lib/gcc/arm-none-eabi/12.3.1/../../../../arm-none-eabi/lib/thumb/v7e-m+fp/hard\libc_nano.a(libc_a-freer.o)
[...]
Memory Configuration

Name             Origin             Length             Attributes
RAM              0x20000000         0x00020000         xrw
CCMRAM           0x10000000         0x00010000         xrw
FLASH            0x08000000         0x00100000         xr
*default*        0x00000000         0xffffffff

Linker script and memory map

LOAD C:/ST/STM32CubeCLT_1.15.1/GNU-tools-for-STM32/bin/../lib/gcc/arm-none-eabi/12.3.1/thumb/v7e-m+fp/hard/crti.o
LOAD C:/ST/STM32CubeCLT_1.15.1/GNU-tools-for-STM32/bin/../lib/gcc/arm-none-eabi/12.3.1/thumb/v7e-m+fp/hard/crtbegin.o
LOAD C:/ST/STM32CubeCLT_1.15.1/GNU-tools-for-STM32/bin/../lib/gcc/arm-none-eabi/12.3.1/../../../../arm-none-eabi/lib/thumb/v7e-m+fp/hard/crt0.o
START GROUP
LOAD C:/ST/STM32CubeCLT_1.15.1/GNU-tools-for-STM32/bin/../lib/gcc/arm-none-eabi/12.3.1/../../../../arm-none-eabi/lib/thumb/v7e-m+fp/hard\libc_nano.a
LOAD C:/ST/STM32CubeCLT_1.15.1/GNU-tools-for-STM32/bin/../lib/gcc/arm-none-eabi/12.3.1/../../../../arm-none-eabi/lib/thumb/v7e-m+fp/hard\libm.a
END GROUP
LOAD CMakeFiles/DMS-24-RTOS-VCU.dir/Core/Src/main.c.obj
LOAD CMakeFiles/DMS-24-RTOS-VCU.dir/Core/Src/freertos.c.obj
LOAD CMakeFiles/DMS-24-RTOS-VCU.dir/Core/Src/stm32f4xx_it.c.obj
LOAD CMakeFiles/DMS-24-RTOS-VCU.dir/Core/Src/stm32f4xx_hal_msp.c.obj
LOAD CMakeFiles/DMS-24-RTOS-VCU.dir/Core/Src/stm32f4xx_hal_timebase_tim.c.obj
LOAD CMakeFiles/DMS-24-RTOS-VCU.dir/USB_HOST/App/usb_host.c.obj
LOAD CMakeFiles/DMS-24-RTOS-VCU.dir/USB_HOST/Target/usbh_conf.c.obj
LOAD CMakeFiles/DMS-24-RTOS-VCU.dir/USB_HOST/Target/usbh_platform.c.obj
LOAD CMakeFiles/DMS-24-RTOS-VCU.dir/Drivers/STM32F4xx_HAL_Driver/Src/stm32f4xx_hal_hcd.c.obj
LOAD CMakeFiles/DMS-24-RTOS-VCU.dir/Drivers/STM32F4xx_HAL_Driver/Src/stm32f4xx_ll_usb.c.obj
LOAD CMakeFiles/DMS-24-RTOS-VCU.dir/Drivers/STM32F4xx_HAL_Driver/Src/stm32f4xx_hal_rcc.c.obj
LOAD CMakeFiles/DMS-24-RTOS-VCU.dir/Drivers/STM32F4xx_HAL_Driver/Src/stm32f4xx_hal_rcc_ex.c.obj
LOAD CMakeFiles/DMS-24-RTOS-VCU.dir/Drivers/STM32F4xx_HAL_Driver/Src/stm32f4xx_hal_flash.c.obj
LOAD CMakeFiles/DMS-24-RTOS-VCU.dir/Drivers/STM32F4xx_HAL_Driver/Src/stm32f4xx_hal_flash_ex.c.obj
LOAD CMakeFiles/DMS-24-RTOS-VCU.dir/Drivers/STM32F4xx_HAL_Driver/Src/stm32f4xx_hal_flash_ramfunc.c.obj
LOAD CMakeFiles/DMS-24-RTOS-VCU.dir/Drivers/STM32F4xx_HAL_Driver/Src/stm32f4xx_hal_gpio.c.obj
LOAD CMakeFiles/DMS-24-RTOS-VCU.dir/Drivers/STM32F4xx_HAL_Driver/Src/stm32f4xx_hal_dma_ex.c.obj
LOAD CMakeFiles/DMS-24-RTOS-VCU.dir/Drivers/STM32F4xx_HAL_Driver/Src/stm32f4xx_hal_dma.c.obj
LOAD CMakeFiles/DMS-24-RTOS-VCU.dir/Drivers/STM32F4xx_HAL_Driver/Src/stm32f4xx_hal_pwr.c.obj
LOAD CMakeFiles/DMS-24-RTOS-VCU.dir/Drivers/STM32F4xx_HAL_Driver/Src/stm32f4xx_hal_pwr_ex.c.obj
LOAD CMakeFiles/DMS-24-RTOS-VCU.dir/Drivers/STM32F4xx_HAL_Driver/Src/stm32f4xx_hal_cortex.c.obj
LOAD CMakeFiles/DMS-24-RTOS-VCU.dir/Drivers/STM32F4xx_HAL_Driver/Src/stm32f4xx_hal.c.obj
LOAD CMakeFiles/DMS-24-RTOS-VCU.dir/Drivers/STM32F4xx_HAL_Driver/Src/stm32f4xx_hal_exti.c.obj
LOAD CMakeFiles/DMS-24-RTOS-VCU.dir/Drivers/STM32F4xx_HAL_Driver/Src/stm32f4xx_hal_i2c.c.obj
LOAD CMakeFiles/DMS-24-RTOS-VCU.dir/Drivers/STM32F4xx_HAL_Driver/Src/stm32f4xx_hal_i2c_ex.c.obj
LOAD CMakeFiles/DMS-24-RTOS-VCU.dir/Drivers/STM32F4xx_HAL_Driver/Src/stm32f4xx_hal_i2s.c.obj
LOAD CMakeFiles/DMS-24-RTOS-VCU.dir/Drivers/STM32F4xx_HAL_Driver/Src/stm32f4xx_hal_i2s_ex.c.obj
LOAD CMakeFiles/DMS-24-RTOS-VCU.dir/Drivers/STM32F4xx_HAL_Driver/Src/stm32f4xx_hal_spi.c.obj
LOAD CMakeFiles/DMS-24-RTOS-VCU.dir/Drivers/STM32F4xx_HAL_Driver/Src/stm32f4xx_hal_tim.c.obj
LOAD CMakeFiles/DMS-24-RTOS-VCU.dir/Drivers/STM32F4xx_HAL_Driver/Src/stm32f4xx_hal_tim_ex.c.obj
LOAD CMakeFiles/DMS-24-RTOS-VCU.dir/Core/Src/system_stm32f4xx.c.obj
LOAD CMakeFiles/DMS-24-RTOS-VCU.dir/Middlewares/Third_Party/FreeRTOS/Source/croutine.c.obj
LOAD CMakeFiles/DMS-24-RTOS-VCU.dir/Middlewares/Third_Party/FreeRTOS/Source/event_groups.c.obj
LOAD CMakeFiles/DMS-24-RTOS-VCU.dir/Middlewares/Third_Party/FreeRTOS/Source/list.c.obj
LOAD CMakeFiles/DMS-24-RTOS-VCU.dir/Middlewares/Third_Party/FreeRTOS/Source/queue.c.obj
LOAD CMakeFiles/DMS-24-RTOS-VCU.dir/Middlewares/Third_Party/FreeRTOS/Source/stream_buffer.c.obj
LOAD CMakeFiles/DMS-24-RTOS-VCU.dir/Middlewares/Third_Party/FreeRTOS/Source/tasks.c.obj
LOAD CMakeFiles/DMS-24-RTOS-VCU.dir/Middlewares/Third_Party/FreeRTOS/Source/timers.c.obj
LOAD CMakeFiles/DMS-24-RTOS-VCU.dir/Middlewares/Third_Party/FreeRTOS/Source/CMSIS_RTOS_V2/cmsis_os2.c.obj
LOAD CMakeFiles/DMS-24-RTOS-VCU.dir/Middlewares/Third_Party/FreeRTOS/Source/portable/MemMang/heap_4.c.obj
LOAD CMakeFiles/DMS-24-RTOS-VCU.dir/Middlewares/Third_Party/FreeRTOS/Source/portable/GCC/ARM_CM4F/port.c.obj
LOAD CMakeFiles/DMS-24-RTOS-VCU.dir/Middlewares/ST/STM32_USB_Host_Library/Core/Src/usbh_core.c.obj
LOAD CMakeFiles/DMS-24-RTOS-VCU.dir/Middlewares/ST/STM32_USB_Host_Library/Core/Src/usbh_ctlreq.c.obj
LOAD CMakeFiles/DMS-24-RTOS-VCU.dir/Middlewares/ST/STM32_USB_Host_Library/Core/Src/usbh_ioreq.c.obj
LOAD CMakeFiles/DMS-24-RTOS-VCU.dir/Middlewares/ST/STM32_USB_Host_Library/Core/Src/usbh_pipes.c.obj
LOAD CMakeFiles/DMS-24-RTOS-VCU.dir/Middlewares/ST/STM32_USB_Host_Library/Class/CDC/Src/usbh_cdc.c.obj
LOAD CMakeFiles/DMS-24-RTOS-VCU.dir/Core/Src/sysmem.c.obj
LOAD CMakeFiles/DMS-24-RTOS-VCU.dir/Core/Src/syscalls.c.obj
LOAD CMakeFiles/DMS-24-RTOS-VCU.dir/startup_stm32f407xx.s.obj
START GROUP
LOAD C:/ST/STM32CubeCLT_1.15.1/GNU-tools-for-STM32/bin/../lib/gcc/arm-none-eabi/12.3.1/thumb/v7e-m+fp/hard\libgcc.a
LOAD C:/ST/STM32CubeCLT_1.15.1/GNU-tools-for-STM32/bin/../lib/gcc/arm-none-eabi/12.3.1/../../../../arm-none-eabi/lib/thumb/v7e-m+fp/hard\libg_nano.a
LOAD C:/ST/STM32CubeCLT_1.15.1/GNU-tools-for-STM32/bin/../lib/gcc/arm-none-eabi/12.3.1/../../../../arm-none-eabi/lib/thumb/v7e-m+fp/hard\libc_nano.a
END GROUP
START GROUP
LOAD C:/ST/STM32CubeCLT_1.15.1/GNU-tools-for-STM32/bin/../lib/gcc/arm-none-eabi/12.3.1/thumb/v7e-m+fp/hard\libgcc.a
LOAD C:/ST/STM32CubeCLT_1.15.1/GNU-tools-for-STM32/bin/../lib/gcc/arm-none-eabi/12.3.1/../../../../arm-none-eabi/lib/thumb/v7e-m+fp/hard\libc_nano.a
END GROUP
LOAD C:/ST/STM32CubeCLT_1.15.1/GNU-tools-for-STM32/bin/../lib/gcc/arm-none-eabi/12.3.1/thumb/v7e-m+fp/hard/crtend.o
LOAD C:/ST/STM32CubeCLT_1.15.1/GNU-tools-for-STM32/bin/../lib/gcc/arm-none-eabi/12.3.1/thumb/v7e-m+fp/hard/crtn.o
                0x20020000                        _estack = (ORIGIN (RAM) + LENGTH (RAM))
                0x00000200                        _Min_Heap_Size = 0x200
                0x00000400                        _Min_Stack_Size = 0x400

.isr_vector     0x08000000      0x188
                0x08000000                        . = ALIGN (0x4)
 *(.isr_vector)
 .isr_vector    0x08000000      0x188 CMakeFiles/DMS-24-RTOS-VCU.dir/startup_stm32f407xx.s.obj
                0x08000000                g_pfnVectors
                0x08000188                        . = ALIGN (0x4)

.text           0x08000190     0xc3e0
                0x08000190                        . = ALIGN (0x4)
 *(.text)
 .text          0x08000190       0x40 C:/ST/STM32CubeCLT_1.15.1/GNU-tools-for-STM32/bin/../lib/gcc/arm-none-eabi/12.3.1/thumb/v7e-m+fp/hard/crtbegin.o
 .text          0x080001d0       0x30 C:/ST/STM32CubeCLT_1.15.1/GNU-tools-for-STM32/bin/../lib/gcc/arm-none-eabi/12.3.1/thumb/v7e-m+fp/hard\libgcc.a(_aeabi_uldivmod.o)
                0x080001d0                __aeabi_uldivmod
 .text          0x08000200      0x2bc C:/ST/STM32CubeCLT_1.15.1/GNU-tools-for-STM32/bin/../lib/gcc/arm-none-eabi/12.3.1/thumb/v7e-m+fp/hard\libgcc.a(_udivmoddi4.o)
                0x08000200                __udivmoddi4
 .text          0x080004bc        0x4 C:/ST/STM32CubeCLT_1.15.1/GNU-tools-for-STM32/bin/../lib/gcc/arm-none-eabi/12.3.1/thumb/v7e-m+fp/hard\libgcc.a(_dvmd_tls.o)
                0x080004bc                __aeabi_idiv0
                0x080004bc                __aeabi_ldiv0
 *(.text*)
 .text.memset   0x080004c0       0x10 C:/ST/STM32CubeCLT_1.15.1/GNU-tools-for-STM32/bin/../lib/gcc/arm-none-eabi/12.3.1/../../../../arm-none-eabi/lib/thumb/v7e-m+fp/hard\libc_nano.a(libc_a-memset.o)
                0x080004c0                memset
 .text.__libc_init_array
                0x080004d0       0x48 C:/ST/STM32CubeCLT_1.15.1/GNU-tools-for-STM32/bin/../lib/gcc/arm-none-eabi/12.3.1/../../../../arm-none-eabi/lib/thumb/v7e-m+fp/hard\libc_nano.a(libc_a-init.o)
                0x080004d0                __libc_init_array
 .text.__retarget_lock_acquire_recursive
                0x08000518        0x2 C:/ST/STM32CubeCLT_1.15.1/GNU-tools-for-STM32/bin/../lib/gcc/arm-none-eabi/12.3.1/../../../../arm-none-eabi/lib/thumb/v7e-m+fp/hard\libc_nano.a(libc_a-lock.o)
                0x08000518                __retarget_lock_acquire_recursive
 .text.__retarget_lock_release_recursive
                0x0800051a        0x2 C:/ST/STM32CubeCLT_1.15.1/GNU-tools-for-STM32/bin/../lib/gcc/arm-none-eabi/12.3.1/../../../../arm-none-eabi/lib/thumb/v7e-m+fp/hard\libc_nano.a(libc_a-lock.o)
                0x0800051a                __retarget_lock_release_recursive
 .text._free_r  0x0800051c       0x94 C:/ST/STM32CubeCLT_1.15.1/GNU-tools-for-STM32/bin/../lib/gcc/arm-none-eabi/12.3.1/../../../../arm-none-eabi/lib/thumb/v7e-m+fp/hard\libc_nano.a(libc_a-freer.o)
                0x0800051c                _free_r
 .text.sbrk_aligned
                0x080005b0       0x44 C:/ST/STM32CubeCLT_1.15.1/GNU-tools-for-STM32/bin/../lib/gcc/arm-none-eabi/12.3.1/../../../../arm-none-eabi/lib/thumb/v7e-m+fp/hard\libc_nano.a(libc_a-mallocr.o)
 .text._malloc_r
                0x080005f4      0x100 C:/ST/STM32CubeCLT_1.15.1/GNU-tools-for-STM32/bin/../lib/gcc/arm-none-eabi/12.3.1/../../../../arm-none-eabi/lib/thumb/v7e-m+fp/hard\libc_nano.a(libc_a-mallocr.o)
                0x080005f4                _malloc_r
 .text.__malloc_lock
                0x080006f4        0xc C:/ST/STM32CubeCLT_1.15.1/GNU-tools-for-STM32/bin/../lib/gcc/arm-none-eabi/12.3.1/../../../../arm-none-eabi/lib/thumb/v7e-m+fp/hard\libc_nano.a(libc_a-mlock.o)
                0x080006f4                __malloc_lock
 .text.__malloc_unlock
                0x08000700        0xc C:/ST/STM32CubeCLT_1.15.1/GNU-tools-for-STM32/bin/../lib/gcc/arm-none-eabi/12.3.1/../../../../arm-none-eabi/lib/thumb/v7e-m+fp/hard\libc_nano.a(libc_a-mlock.o)
                0x08000700                __malloc_unlock
 .text._sbrk_r  0x0800070c       0x20 C:/ST/STM32CubeCLT_1.15.1/GNU-tools-for-STM32/bin/../lib/gcc/arm-none-eabi/12.3.1/../../../../arm-none-eabi/lib/thumb/v7e-m+fp/hard\libc_nano.a(libc_a-sbrkr.o)
                0x0800070c                _sbrk_r
 .text.main     0x0800072c       0x60 CMakeFiles/DMS-24-RTOS-VCU.dir/Core/Src/main.c.obj
                0x0800072c                main
 .text.SystemClock_Config
                0x0800078c       0xd4 CMakeFiles/DMS-24-RTOS-VCU.dir/Core/Src/main.c.obj
                0x0800078c                SystemClock_Config
 .text.MX_I2C1_Init
                0x08000860       0x5c CMakeFiles/DMS-24-RTOS-VCU.dir/Core/Src/main.c.obj
 .text.MX_I2S3_Init
                0x080008bc       0x60 CMakeFiles/DMS-24-RTOS-VCU.dir/Core/Src/main.c.obj
 .text.MX_SPI1_Init
                0x0800091c       0x6c CMakeFiles/DMS-24-RTOS-VCU.dir/Core/Src/main.c.obj
 .text.MX_GPIO_Init
                0x08000988      0x1fc CMakeFiles/DMS-24-RTOS-VCU.dir/Core/Src/main.c.obj
 .text.StartBlink01
                0x08000b84       0x24 CMakeFiles/DMS-24-RTOS-VCU.dir/Core/Src/main.c.obj
                0x08000b84                StartBlink01
 .text.StartBlink02
                0x08000ba8       0x20 CMakeFiles/DMS-24-RTOS-VCU.dir/Core/Src/main.c.obj
                0x08000ba8                StartBlink02
 .text.HAL_TIM_PeriodElapsedCallback
                0x08000bc8       0x24 CMakeFiles/DMS-24-RTOS-VCU.dir/Core/Src/main.c.obj
                0x08000bc8                HAL_TIM_PeriodElapsedCallback
 .text.Error_Handler
                0x08000bec        0xc CMakeFiles/DMS-24-RTOS-VCU.dir/Core/Src/main.c.obj
                0x08000bec                Error_Handler
 .text.NMI_Handler
                0x08000bf8        0x8 CMakeFiles/DMS-24-RTOS-VCU.dir/Core/Src/stm32f4xx_it.c.obj
                0x08000bf8                NMI_Handler
 .text.HardFault_Handler
                0x08000c00        0x8 CMakeFiles/DMS-24-RTOS-VCU.dir/Core/Src/stm32f4xx_it.c.obj
                0x08000c00                HardFault_Handler
 .text.MemManage_Handler
                0x08000c08        0x8 CMakeFiles/DMS-24-RTOS-VCU.dir/Core/Src/stm32f4xx_it.c.obj
                0x08000c08                MemManage_Handler
 .text.BusFault_Handler
                0x08000c10        0x8 CMakeFiles/DMS-24-RTOS-VCU.dir/Core/Src/stm32f4xx_it.c.obj
                0x08000c10                BusFault_Handler
 .text.UsageFault_Handler
                0x08000c18        0x8 CMakeFiles/DMS-24-RTOS-VCU.dir/Core/Src/stm32f4xx_it.c.obj
                0x08000c18                UsageFault_Handler
 .text.DebugMon_Handler
                0x08000c20        0xe CMakeFiles/DMS-24-RTOS-VCU.dir/Core/Src/stm32f4xx_it.c.obj
                0x08000c20                DebugMon_Handler
 *fill*         0x08000c2e        0x2 
 .text.TIM6_DAC_IRQHandler
                0x08000c30       0x14 CMakeFiles/DMS-24-RTOS-VCU.dir/Core/Src/stm32f4xx_it.c.obj
                0x08000c30                TIM6_DAC_IRQHandler
 .text.OTG_FS_IRQHandler
                0x08000c44       0x14 CMakeFiles/DMS-24-RTOS-VCU.dir/Core/Src/stm32f4xx_it.c.obj
                0x08000c44                OTG_FS_IRQHandler
 .text.HAL_MspInit
                0x08000c58       0x58 CMakeFiles/DMS-24-RTOS-VCU.dir/Core/Src/stm32f4xx_hal_msp.c.obj
                0x08000c58                HAL_MspInit
 .text.HAL_I2C_MspInit
                0x08000cb0       0x90 CMakeFiles/DMS-24-RTOS-VCU.dir/Core/Src/stm32f4xx_hal_msp.c.obj
                0x08000cb0                HAL_I2C_MspInit
 .text.HAL_I2S_MspInit
                0x08000d40      0x100 CMakeFiles/DMS-24-RTOS-VCU.dir/Core/Src/stm32f4xx_hal_msp.c.obj
                0x08000d40                HAL_I2S_MspInit
 .text.HAL_SPI_MspInit
                0x08000e40       0x90 CMakeFiles/DMS-24-RTOS-VCU.dir/Core/Src/stm32f4xx_hal_msp.c.obj
                0x08000e40                HAL_SPI_MspInit
 .text.HAL_InitTick
                0x08000ed0       0xf8 CMakeFiles/DMS-24-RTOS-VCU.dir/Core/Src/stm32f4xx_hal_timebase_tim.c.obj
                0x08000ed0                HAL_InitTick
 .text.MX_USB_HOST_Init
                0x08000fc8       0x4c CMakeFiles/DMS-24-RTOS-VCU.dir/USB_HOST/App/usb_host.c.obj
                0x08000fc8                MX_USB_HOST_Init
 .text.USBH_UserProcess
                0x08001014       0x5c CMakeFiles/DMS-24-RTOS-VCU.dir/USB_HOST/App/usb_host.c.obj
 .text.HAL_HCD_MspInit
                0x08001070       0xc4 CMakeFiles/DMS-24-RTOS-VCU.dir/USB_HOST/Target/usbh_conf.c.obj
                0x08001070                HAL_HCD_MspInit
 .text.HAL_HCD_SOF_Callback
                0x08001134       0x1c CMakeFiles/DMS-24-RTOS-VCU.dir/USB_HOST/Target/usbh_conf.c.obj
                0x08001134                HAL_HCD_SOF_Callback
 .text.HAL_HCD_Connect_Callback
                0x08001150       0x1c CMakeFiles/DMS-24-RTOS-VCU.dir/USB_HOST/Target/usbh_conf.c.obj
                0x08001150                HAL_HCD_Connect_Callback
 .text.HAL_HCD_Disconnect_Callback
                0x0800116c       0x1c CMakeFiles/DMS-24-RTOS-VCU.dir/USB_HOST/Target/usbh_conf.c.obj
                0x0800116c                HAL_HCD_Disconnect_Callback
 .text.HAL_HCD_HC_NotifyURBChange_Callback
                0x08001188       0x24 CMakeFiles/DMS-24-RTOS-VCU.dir/USB_HOST/Target/usbh_conf.c.obj
                0x08001188                HAL_HCD_HC_NotifyURBChange_Callback
 .text.HAL_HCD_PortEnabled_Callback
                0x080011ac       0x1c CMakeFiles/DMS-24-RTOS-VCU.dir/USB_HOST/Target/usbh_conf.c.obj
                0x080011ac                HAL_HCD_PortEnabled_Callback
 .text.HAL_HCD_PortDisabled_Callback
                0x080011c8       0x1c CMakeFiles/DMS-24-RTOS-VCU.dir/USB_HOST/Target/usbh_conf.c.obj
                0x080011c8                HAL_HCD_PortDisabled_Callback
 .text.USBH_LL_Init
                0x080011e4       0x78 CMakeFiles/DMS-24-RTOS-VCU.dir/USB_HOST/Target/usbh_conf.c.obj
                0x080011e4                USBH_LL_Init
 .text.USBH_LL_Start
                0x0800125c       0x36 CMakeFiles/DMS-24-RTOS-VCU.dir/USB_HOST/Target/usbh_conf.c.obj
                0x0800125c                USBH_LL_Start
 .text.USBH_LL_Stop
                0x08001292       0x36 CMakeFiles/DMS-24-RTOS-VCU.dir/USB_HOST/Target/usbh_conf.c.obj
                0x08001292                USBH_LL_Stop
 .text.USBH_LL_GetSpeed
                0x080012c8       0x4e CMakeFiles/DMS-24-RTOS-VCU.dir/USB_HOST/Target/usbh_conf.c.obj
                0x080012c8                USBH_LL_GetSpeed
 .text.USBH_LL_ResetPort
                0x08001316       0x36 CMakeFiles/DMS-24-RTOS-VCU.dir/USB_HOST/Target/usbh_conf.c.obj
                0x08001316                USBH_LL_ResetPort
 .text.USBH_LL_GetLastXferSize
                0x0800134c       0x26 CMakeFiles/DMS-24-RTOS-VCU.dir/USB_HOST/Target/usbh_conf.c.obj
                0x0800134c                USBH_LL_GetLastXferSize
 .text.USBH_LL_OpenPipe
                0x08001372       0x5e CMakeFiles/DMS-24-RTOS-VCU.dir/USB_HOST/Target/usbh_conf.c.obj
                0x08001372                USBH_LL_OpenPipe
 .text.USBH_LL_ClosePipe
                0x080013d0       0x3e CMakeFiles/DMS-24-RTOS-VCU.dir/USB_HOST/Target/usbh_conf.c.obj
                0x080013d0                USBH_LL_ClosePipe
 .text.USBH_LL_SubmitURB
                0x0800140e       0x62 CMakeFiles/DMS-24-RTOS-VCU.dir/USB_HOST/Target/usbh_conf.c.obj
                0x0800140e                USBH_LL_SubmitURB
 .text.USBH_LL_GetURBState
                0x08001470       0x26 CMakeFiles/DMS-24-RTOS-VCU.dir/USB_HOST/Target/usbh_conf.c.obj
                0x08001470                USBH_LL_GetURBState
 .text.USBH_LL_DriverVBUS
                0x08001496       0x2e CMakeFiles/DMS-24-RTOS-VCU.dir/USB_HOST/Target/usbh_conf.c.obj
                0x08001496                USBH_LL_DriverVBUS
 .text.USBH_LL_SetToggle
                0x080014c4       0x66 CMakeFiles/DMS-24-RTOS-VCU.dir/USB_HOST/Target/usbh_conf.c.obj
                0x080014c4                USBH_LL_SetToggle
 .text.USBH_Delay
                0x0800152a       0x16 CMakeFiles/DMS-24-RTOS-VCU.dir/USB_HOST/Target/usbh_conf.c.obj
                0x0800152a                USBH_Delay
 .text.USBH_Get_USB_Status
                0x08001540       0x58 CMakeFiles/DMS-24-RTOS-VCU.dir/USB_HOST/Target/usbh_conf.c.obj
                0x08001540                USBH_Get_USB_Status
 .text.MX_DriverVbusFS
                0x08001598       0x38 CMakeFiles/DMS-24-RTOS-VCU.dir/USB_HOST/Target/usbh_platform.c.obj
                0x08001598                MX_DriverVbusFS
 .text.HAL_HCD_Init
                0x080015d0       0xce CMakeFiles/DMS-24-RTOS-VCU.dir/Drivers/STM32F4xx_HAL_Driver/Src/stm32f4xx_hal_hcd.c.obj
                0x080015d0                HAL_HCD_Init
 .text.HAL_HCD_HC_Init
                0x0800169e      0x170 CMakeFiles/DMS-24-RTOS-VCU.dir/Drivers/STM32F4xx_HAL_Driver/Src/stm32f4xx_hal_hcd.c.obj
                0x0800169e                HAL_HCD_HC_Init
 .text.HAL_HCD_HC_Halt
                0x0800180e       0x46 CMakeFiles/DMS-24-RTOS-VCU.dir/Drivers/STM32F4xx_HAL_Driver/Src/stm32f4xx_hal_hcd.c.obj
                0x0800180e                HAL_HCD_HC_Halt
 .text.HAL_HCD_HC_SubmitRequest
                0x08001854      0x33c CMakeFiles/DMS-24-RTOS-VCU.dir/Drivers/STM32F4xx_HAL_Driver/Src/stm32f4xx_hal_hcd.c.obj
                0x08001854                HAL_HCD_HC_SubmitRequest
 .text.HAL_HCD_IRQHandler
                0x08001b90      0x220 CMakeFiles/DMS-24-RTOS-VCU.dir/Drivers/STM32F4xx_HAL_Driver/Src/stm32f4xx_hal_hcd.c.obj
                0x08001b90                HAL_HCD_IRQHandler
 .text.HAL_HCD_Start
                0x08001db0       0x46 CMakeFiles/DMS-24-RTOS-VCU.dir/Drivers/STM32F4xx_HAL_Driver/Src/stm32f4xx_hal_hcd.c.obj
                0x08001db0                HAL_HCD_Start
 .text.HAL_HCD_Stop
                0x08001df6       0x3a CMakeFiles/DMS-24-RTOS-VCU.dir/Drivers/STM32F4xx_HAL_Driver/Src/stm32f4xx_hal_hcd.c.obj
                0x08001df6                HAL_HCD_Stop
 .text.HAL_HCD_ResetPort
                0x08001e30       0x1c CMakeFiles/DMS-24-RTOS-VCU.dir/Drivers/STM32F4xx_HAL_Driver/Src/stm32f4xx_hal_hcd.c.obj
                0x08001e30                HAL_HCD_ResetPort
 .text.HAL_HCD_HC_GetURBState
                0x08001e4c       0x2a CMakeFiles/DMS-24-RTOS-VCU.dir/Drivers/STM32F4xx_HAL_Driver/Src/stm32f4xx_hal_hcd.c.obj
                0x08001e4c                HAL_HCD_HC_GetURBState
 .text.HAL_HCD_HC_GetXferCount
                0x08001e76       0x2a CMakeFiles/DMS-24-RTOS-VCU.dir/Drivers/STM32F4xx_HAL_Driver/Src/stm32f4xx_hal_hcd.c.obj
                0x08001e76                HAL_HCD_HC_GetXferCount
 .text.HAL_HCD_GetCurrentFrame
                0x08001ea0       0x1c CMakeFiles/DMS-24-RTOS-VCU.dir/Drivers/STM32F4xx_HAL_Driver/Src/stm32f4xx_hal_hcd.c.obj
                0x08001ea0                HAL_HCD_GetCurrentFrame
 .text.HAL_HCD_GetCurrentSpeed
                0x08001ebc       0x1c CMakeFiles/DMS-24-RTOS-VCU.dir/Drivers/STM32F4xx_HAL_Driver/Src/stm32f4xx_hal_hcd.c.obj
                0x08001ebc                HAL_HCD_GetCurrentSpeed
 .text.HAL_HCD_HC_ClearHubInfo
                0x08001ed8       0x6a CMakeFiles/DMS-24-RTOS-VCU.dir/Drivers/STM32F4xx_HAL_Driver/Src/stm32f4xx_hal_hcd.c.obj
                0x08001ed8                HAL_HCD_HC_ClearHubInfo
 .text.HCD_HC_IN_IRQHandler
                0x08001f42      0xcd2 CMakeFiles/DMS-24-RTOS-VCU.dir/Drivers/STM32F4xx_HAL_Driver/Src/stm32f4xx_hal_hcd.c.obj
 .text.HCD_HC_OUT_IRQHandler
                0x08002c14      0x94a CMakeFiles/DMS-24-RTOS-VCU.dir/Drivers/STM32F4xx_HAL_Driver/Src/stm32f4xx_hal_hcd.c.obj
 .text.HCD_RXQLVL_IRQHandler
                0x0800355e      0x1be CMakeFiles/DMS-24-RTOS-VCU.dir/Drivers/STM32F4xx_HAL_Driver/Src/stm32f4xx_hal_hcd.c.obj
 .text.HCD_Port_IRQHandler
                0x0800371c       0xe6 CMakeFiles/DMS-24-RTOS-VCU.dir/Drivers/STM32F4xx_HAL_Driver/Src/stm32f4xx_hal_hcd.c.obj
 .text.USB_CoreInit
                0x08003802       0xc8 CMakeFiles/DMS-24-RTOS-VCU.dir/Drivers/STM32F4xx_HAL_Driver/Src/stm32f4xx_ll_usb.c.obj
                0x08003802                USB_CoreInit
 .text.USB_EnableGlobalInt
                0x080038ca       0x22 CMakeFiles/DMS-24-RTOS-VCU.dir/Drivers/STM32F4xx_HAL_Driver/Src/stm32f4xx_ll_usb.c.obj
                0x080038ca                USB_EnableGlobalInt
 .text.USB_DisableGlobalInt
                0x080038ec       0x22 CMakeFiles/DMS-24-RTOS-VCU.dir/Drivers/STM32F4xx_HAL_Driver/Src/stm32f4xx_ll_usb.c.obj
                0x080038ec                USB_DisableGlobalInt
 .text.USB_SetCurrentMode
                0x0800390e       0x98 CMakeFiles/DMS-24-RTOS-VCU.dir/Drivers/STM32F4xx_HAL_Driver/Src/stm32f4xx_ll_usb.c.obj
                0x0800390e                USB_SetCurrentMode
 .text.USB_FlushTxFifo
                0x080039a6       0x64 CMakeFiles/DMS-24-RTOS-VCU.dir/Drivers/STM32F4xx_HAL_Driver/Src/stm32f4xx_ll_usb.c.obj
                0x080039a6                USB_FlushTxFifo
 .text.USB_FlushRxFifo
                0x08003a0a       0x5c CMakeFiles/DMS-24-RTOS-VCU.dir/Drivers/STM32F4xx_HAL_Driver/Src/stm32f4xx_ll_usb.c.obj
                0x08003a0a                USB_FlushRxFifo
 .text.USB_WritePacket
                0x08003a66       0x7c CMakeFiles/DMS-24-RTOS-VCU.dir/Drivers/STM32F4xx_HAL_Driver/Src/stm32f4xx_ll_usb.c.obj
                0x08003a66                USB_WritePacket
 .text.USB_ReadPacket
                0x08003ae2       0xb0 CMakeFiles/DMS-24-RTOS-VCU.dir/Drivers/STM32F4xx_HAL_Driver/Src/stm32f4xx_ll_usb.c.obj
                0x08003ae2                USB_ReadPacket
 .text.USB_ReadInterrupts
                0x08003b92       0x26 CMakeFiles/DMS-24-RTOS-VCU.dir/Drivers/STM32F4xx_HAL_Driver/Src/stm32f4xx_ll_usb.c.obj
                0x08003b92                USB_ReadInterrupts
 .text.USB_ReadChInterrupts
                0x08003bb8       0x42 CMakeFiles/DMS-24-RTOS-VCU.dir/Drivers/STM32F4xx_HAL_Driver/Src/stm32f4xx_ll_usb.c.obj
                0x08003bb8                USB_ReadChInterrupts
 .text.USB_GetMode
                0x08003bfa       0x1c CMakeFiles/DMS-24-RTOS-VCU.dir/Drivers/STM32F4xx_HAL_Driver/Src/stm32f4xx_ll_usb.c.obj
                0x08003bfa                USB_GetMode
 .text.USB_CoreReset
                0x08003c16       0x62 CMakeFiles/DMS-24-RTOS-VCU.dir/Drivers/STM32F4xx_HAL_Driver/Src/stm32f4xx_ll_usb.c.obj
 .text.USB_HostInit
                0x08003c78      0x188 CMakeFiles/DMS-24-RTOS-VCU.dir/Drivers/STM32F4xx_HAL_Driver/Src/stm32f4xx_ll_usb.c.obj
                0x08003c78                USB_HostInit
 .text.USB_InitFSLSPClkSel
                0x08003e00       0x7a CMakeFiles/DMS-24-RTOS-VCU.dir/Drivers/STM32F4xx_HAL_Driver/Src/stm32f4xx_ll_usb.c.obj
                0x08003e00                USB_InitFSLSPClkSel
 .text.USB_ResetPort
                0x08003e7a       0x54 CMakeFiles/DMS-24-RTOS-VCU.dir/Drivers/STM32F4xx_HAL_Driver/Src/stm32f4xx_ll_usb.c.obj
                0x08003e7a                USB_ResetPort
 .text.USB_DriveVbus
                0x08003ece       0x72 CMakeFiles/DMS-24-RTOS-VCU.dir/Drivers/STM32F4xx_HAL_Driver/Src/stm32f4xx_ll_usb.c.obj
                0x08003ece                USB_DriveVbus
 .text.USB_GetHostSpeed
                0x08003f40       0x2e CMakeFiles/DMS-24-RTOS-VCU.dir/Drivers/STM32F4xx_HAL_Driver/Src/stm32f4xx_ll_usb.c.obj
                0x08003f40                USB_GetHostSpeed
 .text.USB_GetCurrentFrame
                0x08003f6e       0x22 CMakeFiles/DMS-24-RTOS-VCU.dir/Drivers/STM32F4xx_HAL_Driver/Src/stm32f4xx_ll_usb.c.obj
                0x08003f6e                USB_GetCurrentFrame
 .text.USB_HC_Init
                0x08003f90      0x258 CMakeFiles/DMS-24-RTOS-VCU.dir/Drivers/STM32F4xx_HAL_Driver/Src/stm32f4xx_ll_usb.c.obj
                0x08003f90                USB_HC_Init
 .text.USB_HC_StartXfer
                0x080041e8      0x4f4 CMakeFiles/DMS-24-RTOS-VCU.dir/Drivers/STM32F4xx_HAL_Driver/Src/stm32f4xx_ll_usb.c.obj
                0x080041e8                USB_HC_StartXfer
 .text.USB_HC_ReadInterrupt
                0x080046dc       0x22 CMakeFiles/DMS-24-RTOS-VCU.dir/Drivers/STM32F4xx_HAL_Driver/Src/stm32f4xx_ll_usb.c.obj
                0x080046dc                USB_HC_ReadInterrupt
 .text.USB_HC_Halt
                0x080046fe      0x240 CMakeFiles/DMS-24-RTOS-VCU.dir/Drivers/STM32F4xx_HAL_Driver/Src/stm32f4xx_ll_usb.c.obj
                0x080046fe                USB_HC_Halt
 *fill*         0x0800493e        0x2 
 .text.USB_DoPing
                0x08004940       0x78 CMakeFiles/DMS-24-RTOS-VCU.dir/Drivers/STM32F4xx_HAL_Driver/Src/stm32f4xx_ll_usb.c.obj
                0x08004940                USB_DoPing
 .text.USB_StopHost
                0x080049b8      0x124 CMakeFiles/DMS-24-RTOS-VCU.dir/Drivers/STM32F4xx_HAL_Driver/Src/stm32f4xx_ll_usb.c.obj
                0x080049b8                USB_StopHost
 .text.HAL_RCC_OscConfig
                0x08004adc      0x4f0 CMakeFiles/DMS-24-RTOS-VCU.dir/Drivers/STM32F4xx_HAL_Driver/Src/stm32f4xx_hal_rcc.c.obj
                0x08004adc                HAL_RCC_OscConfig
 .text.HAL_RCC_ClockConfig
                0x08004fcc      0x1cc CMakeFiles/DMS-24-RTOS-VCU.dir/Drivers/STM32F4xx_HAL_Driver/Src/stm32f4xx_hal_rcc.c.obj
                0x08004fcc                HAL_RCC_ClockConfig
 .text.HAL_RCC_GetSysClockFreq
                0x08005198      0x20c CMakeFiles/DMS-24-RTOS-VCU.dir/Drivers/STM32F4xx_HAL_Driver/Src/stm32f4xx_hal_rcc.c.obj
                0x08005198                HAL_RCC_GetSysClockFreq
 .text.HAL_RCC_GetHCLKFreq
                0x080053a4       0x18 CMakeFiles/DMS-24-RTOS-VCU.dir/Drivers/STM32F4xx_HAL_Driver/Src/stm32f4xx_hal_rcc.c.obj
                0x080053a4                HAL_RCC_GetHCLKFreq
 .text.HAL_RCC_GetPCLK1Freq
                0x080053bc       0x28 CMakeFiles/DMS-24-RTOS-VCU.dir/Drivers/STM32F4xx_HAL_Driver/Src/stm32f4xx_hal_rcc.c.obj
                0x080053bc                HAL_RCC_GetPCLK1Freq
 .text.HAL_RCC_GetClockConfig
                0x080053e4       0x64 CMakeFiles/DMS-24-RTOS-VCU.dir/Drivers/STM32F4xx_HAL_Driver/Src/stm32f4xx_hal_rcc.c.obj
                0x080053e4                HAL_RCC_GetClockConfig
 .text.HAL_RCCEx_PeriphCLKConfig
                0x08005448      0x1c4 CMakeFiles/DMS-24-RTOS-VCU.dir/Drivers/STM32F4xx_HAL_Driver/Src/stm32f4xx_hal_rcc_ex.c.obj
                0x08005448                HAL_RCCEx_PeriphCLKConfig
 .text.HAL_RCCEx_GetPeriphCLKFreq
                0x0800560c       0xc0 CMakeFiles/DMS-24-RTOS-VCU.dir/Drivers/STM32F4xx_HAL_Driver/Src/stm32f4xx_hal_rcc_ex.c.obj
                0x0800560c                HAL_RCCEx_GetPeriphCLKFreq
 .text.HAL_GPIO_Init
                0x080056cc      0x338 CMakeFiles/DMS-24-RTOS-VCU.dir/Drivers/STM32F4xx_HAL_Driver/Src/stm32f4xx_hal_gpio.c.obj
                0x080056cc                HAL_GPIO_Init
 .text.HAL_GPIO_WritePin
                0x08005a04       0x32 CMakeFiles/DMS-24-RTOS-VCU.dir/Drivers/STM32F4xx_HAL_Driver/Src/stm32f4xx_hal_gpio.c.obj
                0x08005a04                HAL_GPIO_WritePin
 .text.HAL_GPIO_TogglePin
                0x08005a36       0x34 CMakeFiles/DMS-24-RTOS-VCU.dir/Drivers/STM32F4xx_HAL_Driver/Src/stm32f4xx_hal_gpio.c.obj
                0x08005a36                HAL_GPIO_TogglePin
 *fill*         0x08005a6a        0x2 
 .text.__NVIC_SetPriorityGrouping
                0x08005a6c       0x48 CMakeFiles/DMS-24-RTOS-VCU.dir/Drivers/STM32F4xx_HAL_Driver/Src/stm32f4xx_hal_cortex.c.obj
 .text.__NVIC_GetPriorityGrouping
                0x08005ab4       0x1c CMakeFiles/DMS-24-RTOS-VCU.dir/Drivers/STM32F4xx_HAL_Driver/Src/stm32f4xx_hal_cortex.c.obj
 .text.__NVIC_EnableIRQ
                0x08005ad0       0x3c CMakeFiles/DMS-24-RTOS-VCU.dir/Drivers/STM32F4xx_HAL_Driver/Src/stm32f4xx_hal_cortex.c.obj
 .text.__NVIC_SetPriority
                0x08005b0c       0x54 CMakeFiles/DMS-24-RTOS-VCU.dir/Drivers/STM32F4xx_HAL_Driver/Src/stm32f4xx_hal_cortex.c.obj
 .text.NVIC_EncodePriority
                0x08005b60       0x66 CMakeFiles/DMS-24-RTOS-VCU.dir/Drivers/STM32F4xx_HAL_Driver/Src/stm32f4xx_hal_cortex.c.obj
 .text.HAL_NVIC_SetPriorityGrouping
                0x08005bc6       0x16 CMakeFiles/DMS-24-RTOS-VCU.dir/Drivers/STM32F4xx_HAL_Driver/Src/stm32f4xx_hal_cortex.c.obj
                0x08005bc6                HAL_NVIC_SetPriorityGrouping
 .text.HAL_NVIC_SetPriority
                0x08005bdc       0x38 CMakeFiles/DMS-24-RTOS-VCU.dir/Drivers/STM32F4xx_HAL_Driver/Src/stm32f4xx_hal_cortex.c.obj
                0x08005bdc                HAL_NVIC_SetPriority
 .text.HAL_NVIC_EnableIRQ
                0x08005c14       0x1c CMakeFiles/DMS-24-RTOS-VCU.dir/Drivers/STM32F4xx_HAL_Driver/Src/stm32f4xx_hal_cortex.c.obj
                0x08005c14                HAL_NVIC_EnableIRQ
 .text.HAL_Init
                0x08005c30       0x44 CMakeFiles/DMS-24-RTOS-VCU.dir/Drivers/STM32F4xx_HAL_Driver/Src/stm32f4xx_hal.c.obj
                0x08005c30                HAL_Init
 .text.HAL_IncTick
                0x08005c74       0x28 CMakeFiles/DMS-24-RTOS-VCU.dir/Drivers/STM32F4xx_HAL_Driver/Src/stm32f4xx_hal.c.obj
                0x08005c74                HAL_IncTick
 .text.HAL_GetTick
                0x08005c9c       0x18 CMakeFiles/DMS-24-RTOS-VCU.dir/Drivers/STM32F4xx_HAL_Driver/Src/stm32f4xx_hal.c.obj
                0x08005c9c                HAL_GetTick
 .text.HAL_Delay
                0x08005cb4       0x48 CMakeFiles/DMS-24-RTOS-VCU.dir/Drivers/STM32F4xx_HAL_Driver/Src/stm32f4xx_hal.c.obj
                0x08005cb4                HAL_Delay
 .text.HAL_I2C_Init
                0x08005cfc      0x288 CMakeFiles/DMS-24-RTOS-VCU.dir/Drivers/STM32F4xx_HAL_Driver/Src/stm32f4xx_hal_i2c.c.obj
                0x08005cfc                HAL_I2C_Init
 .text.HAL_I2S_Init
                0x08005f84      0x280 CMakeFiles/DMS-24-RTOS-VCU.dir/Drivers/STM32F4xx_HAL_Driver/Src/stm32f4xx_hal_i2s.c.obj
                0x08005f84                HAL_I2S_Init
 .text.HAL_I2S_TxCpltCallback
                0x08006204       0x14 CMakeFiles/DMS-24-RTOS-VCU.dir/Drivers/STM32F4xx_HAL_Driver/Src/stm32f4xx_hal_i2s.c.obj
                0x08006204                HAL_I2S_TxCpltCallback
 .text.HAL_I2S_RxCpltCallback
                0x08006218       0x14 CMakeFiles/DMS-24-RTOS-VCU.dir/Drivers/STM32F4xx_HAL_Driver/Src/stm32f4xx_hal_i2s.c.obj
                0x08006218                HAL_I2S_RxCpltCallback
 .text.HAL_I2S_ErrorCallback
                0x0800622c       0x14 CMakeFiles/DMS-24-RTOS-VCU.dir/Drivers/STM32F4xx_HAL_Driver/Src/stm32f4xx_hal_i2s.c.obj
                0x0800622c                HAL_I2S_ErrorCallback
 .text.I2S_Transmit_IT
                0x08006240       0x5c CMakeFiles/DMS-24-RTOS-VCU.dir/Drivers/STM32F4xx_HAL_Driver/Src/stm32f4xx_hal_i2s.c.obj
 .text.I2S_Receive_IT
                0x0800629c       0x5e CMakeFiles/DMS-24-RTOS-VCU.dir/Drivers/STM32F4xx_HAL_Driver/Src/stm32f4xx_hal_i2s.c.obj
 .text.I2S_IRQHandler
                0x080062fa      0x114 CMakeFiles/DMS-24-RTOS-VCU.dir/Drivers/STM32F4xx_HAL_Driver/Src/stm32f4xx_hal_i2s.c.obj
 *fill*         0x0800640e        0x2 
 .text.HAL_I2SEx_FullDuplex_IRQHandler
                0x08006410      0x2a8 CMakeFiles/DMS-24-RTOS-VCU.dir/Drivers/STM32F4xx_HAL_Driver/Src/stm32f4xx_hal_i2s_ex.c.obj
                0x08006410                HAL_I2SEx_FullDuplex_IRQHandler
 .text.HAL_I2SEx_TxRxCpltCallback
                0x080066b8       0x14 CMakeFiles/DMS-24-RTOS-VCU.dir/Drivers/STM32F4xx_HAL_Driver/Src/stm32f4xx_hal_i2s_ex.c.obj
                0x080066b8                HAL_I2SEx_TxRxCpltCallback
 .text.I2SEx_TxISR_I2S
                0x080066cc       0x62 CMakeFiles/DMS-24-RTOS-VCU.dir/Drivers/STM32F4xx_HAL_Driver/Src/stm32f4xx_hal_i2s_ex.c.obj
 *fill*         0x0800672e        0x2 
 .text.I2SEx_TxISR_I2SExt
                0x08006730       0x98 CMakeFiles/DMS-24-RTOS-VCU.dir/Drivers/STM32F4xx_HAL_Driver/Src/stm32f4xx_hal_i2s_ex.c.obj
 .text.I2SEx_RxISR_I2S
                0x080067c8       0x64 CMakeFiles/DMS-24-RTOS-VCU.dir/Drivers/STM32F4xx_HAL_Driver/Src/stm32f4xx_hal_i2s_ex.c.obj
 .text.I2SEx_RxISR_I2SExt
                0x0800682c       0x98 CMakeFiles/DMS-24-RTOS-VCU.dir/Drivers/STM32F4xx_HAL_Driver/Src/stm32f4xx_hal_i2s_ex.c.obj
 .text.HAL_SPI_Init
                0x080068c4      0x112 CMakeFiles/DMS-24-RTOS-VCU.dir/Drivers/STM32F4xx_HAL_Driver/Src/stm32f4xx_hal_spi.c.obj
                0x080068c4                HAL_SPI_Init
 .text.HAL_TIM_Base_Init
                0x080069d6       0x9e CMakeFiles/DMS-24-RTOS-VCU.dir/Drivers/STM32F4xx_HAL_Driver/Src/stm32f4xx_hal_tim.c.obj
                0x080069d6                HAL_TIM_Base_Init
 .text.HAL_TIM_Base_MspInit
                0x08006a74       0x14 CMakeFiles/DMS-24-RTOS-VCU.dir/Drivers/STM32F4xx_HAL_Driver/Src/stm32f4xx_hal_tim.c.obj
                0x08006a74                HAL_TIM_Base_MspInit
 .text.HAL_TIM_Base_Start_IT
                0x08006a88       0xe0 CMakeFiles/DMS-24-RTOS-VCU.dir/Drivers/STM32F4xx_HAL_Driver/Src/stm32f4xx_hal_tim.c.obj
                0x08006a88                HAL_TIM_Base_Start_IT
 .text.HAL_TIM_IRQHandler
                0x08006b68      0x1e0 CMakeFiles/DMS-24-RTOS-VCU.dir/Drivers/STM32F4xx_HAL_Driver/Src/stm32f4xx_hal_tim.c.obj
                0x08006b68                HAL_TIM_IRQHandler
 .text.HAL_TIM_OC_DelayElapsedCallback
                0x08006d48       0x14 CMakeFiles/DMS-24-RTOS-VCU.dir/Drivers/STM32F4xx_HAL_Driver/Src/stm32f4xx_hal_tim.c.obj
                0x08006d48                HAL_TIM_OC_DelayElapsedCallback
 .text.HAL_TIM_IC_CaptureCallback
                0x08006d5c       0x14 CMakeFiles/DMS-24-RTOS-VCU.dir/Drivers/STM32F4xx_HAL_Driver/Src/stm32f4xx_hal_tim.c.obj
                0x08006d5c                HAL_TIM_IC_CaptureCallback
 .text.HAL_TIM_PWM_PulseFinishedCallback
                0x08006d70       0x14 CMakeFiles/DMS-24-RTOS-VCU.dir/Drivers/STM32F4xx_HAL_Driver/Src/stm32f4xx_hal_tim.c.obj
                0x08006d70                HAL_TIM_PWM_PulseFinishedCallback
 .text.HAL_TIM_TriggerCallback
                0x08006d84       0x14 CMakeFiles/DMS-24-RTOS-VCU.dir/Drivers/STM32F4xx_HAL_Driver/Src/stm32f4xx_hal_tim.c.obj
                0x08006d84                HAL_TIM_TriggerCallback
 .text.TIM_Base_SetConfig
                0x08006d98      0x158 CMakeFiles/DMS-24-RTOS-VCU.dir/Drivers/STM32F4xx_HAL_Driver/Src/stm32f4xx_hal_tim.c.obj
                0x08006d98                TIM_Base_SetConfig
 .text.HAL_TIMEx_CommutCallback
                0x08006ef0       0x14 CMakeFiles/DMS-24-RTOS-VCU.dir/Drivers/STM32F4xx_HAL_Driver/Src/stm32f4xx_hal_tim_ex.c.obj
                0x08006ef0                HAL_TIMEx_CommutCallback
 .text.HAL_TIMEx_BreakCallback
                0x08006f04       0x14 CMakeFiles/DMS-24-RTOS-VCU.dir/Drivers/STM32F4xx_HAL_Driver/Src/stm32f4xx_hal_tim_ex.c.obj
                0x08006f04                HAL_TIMEx_BreakCallback
 .text.SystemInit
                0x08006f18       0x24 CMakeFiles/DMS-24-RTOS-VCU.dir/Core/Src/system_stm32f4xx.c.obj
                0x08006f18                SystemInit
 .text.vListInitialise
                0x08006f3c       0x40 CMakeFiles/DMS-24-RTOS-VCU.dir/Middlewares/Third_Party/FreeRTOS/Source/list.c.obj
                0x08006f3c                vListInitialise
 .text.vListInitialiseItem
                0x08006f7c       0x1a CMakeFiles/DMS-24-RTOS-VCU.dir/Middlewares/Third_Party/FreeRTOS/Source/list.c.obj
                0x08006f7c                vListInitialiseItem
 .text.vListInsertEnd
                0x08006f96       0x48 CMakeFiles/DMS-24-RTOS-VCU.dir/Middlewares/Third_Party/FreeRTOS/Source/list.c.obj
                0x08006f96                vListInsertEnd
 .text.vListInsert
                0x08006fde       0x72 CMakeFiles/DMS-24-RTOS-VCU.dir/Middlewares/Third_Party/FreeRTOS/Source/list.c.obj
                0x08006fde                vListInsert
 .text.uxListRemove
                0x08007050       0x54 CMakeFiles/DMS-24-RTOS-VCU.dir/Middlewares/Third_Party/FreeRTOS/Source/list.c.obj
                0x08007050                uxListRemove
 .text.xQueueGenericReset
                0x080070a4       0xd4 CMakeFiles/DMS-24-RTOS-VCU.dir/Middlewares/Third_Party/FreeRTOS/Source/queue.c.obj
                0x080070a4                xQueueGenericReset
 .text.xQueueGenericCreateStatic
                0x08007178       0xfa CMakeFiles/DMS-24-RTOS-VCU.dir/Middlewares/Third_Party/FreeRTOS/Source/queue.c.obj
                0x08007178                xQueueGenericCreateStatic
 .text.xQueueGenericCreate
                0x08007272       0x76 CMakeFiles/DMS-24-RTOS-VCU.dir/Middlewares/Third_Party/FreeRTOS/Source/queue.c.obj
                0x08007272                xQueueGenericCreate
 .text.prvInitialiseNewQueue
                0x080072e8       0x46 CMakeFiles/DMS-24-RTOS-VCU.dir/Middlewares/Third_Party/FreeRTOS/Source/queue.c.obj
 *fill*         0x0800732e        0x2 
 .text.xQueueGenericSend
                0x08007330      0x204 CMakeFiles/DMS-24-RTOS-VCU.dir/Middlewares/Third_Party/FreeRTOS/Source/queue.c.obj
                0x08007330                xQueueGenericSend
 .text.xQueueGenericSendFromISR
                0x08007534      0x13c CMakeFiles/DMS-24-RTOS-VCU.dir/Middlewares/Third_Party/FreeRTOS/Source/queue.c.obj
                0x08007534                xQueueGenericSendFromISR
 .text.xQueueReceive
                0x08007670      0x1c4 CMakeFiles/DMS-24-RTOS-VCU.dir/Middlewares/Third_Party/FreeRTOS/Source/queue.c.obj
                0x08007670                xQueueReceive
 .text.xQueueReceiveFromISR
                0x08007834      0x104 CMakeFiles/DMS-24-RTOS-VCU.dir/Middlewares/Third_Party/FreeRTOS/Source/queue.c.obj
                0x08007834                xQueueReceiveFromISR
 .text.prvCopyDataToQueue
                0x08007938       0xd4 CMakeFiles/DMS-24-RTOS-VCU.dir/Middlewares/Third_Party/FreeRTOS/Source/queue.c.obj
 .text.prvCopyDataFromQueue
                0x08007a0c       0x4c CMakeFiles/DMS-24-RTOS-VCU.dir/Middlewares/Third_Party/FreeRTOS/Source/queue.c.obj
 .text.prvUnlockQueue
                0x08007a58       0xa4 CMakeFiles/DMS-24-RTOS-VCU.dir/Middlewares/Third_Party/FreeRTOS/Source/queue.c.obj
 .text.prvIsQueueEmpty
                0x08007afc       0x2c CMakeFiles/DMS-24-RTOS-VCU.dir/Middlewares/Third_Party/FreeRTOS/Source/queue.c.obj
 .text.prvIsQueueFull
                0x08007b28       0x30 CMakeFiles/DMS-24-RTOS-VCU.dir/Middlewares/Third_Party/FreeRTOS/Source/queue.c.obj
 .text.vQueueAddToRegistry
                0x08007b58       0x54 CMakeFiles/DMS-24-RTOS-VCU.dir/Middlewares/Third_Party/FreeRTOS/Source/queue.c.obj
                0x08007b58                vQueueAddToRegistry
 .text.vQueueWaitForMessageRestricted
                0x08007bac       0x68 CMakeFiles/DMS-24-RTOS-VCU.dir/Middlewares/Third_Party/FreeRTOS/Source/queue.c.obj
                0x08007bac                vQueueWaitForMessageRestricted
 .text.xTaskCreateStatic
                0x08007c14       0xc0 CMakeFiles/DMS-24-RTOS-VCU.dir/Middlewares/Third_Party/FreeRTOS/Source/tasks.c.obj
                0x08007c14                xTaskCreateStatic
 .text.xTaskCreate
                0x08007cd4       0x8a CMakeFiles/DMS-24-RTOS-VCU.dir/Middlewares/Third_Party/FreeRTOS/Source/tasks.c.obj
                0x08007cd4                xTaskCreate
 .text.prvInitialiseNewTask
                0x08007d5e      0x120 CMakeFiles/DMS-24-RTOS-VCU.dir/Middlewares/Third_Party/FreeRTOS/Source/tasks.c.obj
 *fill*         0x08007e7e        0x2 
 .text.prvAddNewTaskToReadyList
                0x08007e80       0xe0 CMakeFiles/DMS-24-RTOS-VCU.dir/Middlewares/Third_Party/FreeRTOS/Source/tasks.c.obj
 .text.vTaskDelay
                0x08007f60       0x6c CMakeFiles/DMS-24-RTOS-VCU.dir/Middlewares/Third_Party/FreeRTOS/Source/tasks.c.obj
                0x08007f60                vTaskDelay
 .text.vTaskStartScheduler
                0x08007fcc       0xd0 CMakeFiles/DMS-24-RTOS-VCU.dir/Middlewares/Third_Party/FreeRTOS/Source/tasks.c.obj
                0x08007fcc                vTaskStartScheduler
 .text.vTaskSuspendAll
                0x0800809c       0x1c CMakeFiles/DMS-24-RTOS-VCU.dir/Middlewares/Third_Party/FreeRTOS/Source/tasks.c.obj
                0x0800809c                vTaskSuspendAll
 .text.xTaskResumeAll
                0x080080b8      0x13c CMakeFiles/DMS-24-RTOS-VCU.dir/Middlewares/Third_Party/FreeRTOS/Source/tasks.c.obj
                0x080080b8                xTaskResumeAll
 .text.xTaskGetTickCount
                0x080081f4       0x20 CMakeFiles/DMS-24-RTOS-VCU.dir/Middlewares/Third_Party/FreeRTOS/Source/tasks.c.obj
                0x080081f4                xTaskGetTickCount
 .text.xTaskIncrementTick
                0x08008214      0x174 CMakeFiles/DMS-24-RTOS-VCU.dir/Middlewares/Third_Party/FreeRTOS/Source/tasks.c.obj
                0x08008214                xTaskIncrementTick
 .text.vTaskSwitchContext
                0x08008388       0xbc CMakeFiles/DMS-24-RTOS-VCU.dir/Middlewares/Third_Party/FreeRTOS/Source/tasks.c.obj
                0x08008388                vTaskSwitchContext
 .text.vTaskPlaceOnEventList
                0x08008444       0x4c CMakeFiles/DMS-24-RTOS-VCU.dir/Middlewares/Third_Party/FreeRTOS/Source/tasks.c.obj
                0x08008444                vTaskPlaceOnEventList
 .text.vTaskPlaceOnEventListRestricted
                0x08008490       0x58 CMakeFiles/DMS-24-RTOS-VCU.dir/Middlewares/Third_Party/FreeRTOS/Source/tasks.c.obj
                0x08008490                vTaskPlaceOnEventListRestricted
 .text.xTaskRemoveFromEventList
                0x080084e8       0xc8 CMakeFiles/DMS-24-RTOS-VCU.dir/Middlewares/Third_Party/FreeRTOS/Source/tasks.c.obj
                0x080084e8                xTaskRemoveFromEventList
 .text.vTaskInternalSetTimeOutState
                0x080085b0       0x2c CMakeFiles/DMS-24-RTOS-VCU.dir/Middlewares/Third_Party/FreeRTOS/Source/tasks.c.obj
                0x080085b0                vTaskInternalSetTimeOutState
 .text.xTaskCheckForTimeOut
                0x080085dc       0xc8 CMakeFiles/DMS-24-RTOS-VCU.dir/Middlewares/Third_Party/FreeRTOS/Source/tasks.c.obj
                0x080085dc                xTaskCheckForTimeOut
 .text.vTaskMissedYield
                0x080086a4       0x18 CMakeFiles/DMS-24-RTOS-VCU.dir/Middlewares/Third_Party/FreeRTOS/Source/tasks.c.obj
                0x080086a4                vTaskMissedYield
 .text.prvIdleTask
                0x080086bc       0x30 CMakeFiles/DMS-24-RTOS-VCU.dir/Middlewares/Third_Party/FreeRTOS/Source/tasks.c.obj
 .text.prvInitialiseTaskLists
                0x080086ec       0x80 CMakeFiles/DMS-24-RTOS-VCU.dir/Middlewares/Third_Party/FreeRTOS/Source/tasks.c.obj
 .text.prvCheckTasksWaitingTermination
                0x0800876c       0x5c CMakeFiles/DMS-24-RTOS-VCU.dir/Middlewares/Third_Party/FreeRTOS/Source/tasks.c.obj
 .text.prvDeleteTCB
                0x080087c8       0x60 CMakeFiles/DMS-24-RTOS-VCU.dir/Middlewares/Third_Party/FreeRTOS/Source/tasks.c.obj
 .text.prvResetNextTaskUnblockTime
                0x08008828       0x40 CMakeFiles/DMS-24-RTOS-VCU.dir/Middlewares/Third_Party/FreeRTOS/Source/tasks.c.obj
 .text.xTaskGetSchedulerState
                0x08008868       0x3c CMakeFiles/DMS-24-RTOS-VCU.dir/Middlewares/Third_Party/FreeRTOS/Source/tasks.c.obj
                0x08008868                xTaskGetSchedulerState
 .text.xTaskPriorityDisinherit
                0x080088a4       0xe0 CMakeFiles/DMS-24-RTOS-VCU.dir/Middlewares/Third_Party/FreeRTOS/Source/tasks.c.obj
                0x080088a4                xTaskPriorityDisinherit
 .text.prvAddCurrentTaskToDelayedList
                0x08008984       0xa8 CMakeFiles/DMS-24-RTOS-VCU.dir/Middlewares/Third_Party/FreeRTOS/Source/tasks.c.obj
 .text.xTimerCreateTimerTask
                0x08008a2c       0x94 CMakeFiles/DMS-24-RTOS-VCU.dir/Middlewares/Third_Party/FreeRTOS/Source/timers.c.obj
                0x08008a2c                xTimerCreateTimerTask
 .text.xTimerGenericCommand
                0x08008ac0       0x9c CMakeFiles/DMS-24-RTOS-VCU.dir/Middlewares/Third_Party/FreeRTOS/Source/timers.c.obj
                0x08008ac0                xTimerGenericCommand
 .text.prvProcessExpiredTimer
                0x08008b5c       0x9c CMakeFiles/DMS-24-RTOS-VCU.dir/Middlewares/Third_Party/FreeRTOS/Source/timers.c.obj
 .text.prvTimerTask
                0x08008bf8       0x26 CMakeFiles/DMS-24-RTOS-VCU.dir/Middlewares/Third_Party/FreeRTOS/Source/timers.c.obj
 *fill*         0x08008c1e        0x2 
 .text.prvProcessTimerOrBlockTask
                0x08008c20       0x9c CMakeFiles/DMS-24-RTOS-VCU.dir/Middlewares/Third_Party/FreeRTOS/Source/timers.c.obj
 .text.prvGetNextExpireTime
                0x08008cbc       0x48 CMakeFiles/DMS-24-RTOS-VCU.dir/Middlewares/Third_Party/FreeRTOS/Source/timers.c.obj
 .text.prvSampleTimeNow
                0x08008d04       0x40 CMakeFiles/DMS-24-RTOS-VCU.dir/Middlewares/Third_Party/FreeRTOS/Source/timers.c.obj
 .text.prvInsertTimerInActiveList
                0x08008d44       0x84 CMakeFiles/DMS-24-RTOS-VCU.dir/Middlewares/Third_Party/FreeRTOS/Source/timers.c.obj
 .text.prvProcessReceivedCommands
                0x08008dc8      0x1cc CMakeFiles/DMS-24-RTOS-VCU.dir/Middlewares/Third_Party/FreeRTOS/Source/timers.c.obj
 .text.prvSwitchTimerLists
                0x08008f94       0xcc CMakeFiles/DMS-24-RTOS-VCU.dir/Middlewares/Third_Party/FreeRTOS/Source/timers.c.obj
 .text.prvCheckForValidListAndQueue
                0x08009060       0x80 CMakeFiles/DMS-24-RTOS-VCU.dir/Middlewares/Third_Party/FreeRTOS/Source/timers.c.obj
 .text.__NVIC_SetPriority
                0x080090e0       0x54 CMakeFiles/DMS-24-RTOS-VCU.dir/Middlewares/Third_Party/FreeRTOS/Source/CMSIS_RTOS_V2/cmsis_os2.c.obj
 .text.SysTick_Handler
                0x08009134       0x20 CMakeFiles/DMS-24-RTOS-VCU.dir/Middlewares/Third_Party/FreeRTOS/Source/CMSIS_RTOS_V2/cmsis_os2.c.obj
                0x08009134                SysTick_Handler
 .text.SVC_Setup
                0x08009154       0x12 CMakeFiles/DMS-24-RTOS-VCU.dir/Middlewares/Third_Party/FreeRTOS/Source/CMSIS_RTOS_V2/cmsis_os2.c.obj
 *fill*         0x08009166        0x2 
 .text.osKernelInitialize
                0x08009168       0x48 CMakeFiles/DMS-24-RTOS-VCU.dir/Middlewares/Third_Party/FreeRTOS/Source/CMSIS_RTOS_V2/cmsis_os2.c.obj
                0x08009168                osKernelInitialize
 .text.osKernelStart
                0x080091b0       0x4c CMakeFiles/DMS-24-RTOS-VCU.dir/Middlewares/Third_Party/FreeRTOS/Source/CMSIS_RTOS_V2/cmsis_os2.c.obj
                0x080091b0                osKernelStart
 .text.osThreadNew
                0x080091fc      0x124 CMakeFiles/DMS-24-RTOS-VCU.dir/Middlewares/Third_Party/FreeRTOS/Source/CMSIS_RTOS_V2/cmsis_os2.c.obj
                0x080091fc                osThreadNew
 .text.osDelay  0x08009320       0x36 CMakeFiles/DMS-24-RTOS-VCU.dir/Middlewares/Third_Party/FreeRTOS/Source/CMSIS_RTOS_V2/cmsis_os2.c.obj
                0x08009320                osDelay
 .text.osMessageQueueNew
                0x08009356       0xe6 CMakeFiles/DMS-24-RTOS-VCU.dir/Middlewares/Third_Party/FreeRTOS/Source/CMSIS_RTOS_V2/cmsis_os2.c.obj
                0x08009356                osMessageQueueNew
 .text.osMessageQueuePut
                0x0800943c       0xc0 CMakeFiles/DMS-24-RTOS-VCU.dir/Middlewares/Third_Party/FreeRTOS/Source/CMSIS_RTOS_V2/cmsis_os2.c.obj
                0x0800943c                osMessageQueuePut
 .text.osMessageQueueGet
                0x080094fc       0xbc CMakeFiles/DMS-24-RTOS-VCU.dir/Middlewares/Third_Party/FreeRTOS/Source/CMSIS_RTOS_V2/cmsis_os2.c.obj
                0x080094fc                osMessageQueueGet
 .text.vApplicationGetIdleTaskMemory
                0x080095b8       0x34 CMakeFiles/DMS-24-RTOS-VCU.dir/Middlewares/Third_Party/FreeRTOS/Source/CMSIS_RTOS_V2/cmsis_os2.c.obj
                0x080095b8                vApplicationGetIdleTaskMemory
 .text.vApplicationGetTimerTaskMemory
                0x080095ec       0x34 CMakeFiles/DMS-24-RTOS-VCU.dir/Middlewares/Third_Party/FreeRTOS/Source/CMSIS_RTOS_V2/cmsis_os2.c.obj
                0x080095ec                vApplicationGetTimerTaskMemory
 .text.pvPortMalloc
                0x08009620      0x19c CMakeFiles/DMS-24-RTOS-VCU.dir/Middlewares/Third_Party/FreeRTOS/Source/portable/MemMang/heap_4.c.obj
                0x08009620                pvPortMalloc
 .text.vPortFree
                0x080097bc       0xc8 CMakeFiles/DMS-24-RTOS-VCU.dir/Middlewares/Third_Party/FreeRTOS/Source/portable/MemMang/heap_4.c.obj
                0x080097bc                vPortFree
 .text.prvHeapInit
                0x08009884       0xc4 CMakeFiles/DMS-24-RTOS-VCU.dir/Middlewares/Third_Party/FreeRTOS/Source/portable/MemMang/heap_4.c.obj
 .text.prvInsertBlockIntoFreeList
                0x08009948       0xb4 CMakeFiles/DMS-24-RTOS-VCU.dir/Middlewares/Third_Party/FreeRTOS/Source/portable/MemMang/heap_4.c.obj
 .text.pxPortInitialiseStack
                0x080099fc       0x68 CMakeFiles/DMS-24-RTOS-VCU.dir/Middlewares/Third_Party/FreeRTOS/Source/portable/GCC/ARM_CM4F/port.c.obj
                0x080099fc                pxPortInitialiseStack
 .text.prvTaskExitError
                0x08009a64       0x5c CMakeFiles/DMS-24-RTOS-VCU.dir/Middlewares/Third_Party/FreeRTOS/Source/portable/GCC/ARM_CM4F/port.c.obj
 .text.SVC_Handler
                0x08009ac0       0x28 CMakeFiles/DMS-24-RTOS-VCU.dir/Middlewares/Third_Party/FreeRTOS/Source/portable/GCC/ARM_CM4F/port.c.obj
                0x08009ac0                SVC_Handler
 .text.prvPortStartFirstTask
                0x08009ae8       0x28 CMakeFiles/DMS-24-RTOS-VCU.dir/Middlewares/Third_Party/FreeRTOS/Source/portable/GCC/ARM_CM4F/port.c.obj
 .text.xPortStartScheduler
                0x08009b10      0x148 CMakeFiles/DMS-24-RTOS-VCU.dir/Middlewares/Third_Party/FreeRTOS/Source/portable/GCC/ARM_CM4F/port.c.obj
                0x08009b10                xPortStartScheduler
 .text.vPortEnterCritical
                0x08009c58       0x64 CMakeFiles/DMS-24-RTOS-VCU.dir/Middlewares/Third_Party/FreeRTOS/Source/portable/GCC/ARM_CM4F/port.c.obj
                0x08009c58                vPortEnterCritical
 .text.vPortExitCritical
                0x08009cbc       0x54 CMakeFiles/DMS-24-RTOS-VCU.dir/Middlewares/Third_Party/FreeRTOS/Source/portable/GCC/ARM_CM4F/port.c.obj
                0x08009cbc                vPortExitCritical
 .text.PendSV_Handler
                0x08009d10       0x68 CMakeFiles/DMS-24-RTOS-VCU.dir/Middlewares/Third_Party/FreeRTOS/Source/portable/GCC/ARM_CM4F/port.c.obj
                0x08009d10                PendSV_Handler
 .text.xPortSysTickHandler
                0x08009d78       0x44 CMakeFiles/DMS-24-RTOS-VCU.dir/Middlewares/Third_Party/FreeRTOS/Source/portable/GCC/ARM_CM4F/port.c.obj
                0x08009d78                xPortSysTickHandler
 .text.vPortSetupTimerInterrupt
                0x08009dbc       0x48 CMakeFiles/DMS-24-RTOS-VCU.dir/Middlewares/Third_Party/FreeRTOS/Source/portable/GCC/ARM_CM4F/port.c.obj
                0x08009dbc                vPortSetupTimerInterrupt
 .text.vPortEnableVFP
                0x08009e04       0x14 CMakeFiles/DMS-24-RTOS-VCU.dir/Middlewares/Third_Party/FreeRTOS/Source/portable/GCC/ARM_CM4F/port.c.obj
 .text.vPortValidateInterruptPriority
                0x08009e18       0x84 CMakeFiles/DMS-24-RTOS-VCU.dir/Middlewares/Third_Party/FreeRTOS/Source/portable/GCC/ARM_CM4F/port.c.obj
                0x08009e18                vPortValidateInterruptPriority
 .text.USBH_Init
                0x08009e9c       0xb8 CMakeFiles/DMS-24-RTOS-VCU.dir/Middlewares/ST/STM32_USB_Host_Library/Core/Src/usbh_core.c.obj
                0x08009e9c                USBH_Init
 .text.DeInitStateMachine
                0x08009f54       0xe6 CMakeFiles/DMS-24-RTOS-VCU.dir/Middlewares/ST/STM32_USB_Host_Library/Core/Src/usbh_core.c.obj
 .text.USBH_RegisterClass
                0x0800a03a       0x54 CMakeFiles/DMS-24-RTOS-VCU.dir/Middlewares/ST/STM32_USB_Host_Library/Core/Src/usbh_core.c.obj
                0x0800a03a                USBH_RegisterClass
 .text.USBH_SelectInterface
                0x0800a08e       0x38 CMakeFiles/DMS-24-RTOS-VCU.dir/Middlewares/ST/STM32_USB_Host_Library/Core/Src/usbh_core.c.obj
                0x0800a08e                USBH_SelectInterface
 .text.USBH_FindInterface
                0x0800a0c6       0x8c CMakeFiles/DMS-24-RTOS-VCU.dir/Middlewares/ST/STM32_USB_Host_Library/Core/Src/usbh_core.c.obj
                0x0800a0c6                USBH_FindInterface
 .text.USBH_Start
                0x0800a152       0x20 CMakeFiles/DMS-24-RTOS-VCU.dir/Middlewares/ST/STM32_USB_Host_Library/Core/Src/usbh_core.c.obj
                0x0800a152                USBH_Start
 *fill*         0x0800a172        0x2 
 .text.USBH_Process
                0x0800a174      0x4d4 CMakeFiles/DMS-24-RTOS-VCU.dir/Middlewares/ST/STM32_USB_Host_Library/Core/Src/usbh_core.c.obj
                0x0800a174                USBH_Process
 .text.USBH_HandleEnum
                0x0800a648      0x450 CMakeFiles/DMS-24-RTOS-VCU.dir/Middlewares/ST/STM32_USB_Host_Library/Core/Src/usbh_core.c.obj
 .text.USBH_LL_SetTimer
                0x0800aa98       0x1e CMakeFiles/DMS-24-RTOS-VCU.dir/Middlewares/ST/STM32_USB_Host_Library/Core/Src/usbh_core.c.obj
                0x0800aa98                USBH_LL_SetTimer
 .text.USBH_LL_IncTimer
                0x0800aab6       0x24 CMakeFiles/DMS-24-RTOS-VCU.dir/Middlewares/ST/STM32_USB_Host_Library/Core/Src/usbh_core.c.obj
                0x0800aab6                USBH_LL_IncTimer
 .text.USBH_HandleSof
                0x0800aada       0x30 CMakeFiles/DMS-24-RTOS-VCU.dir/Middlewares/ST/STM32_USB_Host_Library/Core/Src/usbh_core.c.obj
 .text.USBH_LL_PortEnabled
                0x0800ab0a       0x34 CMakeFiles/DMS-24-RTOS-VCU.dir/Middlewares/ST/STM32_USB_Host_Library/Core/Src/usbh_core.c.obj
                0x0800ab0a                USBH_LL_PortEnabled
 .text.USBH_LL_PortDisabled
                0x0800ab3e       0x1c CMakeFiles/DMS-24-RTOS-VCU.dir/Middlewares/ST/STM32_USB_Host_Library/Core/Src/usbh_core.c.obj
                0x0800ab3e                USBH_LL_PortDisabled
 .text.USBH_LL_Connect
                0x0800ab5a       0x46 CMakeFiles/DMS-24-RTOS-VCU.dir/Middlewares/ST/STM32_USB_Host_Library/Core/Src/usbh_core.c.obj
                0x0800ab5a                USBH_LL_Connect
 .text.USBH_LL_Disconnect
                0x0800aba0       0x64 CMakeFiles/DMS-24-RTOS-VCU.dir/Middlewares/ST/STM32_USB_Host_Library/Core/Src/usbh_core.c.obj
                0x0800aba0                USBH_LL_Disconnect
 .text.USBH_Process_OS
                0x0800ac04       0x2e CMakeFiles/DMS-24-RTOS-VCU.dir/Middlewares/ST/STM32_USB_Host_Library/Core/Src/usbh_core.c.obj
 .text.USBH_LL_NotifyURBChange
                0x0800ac32       0x2e CMakeFiles/DMS-24-RTOS-VCU.dir/Middlewares/ST/STM32_USB_Host_Library/Core/Src/usbh_core.c.obj
                0x0800ac32                USBH_LL_NotifyURBChange
 .text.USBH_Get_DevDesc
                0x0800ac60       0x58 CMakeFiles/DMS-24-RTOS-VCU.dir/Middlewares/ST/STM32_USB_Host_Library/Core/Src/usbh_ctlreq.c.obj
                0x0800ac60                USBH_Get_DevDesc
 .text.USBH_Get_CfgDesc
                0x0800acb8       0x54 CMakeFiles/DMS-24-RTOS-VCU.dir/Middlewares/ST/STM32_USB_Host_Library/Core/Src/usbh_ctlreq.c.obj
                0x0800acb8                USBH_Get_CfgDesc
 .text.USBH_Get_StringDesc
                0x0800ad0c       0x68 CMakeFiles/DMS-24-RTOS-VCU.dir/Middlewares/ST/STM32_USB_Host_Library/Core/Src/usbh_ctlreq.c.obj
                0x0800ad0c                USBH_Get_StringDesc
 .text.USBH_GetDescriptor
                0x0800ad74       0x6a CMakeFiles/DMS-24-RTOS-VCU.dir/Middlewares/ST/STM32_USB_Host_Library/Core/Src/usbh_ctlreq.c.obj
                0x0800ad74                USBH_GetDescriptor
 .text.USBH_SetAddress
                0x0800adde       0x48 CMakeFiles/DMS-24-RTOS-VCU.dir/Middlewares/ST/STM32_USB_Host_Library/Core/Src/usbh_ctlreq.c.obj
                0x0800adde                USBH_SetAddress
 .text.USBH_SetCfg
                0x0800ae26       0x46 CMakeFiles/DMS-24-RTOS-VCU.dir/Middlewares/ST/STM32_USB_Host_Library/Core/Src/usbh_ctlreq.c.obj
                0x0800ae26                USBH_SetCfg
 .text.USBH_SetFeature
                0x0800ae6c       0x48 CMakeFiles/DMS-24-RTOS-VCU.dir/Middlewares/ST/STM32_USB_Host_Library/Core/Src/usbh_ctlreq.c.obj
                0x0800ae6c                USBH_SetFeature
 .text.USBH_ClrFeature
                0x0800aeb4       0x48 CMakeFiles/DMS-24-RTOS-VCU.dir/Middlewares/ST/STM32_USB_Host_Library/Core/Src/usbh_ctlreq.c.obj
                0x0800aeb4                USBH_ClrFeature
 .text.USBH_ParseDevDesc
                0x0800aefc      0x160 CMakeFiles/DMS-24-RTOS-VCU.dir/Middlewares/ST/STM32_USB_Host_Library/Core/Src/usbh_ctlreq.c.obj
 .text.USBH_ParseCfgDesc
                0x0800b05c      0x1f0 CMakeFiles/DMS-24-RTOS-VCU.dir/Middlewares/ST/STM32_USB_Host_Library/Core/Src/usbh_ctlreq.c.obj
 .text.USBH_ParseInterfaceDesc
                0x0800b24c       0x68 CMakeFiles/DMS-24-RTOS-VCU.dir/Middlewares/ST/STM32_USB_Host_Library/Core/Src/usbh_ctlreq.c.obj
 .text.USBH_ParseEPDesc
                0x0800b2b4      0x1d0 CMakeFiles/DMS-24-RTOS-VCU.dir/Middlewares/ST/STM32_USB_Host_Library/Core/Src/usbh_ctlreq.c.obj
 .text.USBH_ParseStringDesc
                0x0800b484       0x66 CMakeFiles/DMS-24-RTOS-VCU.dir/Middlewares/ST/STM32_USB_Host_Library/Core/Src/usbh_ctlreq.c.obj
 .text.USBH_GetNextDesc
                0x0800b4ea       0x34 CMakeFiles/DMS-24-RTOS-VCU.dir/Middlewares/ST/STM32_USB_Host_Library/Core/Src/usbh_ctlreq.c.obj
                0x0800b4ea                USBH_GetNextDesc
 .text.USBH_CtlReq
                0x0800b51e       0xb2 CMakeFiles/DMS-24-RTOS-VCU.dir/Middlewares/ST/STM32_USB_Host_Library/Core/Src/usbh_ctlreq.c.obj
                0x0800b51e                USBH_CtlReq
 .text.USBH_HandleControl
                0x0800b5d0      0x490 CMakeFiles/DMS-24-RTOS-VCU.dir/Middlewares/ST/STM32_USB_Host_Library/Core/Src/usbh_ctlreq.c.obj
 .text.USBH_CtlSendSetup
                0x0800ba60       0x34 CMakeFiles/DMS-24-RTOS-VCU.dir/Middlewares/ST/STM32_USB_Host_Library/Core/Src/usbh_ioreq.c.obj
                0x0800ba60                USBH_CtlSendSetup
 .text.USBH_CtlSendData
                0x0800ba94       0x4a CMakeFiles/DMS-24-RTOS-VCU.dir/Middlewares/ST/STM32_USB_Host_Library/Core/Src/usbh_ioreq.c.obj
                0x0800ba94                USBH_CtlSendData
 .text.USBH_CtlReceiveData
                0x0800bade       0x3c CMakeFiles/DMS-24-RTOS-VCU.dir/Middlewares/ST/STM32_USB_Host_Library/Core/Src/usbh_ioreq.c.obj
                0x0800bade                USBH_CtlReceiveData
 .text.USBH_BulkSendData
                0x0800bb1a       0x4a CMakeFiles/DMS-24-RTOS-VCU.dir/Middlewares/ST/STM32_USB_Host_Library/Core/Src/usbh_ioreq.c.obj
                0x0800bb1a                USBH_BulkSendData
 .text.USBH_BulkReceiveData
                0x0800bb64       0x3c CMakeFiles/DMS-24-RTOS-VCU.dir/Middlewares/ST/STM32_USB_Host_Library/Core/Src/usbh_ioreq.c.obj
                0x0800bb64                USBH_BulkReceiveData
 .text.USBH_OpenPipe
                0x0800bba0       0x3e CMakeFiles/DMS-24-RTOS-VCU.dir/Middlewares/ST/STM32_USB_Host_Library/Core/Src/usbh_pipes.c.obj
                0x0800bba0                USBH_OpenPipe
 .text.USBH_ClosePipe
                0x0800bbde       0x20 CMakeFiles/DMS-24-RTOS-VCU.dir/Middlewares/ST/STM32_USB_Host_Library/Core/Src/usbh_pipes.c.obj
                0x0800bbde                USBH_ClosePipe
 .text.USBH_AllocPipe
                0x0800bbfe       0x42 CMakeFiles/DMS-24-RTOS-VCU.dir/Middlewares/ST/STM32_USB_Host_Library/Core/Src/usbh_pipes.c.obj
                0x0800bbfe                USBH_AllocPipe
 .text.USBH_FreePipe
                0x0800bc40       0x3c CMakeFiles/DMS-24-RTOS-VCU.dir/Middlewares/ST/STM32_USB_Host_Library/Core/Src/usbh_pipes.c.obj
                0x0800bc40                USBH_FreePipe
 .text.USBH_GetFreePipe
                0x0800bc7c       0x48 CMakeFiles/DMS-24-RTOS-VCU.dir/Middlewares/ST/STM32_USB_Host_Library/Core/Src/usbh_pipes.c.obj
 .text.USBH_CDC_InterfaceInit
                0x0800bcc4      0x2ac CMakeFiles/DMS-24-RTOS-VCU.dir/Middlewares/ST/STM32_USB_Host_Library/Class/CDC/Src/usbh_cdc.c.obj
 .text.USBH_CDC_InterfaceDeInit
                0x0800bf70       0xb2 CMakeFiles/DMS-24-RTOS-VCU.dir/Middlewares/ST/STM32_USB_Host_Library/Class/CDC/Src/usbh_cdc.c.obj
 .text.USBH_CDC_ClassRequest
                0x0800c022       0x3e CMakeFiles/DMS-24-RTOS-VCU.dir/Middlewares/ST/STM32_USB_Host_Library/Class/CDC/Src/usbh_cdc.c.obj
 .text.USBH_CDC_Process
                0x0800c060      0x12c CMakeFiles/DMS-24-RTOS-VCU.dir/Middlewares/ST/STM32_USB_Host_Library/Class/CDC/Src/usbh_cdc.c.obj
 .text.USBH_CDC_SOFProcess
                0x0800c18c       0x16 CMakeFiles/DMS-24-RTOS-VCU.dir/Middlewares/ST/STM32_USB_Host_Library/Class/CDC/Src/usbh_cdc.c.obj
 .text.GetLineCoding
                0x0800c1a2       0x3e CMakeFiles/DMS-24-RTOS-VCU.dir/Middlewares/ST/STM32_USB_Host_Library/Class/CDC/Src/usbh_cdc.c.obj
 .text.SetLineCoding
                0x0800c1e0       0x3e CMakeFiles/DMS-24-RTOS-VCU.dir/Middlewares/ST/STM32_USB_Host_Library/Class/CDC/Src/usbh_cdc.c.obj
 .text.CDC_ProcessTransmission
                0x0800c21e      0x124 CMakeFiles/DMS-24-RTOS-VCU.dir/Middlewares/ST/STM32_USB_Host_Library/Class/CDC/Src/usbh_cdc.c.obj
 .text.CDC_ProcessReception
                0x0800c342       0xd2 CMakeFiles/DMS-24-RTOS-VCU.dir/Middlewares/ST/STM32_USB_Host_Library/Class/CDC/Src/usbh_cdc.c.obj
 .text.USBH_CDC_TransmitCallback
                0x0800c414       0x14 CMakeFiles/DMS-24-RTOS-VCU.dir/Middlewares/ST/STM32_USB_Host_Library/Class/CDC/Src/usbh_cdc.c.obj
                0x0800c414                USBH_CDC_TransmitCallback
 .text.USBH_CDC_ReceiveCallback
                0x0800c428       0x14 CMakeFiles/DMS-24-RTOS-VCU.dir/Middlewares/ST/STM32_USB_Host_Library/Class/CDC/Src/usbh_cdc.c.obj
                0x0800c428                USBH_CDC_ReceiveCallback
 .text.USBH_CDC_LineCodingChanged
                0x0800c43c       0x14 CMakeFiles/DMS-24-RTOS-VCU.dir/Middlewares/ST/STM32_USB_Host_Library/Class/CDC/Src/usbh_cdc.c.obj
                0x0800c43c                USBH_CDC_LineCodingChanged
 .text._sbrk    0x0800c450       0x6c CMakeFiles/DMS-24-RTOS-VCU.dir/Core/Src/sysmem.c.obj
                0x0800c450                _sbrk
 .text.Reset_Handler
                0x0800c4bc       0x50 CMakeFiles/DMS-24-RTOS-VCU.dir/startup_stm32f407xx.s.obj
                0x0800c4bc                Reset_Handler
 .text.Default_Handler
                0x0800c50c        0x2 CMakeFiles/DMS-24-RTOS-VCU.dir/startup_stm32f407xx.s.obj
                0x0800c50c                RTC_Alarm_IRQHandler
                0x0800c50c                HASH_RNG_IRQHandler
                0x0800c50c                EXTI2_IRQHandler
                0x0800c50c                TIM8_CC_IRQHandler
                0x0800c50c                TIM1_CC_IRQHandler
                0x0800c50c                DMA2_Stream5_IRQHandler
                0x0800c50c                DMA1_Stream5_IRQHandler
                0x0800c50c                PVD_IRQHandler
                0x0800c50c                SDIO_IRQHandler
                0x0800c50c                TAMP_STAMP_IRQHandler
                0x0800c50c                CAN2_RX1_IRQHandler
                0x0800c50c                EXTI3_IRQHandler
                0x0800c50c                TIM8_TRG_COM_TIM14_IRQHandler
                0x0800c50c                TIM1_UP_TIM10_IRQHandler
                0x0800c50c                TIM8_UP_TIM13_IRQHandler
                0x0800c50c                I2C3_ER_IRQHandler
                0x0800c50c                EXTI0_IRQHandler
                0x0800c50c                I2C2_EV_IRQHandler
                0x0800c50c                DMA1_Stream2_IRQHandler
                0x0800c50c                CAN1_RX0_IRQHandler
                0x0800c50c                FPU_IRQHandler
                0x0800c50c                OTG_HS_WKUP_IRQHandler
                0x0800c50c                CAN2_SCE_IRQHandler
                0x0800c50c                DMA2_Stream2_IRQHandler
                0x0800c50c                SPI1_IRQHandler
                0x0800c50c                TIM1_BRK_TIM9_IRQHandler
                0x0800c50c                DCMI_IRQHandler
                0x0800c50c                CAN2_RX0_IRQHandler
                0x0800c50c                DMA2_Stream3_IRQHandler
                0x0800c50c                USART6_IRQHandler
                0x0800c50c                USART3_IRQHandler
                0x0800c50c                CAN1_RX1_IRQHandler
                0x0800c50c                UART5_IRQHandler
                0x0800c50c                DMA2_Stream0_IRQHandler
                0x0800c50c                TIM4_IRQHandler
                0x0800c50c                I2C1_EV_IRQHandler
                0x0800c50c                DMA1_Stream6_IRQHandler
                0x0800c50c                DMA1_Stream1_IRQHandler
                0x0800c50c                UART4_IRQHandler
                0x0800c50c                TIM3_IRQHandler
                0x0800c50c                RCC_IRQHandler
                0x0800c50c                TIM8_BRK_TIM12_IRQHandler
                0x0800c50c                Default_Handler
                0x0800c50c                EXTI15_10_IRQHandler
                0x0800c50c                ADC_IRQHandler
                0x0800c50c                DMA1_Stream7_IRQHandler
                0x0800c50c                TIM7_IRQHandler
                0x0800c50c                CAN2_TX_IRQHandler
                0x0800c50c                TIM5_IRQHandler
                0x0800c50c                DMA2_Stream7_IRQHandler
                0x0800c50c                I2C3_EV_IRQHandler
                0x0800c50c                EXTI9_5_IRQHandler
                0x0800c50c                RTC_WKUP_IRQHandler
                0x0800c50c                ETH_WKUP_IRQHandler
                0x0800c50c                SPI2_IRQHandler
                0x0800c50c                OTG_HS_EP1_IN_IRQHandler
                0x0800c50c                DMA1_Stream0_IRQHandler
                0x0800c50c                CAN1_TX_IRQHandler
                0x0800c50c                EXTI4_IRQHandler
                0x0800c50c                FSMC_IRQHandler
                0x0800c50c                ETH_IRQHandler
                0x0800c50c                OTG_HS_EP1_OUT_IRQHandler
                0x0800c50c                WWDG_IRQHandler
                0x0800c50c                TIM2_IRQHandler
                0x0800c50c                OTG_FS_WKUP_IRQHandler
                0x0800c50c                TIM1_TRG_COM_TIM11_IRQHandler
                0x0800c50c                OTG_HS_IRQHandler
                0x0800c50c                EXTI1_IRQHandler
                0x0800c50c                USART2_IRQHandler
                0x0800c50c                I2C2_ER_IRQHandler
                0x0800c50c                DMA2_Stream1_IRQHandler
                0x0800c50c                CAN1_SCE_IRQHandler
                0x0800c50c                FLASH_IRQHandler
                0x0800c50c                DMA2_Stream4_IRQHandler
                0x0800c50c                USART1_IRQHandler
                0x0800c50c                SPI3_IRQHandler
                0x0800c50c                DMA1_Stream4_IRQHandler
                0x0800c50c                I2C1_ER_IRQHandler
                0x0800c50c                DMA2_Stream6_IRQHandler
                0x0800c50c                DMA1_Stream3_IRQHandler
 *fill*         0x0800c50e        0x2 
 .text.malloc   0x0800c510       0x10 C:/ST/STM32CubeCLT_1.15.1/GNU-tools-for-STM32/bin/../lib/gcc/arm-none-eabi/12.3.1/../../../../arm-none-eabi/lib/thumb/v7e-m+fp/hard\libg_nano.a(libc_a-malloc.o)
                0x0800c510                malloc
 .text.free     0x0800c520       0x10 C:/ST/STM32CubeCLT_1.15.1/GNU-tools-for-STM32/bin/../lib/gcc/arm-none-eabi/12.3.1/../../../../arm-none-eabi/lib/thumb/v7e-m+fp/hard\libg_nano.a(libc_a-malloc.o)
                0x0800c520                free
 .text.__errno  0x0800c530        0xc C:/ST/STM32CubeCLT_1.15.1/GNU-tools-for-STM32/bin/../lib/gcc/arm-none-eabi/12.3.1/../../../../arm-none-eabi/lib/thumb/v7e-m+fp/hard\libg_nano.a(libc_a-errno.o)
                0x0800c530                __errno
 .text.memcpy   0x0800c53c       0x1c C:/ST/STM32CubeCLT_1.15.1/GNU-tools-for-STM32/bin/../lib/gcc/arm-none-eabi/12.3.1/../../../../arm-none-eabi/lib/thumb/v7e-m+fp/hard\libg_nano.a(libc_a-memcpy-stub.o)
                0x0800c53c                memcpy
 *(.glue_7)
 .glue_7        0x0800c558        0x0 linker stubs
 *(.glue_7t)
 .glue_7t       0x0800c558        0x0 linker stubs
 *(.eh_frame)
 .eh_frame      0x0800c558        0x0 C:/ST/STM32CubeCLT_1.15.1/GNU-tools-for-STM32/bin/../lib/gcc/arm-none-eabi/12.3.1/thumb/v7e-m+fp/hard/crtbegin.o
 *(.init)
 .init          0x0800c558        0x4 C:/ST/STM32CubeCLT_1.15.1/GNU-tools-for-STM32/bin/../lib/gcc/arm-none-eabi/12.3.1/thumb/v7e-m+fp/hard/crti.o
                0x0800c558                _init
 .init          0x0800c55c        0x8 C:/ST/STM32CubeCLT_1.15.1/GNU-tools-for-STM32/bin/../lib/gcc/arm-none-eabi/12.3.1/thumb/v7e-m+fp/hard/crtn.o
 *(.fini)
 .fini          0x0800c564        0x4 C:/ST/STM32CubeCLT_1.15.1/GNU-tools-for-STM32/bin/../lib/gcc/arm-none-eabi/12.3.1/thumb/v7e-m+fp/hard/crti.o
                0x0800c564                _fini
 .fini          0x0800c568        0x8 C:/ST/STM32CubeCLT_1.15.1/GNU-tools-for-STM32/bin/../lib/gcc/arm-none-eabi/12.3.1/thumb/v7e-m+fp/hard/crtn.o
                0x0800c570                        . = ALIGN (0x4)
                0x0800c570                        _etext = .

.vfp11_veneer   0x0800c570        0x0
 .vfp11_veneer  0x0800c570        0x0 linker stubs

.v4_bx          0x0800c570        0x0
 .v4_bx         0x0800c570        0x0 linker stubs

.iplt           0x0800c570        0x0
 .iplt          0x0800c570        0x0 C:/ST/STM32CubeCLT_1.15.1/GNU-tools-for-STM32/bin/../lib/gcc/arm-none-eabi/12.3.1/thumb/v7e-m+fp/hard/crtbegin.o

.rodata         0x0800c570       0x98
                0x0800c570                        . = ALIGN (0x4)
 *(.rodata)
 .rodata        0x0800c570       0x10 CMakeFiles/DMS-24-RTOS-VCU.dir/Core/Src/main.c.obj
 .rodata        0x0800c580        0x5 CMakeFiles/DMS-24-RTOS-VCU.dir/Middlewares/Third_Party/FreeRTOS/Source/tasks.c.obj
 *fill*         0x0800c585        0x3 
 .rodata        0x0800c588        0xd CMakeFiles/DMS-24-RTOS-VCU.dir/Middlewares/Third_Party/FreeRTOS/Source/timers.c.obj
 *fill*         0x0800c595        0x3 
 .rodata        0x0800c598        0xb CMakeFiles/DMS-24-RTOS-VCU.dir/Middlewares/ST/STM32_USB_Host_Library/Core/Src/usbh_core.c.obj
 *fill*         0x0800c5a3        0x1 
 .rodata        0x0800c5a4        0x4 CMakeFiles/DMS-24-RTOS-VCU.dir/Middlewares/ST/STM32_USB_Host_Library/Class/CDC/Src/usbh_cdc.c.obj
 *(.rodata*)
 .rodata.blink01_attributes
                0x0800c5a8       0x24 CMakeFiles/DMS-24-RTOS-VCU.dir/Core/Src/main.c.obj
                0x0800c5a8                blink01_attributes
 .rodata.blink02_attributes
                0x0800c5cc       0x24 CMakeFiles/DMS-24-RTOS-VCU.dir/Core/Src/main.c.obj
                0x0800c5cc                blink02_attributes
 .rodata.AHBPrescTable
                0x0800c5f0       0x10 CMakeFiles/DMS-24-RTOS-VCU.dir/Core/Src/system_stm32f4xx.c.obj
                0x0800c5f0                AHBPrescTable
 .rodata.APBPrescTable
                0x0800c600        0x8 CMakeFiles/DMS-24-RTOS-VCU.dir/Core/Src/system_stm32f4xx.c.obj
                0x0800c600                APBPrescTable
                0x0800c608                        . = ALIGN (0x4)

.ARM.extab
 *(.ARM.extab* .gnu.linkonce.armextab.*)

.ARM            0x0800c608        0x8
                0x0800c608                        __exidx_start = .
 *(.ARM.exidx*)
 .ARM.exidx     0x0800c608        0x8 C:/ST/STM32CubeCLT_1.15.1/GNU-tools-for-STM32/bin/../lib/gcc/arm-none-eabi/12.3.1/thumb/v7e-m+fp/hard\libgcc.a(_udivmoddi4.o)
                0x0800c610                        __exidx_end = .

.rel.dyn        0x0800c610        0x0
 .rel.iplt      0x0800c610        0x0 C:/ST/STM32CubeCLT_1.15.1/GNU-tools-for-STM32/bin/../lib/gcc/arm-none-eabi/12.3.1/thumb/v7e-m+fp/hard/crtbegin.o

.preinit_array  0x0800c610        0x0
                0x0800c610                        PROVIDE (__preinit_array_start = .)
 *(.preinit_array*)
                0x0800c610                        PROVIDE (__preinit_array_end = .)

.init_array     0x0800c610        0x4
                0x0800c610                        PROVIDE (__init_array_start = .)
 *(SORT_BY_NAME(.init_array.*))
 *(.init_array*)
 .init_array    0x0800c610        0x4 C:/ST/STM32CubeCLT_1.15.1/GNU-tools-for-STM32/bin/../lib/gcc/arm-none-eabi/12.3.1/thumb/v7e-m+fp/hard/crtbegin.o
                0x0800c614                        PROVIDE (__init_array_end = .)

.fini_array     0x0800c614        0x4
                [!provide]                        PROVIDE (__fini_array_start = .)
 *(SORT_BY_NAME(.fini_array.*))
 *(.fini_array*)
 .fini_array    0x0800c614        0x4 C:/ST/STM32CubeCLT_1.15.1/GNU-tools-for-STM32/bin/../lib/gcc/arm-none-eabi/12.3.1/thumb/v7e-m+fp/hard/crtbegin.o
                [!provide]                        PROVIDE (__fini_array_end = .)
                0x0800c618                        _sidata = LOADADDR (.data)

.data           0x20000000       0x80 load address 0x0800c618
                0x20000000                        . = ALIGN (0x4)
                0x20000000                        _sdata = .
 *(.data)
 *(.data*)
 .data._impure_ptr
                0x20000000        0x4 C:/ST/STM32CubeCLT_1.15.1/GNU-tools-for-STM32/bin/../lib/gcc/arm-none-eabi/12.3.1/../../../../arm-none-eabi/lib/thumb/v7e-m+fp/hard\libc_nano.a(libc_a-impure.o)
                0x20000000                _impure_ptr
 .data._impure_data
                0x20000004       0x4c C:/ST/STM32CubeCLT_1.15.1/GNU-tools-for-STM32/bin/../lib/gcc/arm-none-eabi/12.3.1/../../../../arm-none-eabi/lib/thumb/v7e-m+fp/hard\libc_nano.a(libc_a-impure.o)
                0x20000004                _impure_data
 .data.uwTickPrio
                0x20000050        0x4 CMakeFiles/DMS-24-RTOS-VCU.dir/Drivers/STM32F4xx_HAL_Driver/Src/stm32f4xx_hal.c.obj
                0x20000050                uwTickPrio
 .data.uwTickFreq
                0x20000054        0x1 CMakeFiles/DMS-24-RTOS-VCU.dir/Drivers/STM32F4xx_HAL_Driver/Src/stm32f4xx_hal.c.obj
                0x20000054                uwTickFreq
 *fill*         0x20000055        0x3 
 .data.SystemCoreClock
                0x20000058        0x4 CMakeFiles/DMS-24-RTOS-VCU.dir/Core/Src/system_stm32f4xx.c.obj
                0x20000058                SystemCoreClock
 .data.uxCriticalNesting
                0x2000005c        0x4 CMakeFiles/DMS-24-RTOS-VCU.dir/Middlewares/Third_Party/FreeRTOS/Source/portable/GCC/ARM_CM4F/port.c.obj
 .data.CDC_Class
                0x20000060       0x20 CMakeFiles/DMS-24-RTOS-VCU.dir/Middlewares/ST/STM32_USB_Host_Library/Class/CDC/Src/usbh_cdc.c.obj
                0x20000060                CDC_Class
                0x20000080                        . = ALIGN (0x4)
                0x20000080                        _edata = .
                0x0800c698                        _siccmram = LOADADDR (.ccmram)

.igot.plt       0x20000080        0x0 load address 0x0800c698
 .igot.plt      0x20000080        0x0 C:/ST/STM32CubeCLT_1.15.1/GNU-tools-for-STM32/bin/../lib/gcc/arm-none-eabi/12.3.1/thumb/v7e-m+fp/hard/crtbegin.o

.ccmram         0x10000000        0x0 load address 0x0800c698
                0x10000000                        . = ALIGN (0x4)
                0x10000000                        _sccmram = .
 *(.ccmram)
 *(.ccmram*)
                0x10000000                        . = ALIGN (0x4)
                0x10000000                        _eccmram = .
                0x10000000                        . = ALIGN (0x4)

.bss            0x20000080     0x53ec
                0x20000080                        _sbss = .
                0x20000080                        __bss_start__ = _sbss
 *(.bss)
 .bss           0x20000080       0x1c C:/ST/STM32CubeCLT_1.15.1/GNU-tools-for-STM32/bin/../lib/gcc/arm-none-eabi/12.3.1/thumb/v7e-m+fp/hard/crtbegin.o
 *(.bss*)
 .bss.__sf      0x2000009c      0x138 C:/ST/STM32CubeCLT_1.15.1/GNU-tools-for-STM32/bin/../lib/gcc/arm-none-eabi/12.3.1/../../../../arm-none-eabi/lib/thumb/v7e-m+fp/hard\libc_nano.a(libc_a-findfp.o)
                0x2000009c                __sf
 .bss.errno     0x200001d4        0x4 C:/ST/STM32CubeCLT_1.15.1/GNU-tools-for-STM32/bin/../lib/gcc/arm-none-eabi/12.3.1/../../../../arm-none-eabi/lib/thumb/v7e-m+fp/hard\libc_nano.a(libc_a-reent.o)
                0x200001d4                errno
 .bss.__lock___malloc_recursive_mutex
                0x200001d8        0x1 C:/ST/STM32CubeCLT_1.15.1/GNU-tools-for-STM32/bin/../lib/gcc/arm-none-eabi/12.3.1/../../../../arm-none-eabi/lib/thumb/v7e-m+fp/hard\libc_nano.a(libc_a-lock.o)
                0x200001d8                __lock___malloc_recursive_mutex
 *fill*         0x200001d9        0x3 
 .bss.__malloc_sbrk_start
                0x200001dc        0x4 C:/ST/STM32CubeCLT_1.15.1/GNU-tools-for-STM32/bin/../lib/gcc/arm-none-eabi/12.3.1/../../../../arm-none-eabi/lib/thumb/v7e-m+fp/hard\libc_nano.a(libc_a-mallocr.o)
                0x200001dc                __malloc_sbrk_start
 .bss.__malloc_free_list
                0x200001e0        0x4 C:/ST/STM32CubeCLT_1.15.1/GNU-tools-for-STM32/bin/../lib/gcc/arm-none-eabi/12.3.1/../../../../arm-none-eabi/lib/thumb/v7e-m+fp/hard\libc_nano.a(libc_a-mallocr.o)
                0x200001e0                __malloc_free_list
 .bss.hi2c1     0x200001e4       0x54 CMakeFiles/DMS-24-RTOS-VCU.dir/Core/Src/main.c.obj
                0x200001e4                hi2c1
 .bss.hi2s3     0x20000238       0x48 CMakeFiles/DMS-24-RTOS-VCU.dir/Core/Src/main.c.obj
                0x20000238                hi2s3
 .bss.hspi1     0x20000280       0x58 CMakeFiles/DMS-24-RTOS-VCU.dir/Core/Src/main.c.obj
                0x20000280                hspi1
 .bss.blink01Handle
                0x200002d8        0x4 CMakeFiles/DMS-24-RTOS-VCU.dir/Core/Src/main.c.obj
                0x200002d8                blink01Handle
 .bss.blink02Handle
                0x200002dc        0x4 CMakeFiles/DMS-24-RTOS-VCU.dir/Core/Src/main.c.obj
                0x200002dc                blink02Handle
 .bss.htim6     0x200002e0       0x48 CMakeFiles/DMS-24-RTOS-VCU.dir/Core/Src/stm32f4xx_hal_timebase_tim.c.obj
                0x200002e0                htim6
 .bss.hUsbHostFS
                0x20000328      0x3e4 CMakeFiles/DMS-24-RTOS-VCU.dir/USB_HOST/App/usb_host.c.obj
                0x20000328                hUsbHostFS
 .bss.Appli_state
                0x2000070c        0x1 CMakeFiles/DMS-24-RTOS-VCU.dir/USB_HOST/App/usb_host.c.obj
                0x2000070c                Appli_state
 *fill*         0x2000070d        0x3 
 .bss.hhcd_USB_OTG_FS
                0x20000710      0x3e0 CMakeFiles/DMS-24-RTOS-VCU.dir/USB_HOST/Target/usbh_conf.c.obj
                0x20000710                hhcd_USB_OTG_FS
 .bss.uwTick    0x20000af0        0x4 CMakeFiles/DMS-24-RTOS-VCU.dir/Drivers/STM32F4xx_HAL_Driver/Src/stm32f4xx_hal.c.obj
                0x20000af0                uwTick
 .bss.xQueueRegistry
                0x20000af4       0x40 CMakeFiles/DMS-24-RTOS-VCU.dir/Middlewares/Third_Party/FreeRTOS/Source/queue.c.obj
                0x20000af4                xQueueRegistry
 .bss.pxCurrentTCB
                0x20000b34        0x4 CMakeFiles/DMS-24-RTOS-VCU.dir/Middlewares/Third_Party/FreeRTOS/Source/tasks.c.obj
                0x20000b34                pxCurrentTCB
 .bss.pxReadyTasksLists
                0x20000b38      0x460 CMakeFiles/DMS-24-RTOS-VCU.dir/Middlewares/Third_Party/FreeRTOS/Source/tasks.c.obj
 .bss.xDelayedTaskList1
                0x20000f98       0x14 CMakeFiles/DMS-24-RTOS-VCU.dir/Middlewares/Third_Party/FreeRTOS/Source/tasks.c.obj
 .bss.xDelayedTaskList2
                0x20000fac       0x14 CMakeFiles/DMS-24-RTOS-VCU.dir/Middlewares/Third_Party/FreeRTOS/Source/tasks.c.obj
 .bss.pxDelayedTaskList
                0x20000fc0        0x4 CMakeFiles/DMS-24-RTOS-VCU.dir/Middlewares/Third_Party/FreeRTOS/Source/tasks.c.obj
 .bss.pxOverflowDelayedTaskList
                0x20000fc4        0x4 CMakeFiles/DMS-24-RTOS-VCU.dir/Middlewares/Third_Party/FreeRTOS/Source/tasks.c.obj
 .bss.xPendingReadyList
                0x20000fc8       0x14 CMakeFiles/DMS-24-RTOS-VCU.dir/Middlewares/Third_Party/FreeRTOS/Source/tasks.c.obj
 .bss.xTasksWaitingTermination
                0x20000fdc       0x14 CMakeFiles/DMS-24-RTOS-VCU.dir/Middlewares/Third_Party/FreeRTOS/Source/tasks.c.obj
 .bss.uxDeletedTasksWaitingCleanUp
                0x20000ff0        0x4 CMakeFiles/DMS-24-RTOS-VCU.dir/Middlewares/Third_Party/FreeRTOS/Source/tasks.c.obj
 .bss.xSuspendedTaskList
                0x20000ff4       0x14 CMakeFiles/DMS-24-RTOS-VCU.dir/Middlewares/Third_Party/FreeRTOS/Source/tasks.c.obj
 .bss.uxCurrentNumberOfTasks
                0x20001008        0x4 CMakeFiles/DMS-24-RTOS-VCU.dir/Middlewares/Third_Party/FreeRTOS/Source/tasks.c.obj
 .bss.xTickCount
                0x2000100c        0x4 CMakeFiles/DMS-24-RTOS-VCU.dir/Middlewares/Third_Party/FreeRTOS/Source/tasks.c.obj
 .bss.uxTopReadyPriority
                0x20001010        0x4 CMakeFiles/DMS-24-RTOS-VCU.dir/Middlewares/Third_Party/FreeRTOS/Source/tasks.c.obj
 .bss.xSchedulerRunning
                0x20001014        0x4 CMakeFiles/DMS-24-RTOS-VCU.dir/Middlewares/Third_Party/FreeRTOS/Source/tasks.c.obj
 .bss.xPendedTicks
                0x20001018        0x4 CMakeFiles/DMS-24-RTOS-VCU.dir/Middlewares/Third_Party/FreeRTOS/Source/tasks.c.obj
 .bss.xYieldPending
                0x2000101c        0x4 CMakeFiles/DMS-24-RTOS-VCU.dir/Middlewares/Third_Party/FreeRTOS/Source/tasks.c.obj
 .bss.xNumOfOverflows
                0x20001020        0x4 CMakeFiles/DMS-24-RTOS-VCU.dir/Middlewares/Third_Party/FreeRTOS/Source/tasks.c.obj
 .bss.uxTaskNumber
                0x20001024        0x4 CMakeFiles/DMS-24-RTOS-VCU.dir/Middlewares/Third_Party/FreeRTOS/Source/tasks.c.obj
 .bss.xNextTaskUnblockTime
                0x20001028        0x4 CMakeFiles/DMS-24-RTOS-VCU.dir/Middlewares/Third_Party/FreeRTOS/Source/tasks.c.obj
 .bss.xIdleTaskHandle
                0x2000102c        0x4 CMakeFiles/DMS-24-RTOS-VCU.dir/Middlewares/Third_Party/FreeRTOS/Source/tasks.c.obj
 .bss.uxSchedulerSuspended
                0x20001030        0x4 CMakeFiles/DMS-24-RTOS-VCU.dir/Middlewares/Third_Party/FreeRTOS/Source/tasks.c.obj
 .bss.xActiveTimerList1
                0x20001034       0x14 CMakeFiles/DMS-24-RTOS-VCU.dir/Middlewares/Third_Party/FreeRTOS/Source/timers.c.obj
 .bss.xActiveTimerList2
                0x20001048       0x14 CMakeFiles/DMS-24-RTOS-VCU.dir/Middlewares/Third_Party/FreeRTOS/Source/timers.c.obj
 .bss.pxCurrentTimerList
                0x2000105c        0x4 CMakeFiles/DMS-24-RTOS-VCU.dir/Middlewares/Third_Party/FreeRTOS/Source/timers.c.obj
 .bss.pxOverflowTimerList
                0x20001060        0x4 CMakeFiles/DMS-24-RTOS-VCU.dir/Middlewares/Third_Party/FreeRTOS/Source/timers.c.obj
 .bss.xTimerQueue
                0x20001064        0x4 CMakeFiles/DMS-24-RTOS-VCU.dir/Middlewares/Third_Party/FreeRTOS/Source/timers.c.obj
 .bss.xTimerTaskHandle
                0x20001068        0x4 CMakeFiles/DMS-24-RTOS-VCU.dir/Middlewares/Third_Party/FreeRTOS/Source/timers.c.obj
 .bss.xLastTime.2
                0x2000106c        0x4 CMakeFiles/DMS-24-RTOS-VCU.dir/Middlewares/Third_Party/FreeRTOS/Source/timers.c.obj
 .bss.ucStaticTimerQueueStorage.1
                0x20001070       0xa0 CMakeFiles/DMS-24-RTOS-VCU.dir/Middlewares/Third_Party/FreeRTOS/Source/timers.c.obj
 .bss.xStaticTimerQueue.0
                0x20001110       0x50 CMakeFiles/DMS-24-RTOS-VCU.dir/Middlewares/Third_Party/FreeRTOS/Source/timers.c.obj
 .bss.KernelState
                0x20001160        0x4 CMakeFiles/DMS-24-RTOS-VCU.dir/Middlewares/Third_Party/FreeRTOS/Source/CMSIS_RTOS_V2/cmsis_os2.c.obj
 .bss.Idle_TCB.3
                0x20001164       0x5c CMakeFiles/DMS-24-RTOS-VCU.dir/Middlewares/Third_Party/FreeRTOS/Source/CMSIS_RTOS_V2/cmsis_os2.c.obj
 .bss.Idle_Stack.2
                0x200011c0      0x200 CMakeFiles/DMS-24-RTOS-VCU.dir/Middlewares/Third_Party/FreeRTOS/Source/CMSIS_RTOS_V2/cmsis_os2.c.obj
 .bss.Timer_TCB.1
                0x200013c0       0x5c CMakeFiles/DMS-24-RTOS-VCU.dir/Middlewares/Third_Party/FreeRTOS/Source/CMSIS_RTOS_V2/cmsis_os2.c.obj
 .bss.Timer_Stack.0
                0x2000141c      0x400 CMakeFiles/DMS-24-RTOS-VCU.dir/Middlewares/Third_Party/FreeRTOS/Source/CMSIS_RTOS_V2/cmsis_os2.c.obj
 .bss.ucHeap    0x2000181c     0x3c00 CMakeFiles/DMS-24-RTOS-VCU.dir/Middlewares/Third_Party/FreeRTOS/Source/portable/MemMang/heap_4.c.obj
 .bss.xStart    0x2000541c        0x8 CMakeFiles/DMS-24-RTOS-VCU.dir/Middlewares/Third_Party/FreeRTOS/Source/portable/MemMang/heap_4.c.obj
 .bss.pxEnd     0x20005424        0x4 CMakeFiles/DMS-24-RTOS-VCU.dir/Middlewares/Third_Party/FreeRTOS/Source/portable/MemMang/heap_4.c.obj
 .bss.xFreeBytesRemaining
                0x20005428        0x4 CMakeFiles/DMS-24-RTOS-VCU.dir/Middlewares/Third_Party/FreeRTOS/Source/portable/MemMang/heap_4.c.obj
 .bss.xMinimumEverFreeBytesRemaining
                0x2000542c        0x4 CMakeFiles/DMS-24-RTOS-VCU.dir/Middlewares/Third_Party/FreeRTOS/Source/portable/MemMang/heap_4.c.obj
 .bss.xNumberOfSuccessfulAllocations
                0x20005430        0x4 CMakeFiles/DMS-24-RTOS-VCU.dir/Middlewares/Third_Party/FreeRTOS/Source/portable/MemMang/heap_4.c.obj
 .bss.xNumberOfSuccessfulFrees
                0x20005434        0x4 CMakeFiles/DMS-24-RTOS-VCU.dir/Middlewares/Third_Party/FreeRTOS/Source/portable/MemMang/heap_4.c.obj
 .bss.xBlockAllocatedBit
                0x20005438        0x4 CMakeFiles/DMS-24-RTOS-VCU.dir/Middlewares/Third_Party/FreeRTOS/Source/portable/MemMang/heap_4.c.obj
 .bss.ucMaxSysCallPriority
                0x2000543c        0x1 CMakeFiles/DMS-24-RTOS-VCU.dir/Middlewares/Third_Party/FreeRTOS/Source/portable/GCC/ARM_CM4F/port.c.obj
 *fill*         0x2000543d        0x3 
 .bss.ulMaxPRIGROUPValue
                0x20005440        0x4 CMakeFiles/DMS-24-RTOS-VCU.dir/Middlewares/Third_Party/FreeRTOS/Source/portable/GCC/ARM_CM4F/port.c.obj
 .bss.USBH_Thread_Atrr
                0x20005444       0x24 CMakeFiles/DMS-24-RTOS-VCU.dir/Middlewares/ST/STM32_USB_Host_Library/Core/Src/usbh_core.c.obj
                0x20005444                USBH_Thread_Atrr
 .bss.__sbrk_heap_end
                0x20005468        0x4 CMakeFiles/DMS-24-RTOS-VCU.dir/Core/Src/sysmem.c.obj
 *(COMMON)
                0x2000546c                        . = ALIGN (0x4)
                0x2000546c                        _ebss = .
                0x2000546c                        __bss_end__ = _ebss

._user_heap_stack
                0x2000546c      0x604
                0x20005470                        . = ALIGN (0x8)
 *fill*         0x2000546c        0x4 
                [!provide]                        PROVIDE (end = .)
                0x20005470                        PROVIDE (_end = .)
                0x20005670                        . = (. + _Min_Heap_Size)
 *fill*         0x20005470      0x200 
                0x20005a70                        . = (. + _Min_Stack_Size)
 *fill*         0x20005670      0x400 
                0x20005a70                        . = ALIGN (0x8)

/DISCARD/
 libc.a(*)
 libm.a(*)
 libgcc.a(*)

.ARM.attributes
                0x00000000       0x30
 *(.ARM.attributes)
 .ARM.attributes
                0x00000000       0x22 C:/ST/STM32CubeCLT_1.15.1/GNU-tools-for-STM32/bin/../lib/gcc/arm-none-eabi/12.3.1/thumb/v7e-m+fp/hard/crti.o
 .ARM.attributes
                0x00000022       0x34 C:/ST/STM32CubeCLT_1.15.1/GNU-tools-for-STM32/bin/../lib/gcc/arm-none-eabi/12.3.1/thumb/v7e-m+fp/hard/crtbegin.o
 .ARM.attributes
                0x00000056       0x34 C:/ST/STM32CubeCLT_1.15.1/GNU-tools-for-STM32/bin/../lib/gcc/arm-none-eabi/12.3.1/../../../../arm-none-eabi/lib/thumb/v7e-m+fp/hard\libc_nano.a(libc_a-findfp.o)
 .ARM.attributes
                0x0000008a       0x34 C:/ST/STM32CubeCLT_1.15.1/GNU-tools-for-STM32/bin/../lib/gcc/arm-none-eabi/12.3.1/../../../../arm-none-eabi/lib/thumb/v7e-m+fp/hard\libc_nano.a(libc_a-memset.o)
 .ARM.attributes
                0x000000be       0x34 C:/ST/STM32CubeCLT_1.15.1/GNU-tools-for-STM32/bin/../lib/gcc/arm-none-eabi/12.3.1/../../../../arm-none-eabi/lib/thumb/v7e-m+fp/hard\libc_nano.a(libc_a-reent.o)
 .ARM.attributes
                0x000000f2       0x34 C:/ST/STM32CubeCLT_1.15.1/GNU-tools-for-STM32/bin/../lib/gcc/arm-none-eabi/12.3.1/../../../../arm-none-eabi/lib/thumb/v7e-m+fp/hard\libc_nano.a(libc_a-impure.o)
 .ARM.attributes
                0x00000126       0x34 C:/ST/STM32CubeCLT_1.15.1/GNU-tools-for-STM32/bin/../lib/gcc/arm-none-eabi/12.3.1/../../../../arm-none-eabi/lib/thumb/v7e-m+fp/hard\libc_nano.a(libc_a-init.o)
 .ARM.attributes
                0x0000015a       0x34 C:/ST/STM32CubeCLT_1.15.1/GNU-tools-for-STM32/bin/../lib/gcc/arm-none-eabi/12.3.1/../../../../arm-none-eabi/lib/thumb/v7e-m+fp/hard\libc_nano.a(libc_a-lock.o)
 .ARM.attributes
                0x0000018e       0x34 C:/ST/STM32CubeCLT_1.15.1/GNU-tools-for-STM32/bin/../lib/gcc/arm-none-eabi/12.3.1/../../../../arm-none-eabi/lib/thumb/v7e-m+fp/hard\libc_nano.a(libc_a-freer.o)
 .ARM.attributes
                0x000001c2       0x34 C:/ST/STM32CubeCLT_1.15.1/GNU-tools-for-STM32/bin/../lib/gcc/arm-none-eabi/12.3.1/../../../../arm-none-eabi/lib/thumb/v7e-m+fp/hard\libc_nano.a(libc_a-mallocr.o)
 .ARM.attributes
                0x000001f6       0x34 C:/ST/STM32CubeCLT_1.15.1/GNU-tools-for-STM32/bin/../lib/gcc/arm-none-eabi/12.3.1/../../../../arm-none-eabi/lib/thumb/v7e-m+fp/hard\libc_nano.a(libc_a-mlock.o)
 .ARM.attributes
                0x0000022a       0x34 C:/ST/STM32CubeCLT_1.15.1/GNU-tools-for-STM32/bin/../lib/gcc/arm-none-eabi/12.3.1/../../../../arm-none-eabi/lib/thumb/v7e-m+fp/hard\libc_nano.a(libc_a-sbrkr.o)
 .ARM.attributes
                0x0000025e       0x34 CMakeFiles/DMS-24-RTOS-VCU.dir/Core/Src/main.c.obj
 .ARM.attributes
                0x00000292       0x34 CMakeFiles/DMS-24-RTOS-VCU.dir/Core/Src/stm32f4xx_it.c.obj
 .ARM.attributes
                0x000002c6       0x34 CMakeFiles/DMS-24-RTOS-VCU.dir/Core/Src/stm32f4xx_hal_msp.c.obj
 .ARM.attributes
                0x000002fa       0x34 CMakeFiles/DMS-24-RTOS-VCU.dir/Core/Src/stm32f4xx_hal_timebase_tim.c.obj
 .ARM.attributes
                0x0000032e       0x34 CMakeFiles/DMS-24-RTOS-VCU.dir/USB_HOST/App/usb_host.c.obj
 .ARM.attributes
                0x00000362       0x34 CMakeFiles/DMS-24-RTOS-VCU.dir/USB_HOST/Target/usbh_conf.c.obj
 .ARM.attributes
                0x00000396       0x34 CMakeFiles/DMS-24-RTOS-VCU.dir/USB_HOST/Target/usbh_platform.c.obj
 .ARM.attributes
                0x000003ca       0x34 CMakeFiles/DMS-24-RTOS-VCU.dir/Drivers/STM32F4xx_HAL_Driver/Src/stm32f4xx_hal_hcd.c.obj
 .ARM.attributes
                0x000003fe       0x34 CMakeFiles/DMS-24-RTOS-VCU.dir/Drivers/STM32F4xx_HAL_Driver/Src/stm32f4xx_ll_usb.c.obj
 .ARM.attributes
                0x00000432       0x34 CMakeFiles/DMS-24-RTOS-VCU.dir/Drivers/STM32F4xx_HAL_Driver/Src/stm32f4xx_hal_rcc.c.obj
 .ARM.attributes
                0x00000466       0x34 CMakeFiles/DMS-24-RTOS-VCU.dir/Drivers/STM32F4xx_HAL_Driver/Src/stm32f4xx_hal_rcc_ex.c.obj
 .ARM.attributes
                0x0000049a       0x34 CMakeFiles/DMS-24-RTOS-VCU.dir/Drivers/STM32F4xx_HAL_Driver/Src/stm32f4xx_hal_gpio.c.obj
 .ARM.attributes
                0x000004ce       0x34 CMakeFiles/DMS-24-RTOS-VCU.dir/Drivers/STM32F4xx_HAL_Driver/Src/stm32f4xx_hal_cortex.c.obj
 .ARM.attributes
                0x00000502       0x34 CMakeFiles/DMS-24-RTOS-VCU.dir/Drivers/STM32F4xx_HAL_Driver/Src/stm32f4xx_hal.c.obj
 .ARM.attributes
                0x00000536       0x34 CMakeFiles/DMS-24-RTOS-VCU.dir/Drivers/STM32F4xx_HAL_Driver/Src/stm32f4xx_hal_i2c.c.obj
 .ARM.attributes
                0x0000056a       0x34 CMakeFiles/DMS-24-RTOS-VCU.dir/Drivers/STM32F4xx_HAL_Driver/Src/stm32f4xx_hal_i2s.c.obj
 .ARM.attributes
                0x0000059e       0x34 CMakeFiles/DMS-24-RTOS-VCU.dir/Drivers/STM32F4xx_HAL_Driver/Src/stm32f4xx_hal_i2s_ex.c.obj
 .ARM.attributes