Archive member included to satisfy reference by file (symbol)

c:/program files (x86)/gnu arm embedded toolchain/10 2021.10/bin/../lib/gcc/arm-none-eabi/10.3.1/../../../../arm-none-eabi/lib/thumb/v7e-m+fp/hard\libc_nano.a(lib_a-errno.o)
                              build/sysmem.o (__errno)
c:/program files (x86)/gnu arm embedded toolchain/10 2021.10/bin/../lib/gcc/arm-none-eabi/10.3.1/../../../../arm-none-eabi/lib/thumb/v7e-m+fp/hard\libc_nano.a(lib_a-exit.o)
                              c:/program files (x86)/gnu arm embedded toolchain/10 2021.10/bin/../lib/gcc/arm-none-eabi/10.3.1/../../../../arm-none-eabi/lib/thumb/v7e-m+fp/hard/crt0.o (exit)
c:/program files (x86)/gnu arm embedded toolchain/10 2021.10/bin/../lib/gcc/arm-none-eabi/10.3.1/../../../../arm-none-eabi/lib/thumb/v7e-m+fp/hard\libc_nano.a(lib_a-impure.o)
                              c:/program files (x86)/gnu arm embedded toolchain/10 2021.10/bin/../lib/gcc/arm-none-eabi/10.3.1/../../../../arm-none-eabi/lib/thumb/v7e-m+fp/hard\libc_nano.a(lib_a-exit.o) (_global_impure_ptr)
c:/program files (x86)/gnu arm embedded toolchain/10 2021.10/bin/../lib/gcc/arm-none-eabi/10.3.1/../../../../arm-none-eabi/lib/thumb/v7e-m+fp/hard\libc_nano.a(lib_a-init.o)
                              c:/program files (x86)/gnu arm embedded toolchain/10 2021.10/bin/../lib/gcc/arm-none-eabi/10.3.1/../../../../arm-none-eabi/lib/thumb/v7e-m+fp/hard/crt0.o (__libc_init_array)
c:/program files (x86)/gnu arm embedded toolchain/10 2021.10/bin/../lib/gcc/arm-none-eabi/10.3.1/../../../../arm-none-eabi/lib/thumb/v7e-m+fp/hard\libc_nano.a(lib_a-malloc.o)
                              build/usbh_cdc.o (malloc)
c:/program files (x86)/gnu arm embedded toolchain/10 2021.10/bin/../lib/gcc/arm-none-eabi/10.3.1/../../../../arm-none-eabi/lib/thumb/v7e-m+fp/hard\libc_nano.a(lib_a-memcpy-stub.o)
                              build/queue.o (memcpy)
c:/program files (x86)/gnu arm embedded toolchain/10 2021.10/bin/../lib/gcc/arm-none-eabi/10.3.1/../../../../arm-none-eabi/lib/thumb/v7e-m+fp/hard\libc_nano.a(lib_a-memset.o)
                              c:/program files (x86)/gnu arm embedded toolchain/10 2021.10/bin/../lib/gcc/arm-none-eabi/10.3.1/../../../../arm-none-eabi/lib/thumb/v7e-m+fp/hard/crt0.o (memset)
c:/program files (x86)/gnu arm embedded toolchain/10 2021.10/bin/../lib/gcc/arm-none-eabi/10.3.1/../../../../arm-none-eabi/lib/thumb/v7e-m+fp/hard\libc_nano.a(lib_a-nano-freer.o)
                              c:/program files (x86)/gnu arm embedded toolchain/10 2021.10/bin/../lib/gcc/arm-none-eabi/10.3.1/../../../../arm-none-eabi/lib/thumb/v7e-m+fp/hard\libc_nano.a(lib_a-malloc.o) (_free_r)
c:/program files (x86)/gnu arm embedded toolchain/10 2021.10/bin/../lib/gcc/arm-none-eabi/10.3.1/../../../../arm-none-eabi/lib/thumb/v7e-m+fp/hard\libc_nano.a(lib_a-nano-mallocr.o)
                              c:/program files (x86)/gnu arm embedded toolchain/10 2021.10/bin/../lib/gcc/arm-none-eabi/10.3.1/../../../../arm-none-eabi/lib/thumb/v7e-m+fp/hard\libc_nano.a(lib_a-malloc.o) (_malloc_r)
c:/program files (x86)/gnu arm embedded toolchain/10 2021.10/bin/../lib/gcc/arm-none-eabi/10.3.1/../../../../arm-none-eabi/lib/thumb/v7e-m+fp/hard\libc_nano.a(lib_a-sbrkr.o)
                              c:/program files (x86)/gnu arm embedded toolchain/10 2021.10/bin/../lib/gcc/arm-none-eabi/10.3.1/../../../../arm-none-eabi/lib/thumb/v7e-m+fp/hard\libc_nano.a(lib_a-nano-mallocr.o) (_sbrk_r)
c:/program files (x86)/gnu arm embedded toolchain/10 2021.10/bin/../lib/gcc/arm-none-eabi/10.3.1/../../../../arm-none-eabi/lib/thumb/v7e-m+fp/hard\libc_nano.a(lib_a-mlock.o)
                              c:/program files (x86)/gnu arm embedded toolchain/10 2021.10/bin/../lib/gcc/arm-none-eabi/10.3.1/../../../../arm-none-eabi/lib/thumb/v7e-m+fp/hard\libc_nano.a(lib_a-nano-freer.o) (__malloc_lock)
c:/program files (x86)/gnu arm embedded toolchain/10 2021.10/bin/../lib/gcc/arm-none-eabi/10.3.1/../../../../arm-none-eabi/lib/thumb/v7e-m+fp/hard\libc_nano.a(lib_a-reent.o)
                              c:/program files (x86)/gnu arm embedded toolchain/10 2021.10/bin/../lib/gcc/arm-none-eabi/10.3.1/../../../../arm-none-eabi/lib/thumb/v7e-m+fp/hard\libc_nano.a(lib_a-sbrkr.o) (errno)
c:/program files (x86)/gnu arm embedded toolchain/10 2021.10/bin/../lib/gcc/arm-none-eabi/10.3.1/../../../../arm-none-eabi/lib/thumb/v7e-m+fp/hard\libc_nano.a(lib_a-lock.o)
                              c:/program files (x86)/gnu arm embedded toolchain/10 2021.10/bin/../lib/gcc/arm-none-eabi/10.3.1/../../../../arm-none-eabi/lib/thumb/v7e-m+fp/hard\libc_nano.a(lib_a-mlock.o) (__retarget_lock_acquire_recursive)
c:/program files (x86)/gnu arm embedded toolchain/10 2021.10/bin/../lib/gcc/arm-none-eabi/10.3.1/thumb/v7e-m+fp/hard\libgcc.a(_aeabi_uldivmod.o)
                              build/stm32f4xx_hal_rcc.o (__aeabi_uldivmod)
[...]
Memory Configuration

Name             Origin             Length             Attributes
RAM              0x20000000         0x00020000         xrw
CCMRAM           0x10000000         0x00010000         xrw
FLASH            0x08000000         0x00100000         xr
*default*        0x00000000         0xffffffff

Linker script and memory map

LOAD c:/program files (x86)/gnu arm embedded toolchain/10 2021.10/bin/../lib/gcc/arm-none-eabi/10.3.1/thumb/v7e-m+fp/hard/crti.o
LOAD c:/program files (x86)/gnu arm embedded toolchain/10 2021.10/bin/../lib/gcc/arm-none-eabi/10.3.1/thumb/v7e-m+fp/hard/crtbegin.o
LOAD c:/program files (x86)/gnu arm embedded toolchain/10 2021.10/bin/../lib/gcc/arm-none-eabi/10.3.1/../../../../arm-none-eabi/lib/thumb/v7e-m+fp/hard/crt0.o
LOAD build/main.o
LOAD build/stm32f4xx_it.o
LOAD build/stm32f4xx_hal_msp.o
LOAD build/usb_host.o
LOAD build/usbh_conf.o
LOAD build/usbh_platform.o
LOAD build/stm32f4xx_hal_hcd.o
LOAD build/stm32f4xx_ll_usb.o
LOAD build/stm32f4xx_hal_rcc.o
LOAD build/stm32f4xx_hal_rcc_ex.o
LOAD build/stm32f4xx_hal_flash.o
LOAD build/stm32f4xx_hal_flash_ex.o
LOAD build/stm32f4xx_hal_flash_ramfunc.o
LOAD build/stm32f4xx_hal_gpio.o
LOAD build/stm32f4xx_hal_dma_ex.o
LOAD build/stm32f4xx_hal_dma.o
LOAD build/stm32f4xx_hal_pwr.o
LOAD build/stm32f4xx_hal_pwr_ex.o
LOAD build/stm32f4xx_hal_cortex.o
LOAD build/stm32f4xx_hal.o
LOAD build/stm32f4xx_hal_exti.o
LOAD build/stm32f4xx_hal_i2c.o
LOAD build/stm32f4xx_hal_i2c_ex.o
LOAD build/stm32f4xx_hal_i2s.o
LOAD build/stm32f4xx_hal_i2s_ex.o
LOAD build/stm32f4xx_hal_spi.o
LOAD build/stm32f4xx_hal_tim.o
LOAD build/stm32f4xx_hal_tim_ex.o
LOAD build/system_stm32f4xx.o
LOAD build/usbh_core.o
LOAD build/usbh_ctlreq.o
LOAD build/usbh_ioreq.o
LOAD build/usbh_pipes.o
LOAD build/usbh_cdc.o
LOAD build/sysmem.o
LOAD build/syscalls.o
LOAD build/freertos.o
LOAD build/stm32f4xx_hal_timebase_tim.o
LOAD build/croutine.o
LOAD build/event_groups.o
LOAD build/list.o
LOAD build/queue.o
LOAD build/stream_buffer.o
LOAD build/tasks.o
LOAD build/timers.o
LOAD build/cmsis_os2.o
LOAD build/heap_4.o
LOAD build/port.o
LOAD build/startup_stm32f407xx.o
LOAD c:/program files (x86)/gnu arm embedded toolchain/10 2021.10/bin/../lib/gcc/arm-none-eabi/10.3.1/../../../../arm-none-eabi/lib/thumb/v7e-m+fp/hard\libc_nano.a
LOAD c:/program files (x86)/gnu arm embedded toolchain/10 2021.10/bin/../lib/gcc/arm-none-eabi/10.3.1/../../../../arm-none-eabi/lib/thumb/v7e-m+fp/hard\libm.a
LOAD c:/program files (x86)/gnu arm embedded toolchain/10 2021.10/bin/../lib/gcc/arm-none-eabi/10.3.1/../../../../arm-none-eabi/lib/thumb/v7e-m+fp/hard\libnosys.a
START GROUP
LOAD c:/program files (x86)/gnu arm embedded toolchain/10 2021.10/bin/../lib/gcc/arm-none-eabi/10.3.1/thumb/v7e-m+fp/hard\libgcc.a
LOAD c:/program files (x86)/gnu arm embedded toolchain/10 2021.10/bin/../lib/gcc/arm-none-eabi/10.3.1/../../../../arm-none-eabi/lib/thumb/v7e-m+fp/hard\libc_nano.a
END GROUP
START GROUP
LOAD c:/program files (x86)/gnu arm embedded toolchain/10 2021.10/bin/../lib/gcc/arm-none-eabi/10.3.1/thumb/v7e-m+fp/hard\libgcc.a
LOAD c:/program files (x86)/gnu arm embedded toolchain/10 2021.10/bin/../lib/gcc/arm-none-eabi/10.3.1/../../../../arm-none-eabi/lib/thumb/v7e-m+fp/hard\libc_nano.a
END GROUP
LOAD c:/program files (x86)/gnu arm embedded toolchain/10 2021.10/bin/../lib/gcc/arm-none-eabi/10.3.1/thumb/v7e-m+fp/hard/crtend.o
LOAD c:/program files (x86)/gnu arm embedded toolchain/10 2021.10/bin/../lib/gcc/arm-none-eabi/10.3.1/thumb/v7e-m+fp/hard/crtn.o
                0x20020000                _estack = (ORIGIN (RAM) + LENGTH (RAM))
                0x00000200                _Min_Heap_Size = 0x200
                0x00000400                _Min_Stack_Size = 0x400

.isr_vector     0x08000000      0x188
                0x08000000                . = ALIGN (0x4)
 *(.isr_vector)
 .isr_vector    0x08000000      0x188 build/startup_stm32f407xx.o
                0x08000000                g_pfnVectors
                0x08000188                . = ALIGN (0x4)

.text           0x08000190     0x77f4
                0x08000190                . = ALIGN (0x4)
 *(.text)
 .text          0x08000190       0x40 c:/program files (x86)/gnu arm embedded toolchain/10 2021.10/bin/../lib/gcc/arm-none-eabi/10.3.1/thumb/v7e-m+fp/hard/crtbegin.o
 .text          0x080001d0       0x30 c:/program files (x86)/gnu arm embedded toolchain/10 2021.10/bin/../lib/gcc/arm-none-eabi/10.3.1/thumb/v7e-m+fp/hard\libgcc.a(_aeabi_uldivmod.o)
                0x080001d0                __aeabi_uldivmod
 .text          0x08000200      0x2d0 c:/program files (x86)/gnu arm embedded toolchain/10 2021.10/bin/../lib/gcc/arm-none-eabi/10.3.1/thumb/v7e-m+fp/hard\libgcc.a(_udivmoddi4.o)
                0x08000200                __udivmoddi4
 .text          0x080004d0        0x4 c:/program files (x86)/gnu arm embedded toolchain/10 2021.10/bin/../lib/gcc/arm-none-eabi/10.3.1/thumb/v7e-m+fp/hard\libgcc.a(_dvmd_tls.o)
                0x080004d0                __aeabi_idiv0
                0x080004d0                __aeabi_ldiv0
 *(.text*)
 .text.MX_GPIO_Init
                0x080004d4      0x188 build/main.o
 .text.StartBlink01
                0x0800065c       0x20 build/main.o
                0x0800065c                StartBlink01
 .text.StartBlink02
                0x0800067c        0xa build/main.o
                0x0800067c                StartBlink02
 *fill*         0x08000686        0x2 
 .text.HAL_TIM_PeriodElapsedCallback
                0x08000688       0x18 build/main.o
                0x08000688                HAL_TIM_PeriodElapsedCallback
 .text.Error_Handler
                0x080006a0        0x4 build/main.o
                0x080006a0                Error_Handler
 .text.MX_I2C1_Init
                0x080006a4       0x38 build/main.o
 .text.MX_I2S3_Init
                0x080006dc       0x38 build/main.o
 .text.MX_SPI1_Init
                0x08000714       0x40 build/main.o
 .text.SystemClock_Config
                0x08000754       0xac build/main.o
                0x08000754                SystemClock_Config
 .text.main     0x08000800       0x58 build/main.o
                0x08000800                main
 .text.NMI_Handler
                0x08000858        0x2 build/stm32f4xx_it.o
                0x08000858                NMI_Handler
 .text.HardFault_Handler
                0x0800085a        0x2 build/stm32f4xx_it.o
                0x0800085a                HardFault_Handler
 .text.MemManage_Handler
                0x0800085c        0x2 build/stm32f4xx_it.o
                0x0800085c                MemManage_Handler
 .text.BusFault_Handler
                0x0800085e        0x2 build/stm32f4xx_it.o
                0x0800085e                BusFault_Handler
 .text.UsageFault_Handler
                0x08000860        0x2 build/stm32f4xx_it.o
                0x08000860                UsageFault_Handler
 .text.DebugMon_Handler
                0x08000862        0x2 build/stm32f4xx_it.o
                0x08000862                DebugMon_Handler
 .text.TIM6_DAC_IRQHandler
                0x08000864       0x10 build/stm32f4xx_it.o
                0x08000864                TIM6_DAC_IRQHandler
 .text.OTG_FS_IRQHandler
                0x08000874       0x10 build/stm32f4xx_it.o
                0x08000874                OTG_FS_IRQHandler
 .text.HAL_MspInit
                0x08000884       0x44 build/stm32f4xx_hal_msp.o
                0x08000884                HAL_MspInit
 .text.HAL_I2C_MspInit
                0x080008c8       0x70 build/stm32f4xx_hal_msp.o
                0x080008c8                HAL_I2C_MspInit
 .text.HAL_I2S_MspInit
                0x08000938       0xc0 build/stm32f4xx_hal_msp.o
                0x08000938                HAL_I2S_MspInit
 .text.HAL_SPI_MspInit
                0x080009f8       0x6c build/stm32f4xx_hal_msp.o
                0x080009f8                HAL_SPI_MspInit
 .text.USBH_UserProcess
                0x08000a64       0x2c build/usb_host.o
 .text.MX_USB_HOST_Init
                0x08000a90       0x40 build/usb_host.o
                0x08000a90                MX_USB_HOST_Init
 .text.HAL_HCD_MspInit
                0x08000ad0       0x94 build/usbh_conf.o
                0x08000ad0                HAL_HCD_MspInit
 .text.HAL_HCD_SOF_Callback
                0x08000b64        0xc build/usbh_conf.o
                0x08000b64                HAL_HCD_SOF_Callback
 .text.HAL_HCD_Connect_Callback
                0x08000b70        0xc build/usbh_conf.o
                0x08000b70                HAL_HCD_Connect_Callback
 .text.HAL_HCD_Disconnect_Callback
                0x08000b7c        0xc build/usbh_conf.o
                0x08000b7c                HAL_HCD_Disconnect_Callback
 .text.HAL_HCD_HC_NotifyURBChange_Callback
                0x08000b88        0xc build/usbh_conf.o
                0x08000b88                HAL_HCD_HC_NotifyURBChange_Callback
 .text.HAL_HCD_PortEnabled_Callback
                0x08000b94        0xc build/usbh_conf.o
                0x08000b94                HAL_HCD_PortEnabled_Callback
 .text.HAL_HCD_PortDisabled_Callback
                0x08000ba0        0xc build/usbh_conf.o
                0x08000ba0                HAL_HCD_PortDisabled_Callback
 .text.USBH_LL_Init
                0x08000bac       0x54 build/usbh_conf.o
                0x08000bac                USBH_LL_Init
 .text.USBH_LL_GetSpeed
                0x08000c00       0x20 build/usbh_conf.o
                0x08000c00                USBH_LL_GetSpeed
 .text.USBH_LL_GetLastXferSize
                0x08000c20        0xc build/usbh_conf.o
                0x08000c20                USBH_LL_GetLastXferSize
 .text.USBH_LL_GetURBState
                0x08000c2c        0xc build/usbh_conf.o
                0x08000c2c                USBH_LL_GetURBState
 .text.USBH_LL_DriverVBUS
                0x08000c38       0x1c build/usbh_conf.o
                0x08000c38                USBH_LL_DriverVBUS
 .text.USBH_LL_SetToggle
                0x08000c54       0x2e build/usbh_conf.o
                0x08000c54                USBH_LL_SetToggle
 .text.USBH_Delay
                0x08000c82        0x8 build/usbh_conf.o
                0x08000c82                USBH_Delay
 .text.USBH_Get_USB_Status
                0x08000c8a       0x14 build/usbh_conf.o
                0x08000c8a                USBH_Get_USB_Status
 .text.USBH_LL_Start
                0x08000c9e       0x10 build/usbh_conf.o
                0x08000c9e                USBH_LL_Start
 .text.USBH_LL_Stop
                0x08000cae       0x10 build/usbh_conf.o
                0x08000cae                USBH_LL_Stop
 .text.USBH_LL_ResetPort
                0x08000cbe       0x10 build/usbh_conf.o
                0x08000cbe                USBH_LL_ResetPort
 .text.USBH_LL_OpenPipe
                0x08000cce       0x26 build/usbh_conf.o
                0x08000cce                USBH_LL_OpenPipe
 .text.USBH_LL_ClosePipe
                0x08000cf4       0x10 build/usbh_conf.o
                0x08000cf4                USBH_LL_ClosePipe
 .text.USBH_LL_SubmitURB
                0x08000d04       0x2a build/usbh_conf.o
                0x08000d04                USBH_LL_SubmitURB
 *fill*         0x08000d2e        0x2 
 .text.MX_DriverVbusFS
                0x08000d30       0x18 build/usbh_platform.o
                0x08000d30                MX_DriverVbusFS
 .text.HCD_RXQLVL_IRQHandler
                0x08000d48       0xa6 build/stm32f4xx_hal_hcd.o
 .text.HAL_HCD_HC_Halt
                0x08000dee       0x24 build/stm32f4xx_hal_hcd.o
                0x08000dee                HAL_HCD_HC_Halt
 .text.HAL_HCD_Init
                0x08000e12       0x8e build/stm32f4xx_hal_hcd.o
                0x08000e12                HAL_HCD_Init
 .text.HAL_HCD_HC_SubmitRequest
                0x08000ea0      0x1ce build/stm32f4xx_hal_hcd.o
                0x08000ea0                HAL_HCD_HC_SubmitRequest
 .text.HCD_Port_IRQHandler
                0x0800106e       0xb0 build/stm32f4xx_hal_hcd.o
 .text.HCD_HC_IN_IRQHandler
                0x0800111e      0x5a2 build/stm32f4xx_hal_hcd.o
 .text.HCD_HC_OUT_IRQHandler
                0x080016c0      0x46c build/stm32f4xx_hal_hcd.o
 .text.HAL_HCD_IRQHandler
                0x08001b2c      0x15c build/stm32f4xx_hal_hcd.o
                0x08001b2c                HAL_HCD_IRQHandler
 .text.HAL_HCD_Start
                0x08001c88       0x2a build/stm32f4xx_hal_hcd.o
                0x08001c88                HAL_HCD_Start
 .text.HAL_HCD_Stop
                0x08001cb2       0x24 build/stm32f4xx_hal_hcd.o
                0x08001cb2                HAL_HCD_Stop
 .text.HAL_HCD_ResetPort
                0x08001cd6        0xa build/stm32f4xx_hal_hcd.o
                0x08001cd6                HAL_HCD_ResetPort
 .text.HAL_HCD_HC_GetURBState
                0x08001ce0        0xe build/stm32f4xx_hal_hcd.o
                0x08001ce0                HAL_HCD_HC_GetURBState
 .text.HAL_HCD_HC_GetXferCount
                0x08001cee        0xc build/stm32f4xx_hal_hcd.o
                0x08001cee                HAL_HCD_HC_GetXferCount
 .text.HAL_HCD_GetCurrentFrame
                0x08001cfa        0xa build/stm32f4xx_hal_hcd.o
                0x08001cfa                HAL_HCD_GetCurrentFrame
 .text.HAL_HCD_GetCurrentSpeed
                0x08001d04        0xa build/stm32f4xx_hal_hcd.o
                0x08001d04                HAL_HCD_GetCurrentSpeed
 .text.HAL_HCD_HC_ClearHubInfo
                0x08001d0e       0x18 build/stm32f4xx_hal_hcd.o
                0x08001d0e                HAL_HCD_HC_ClearHubInfo
 .text.HAL_HCD_HC_Init
                0x08001d26       0xca build/stm32f4xx_hal_hcd.o
                0x08001d26                HAL_HCD_HC_Init
 .text.USB_CoreReset
                0x08001df0       0x4a build/stm32f4xx_ll_usb.o
 .text.USB_CoreInit
                0x08001e3a       0x92 build/stm32f4xx_ll_usb.o
                0x08001e3a                USB_CoreInit
 .text.USB_EnableGlobalInt
                0x08001ecc        0xc build/stm32f4xx_ll_usb.o
                0x08001ecc                USB_EnableGlobalInt
 .text.USB_DisableGlobalInt
                0x08001ed8        0xc build/stm32f4xx_ll_usb.o
                0x08001ed8                USB_DisableGlobalInt
 .text.USB_FlushTxFifo
                0x08001ee4       0x4a build/stm32f4xx_ll_usb.o
                0x08001ee4                USB_FlushTxFifo
 .text.USB_FlushRxFifo
                0x08001f2e       0x46 build/stm32f4xx_ll_usb.o
                0x08001f2e                USB_FlushRxFifo
 .text.USB_WritePacket
                0x08001f74       0x2e build/stm32f4xx_ll_usb.o
                0x08001f74                USB_WritePacket
 .text.USB_ReadPacket
                0x08001fa2       0x54 build/stm32f4xx_ll_usb.o
                0x08001fa2                USB_ReadPacket
 .text.USB_ReadInterrupts
                0x08001ff6        0x8 build/stm32f4xx_ll_usb.o
                0x08001ff6                USB_ReadInterrupts
 .text.USB_ReadChInterrupts
                0x08001ffe       0x10 build/stm32f4xx_ll_usb.o
                0x08001ffe                USB_ReadChInterrupts
 .text.USB_GetMode
                0x0800200e        0x8 build/stm32f4xx_ll_usb.o
                0x0800200e                USB_GetMode
 .text.USB_SetCurrentMode
                0x08002016       0x62 build/stm32f4xx_ll_usb.o
                0x08002016                USB_SetCurrentMode
 .text.USB_HostInit
                0x08002078      0x100 build/stm32f4xx_ll_usb.o
                0x08002078                USB_HostInit
 .text.USB_InitFSLSPClkSel
                0x08002178       0x42 build/stm32f4xx_ll_usb.o
                0x08002178                USB_InitFSLSPClkSel
 .text.USB_ResetPort
                0x080021ba       0x3e build/stm32f4xx_ll_usb.o
                0x080021ba                USB_ResetPort
 .text.USB_DriveVbus
                0x080021f8       0x46 build/stm32f4xx_ll_usb.o
                0x080021f8                USB_DriveVbus
 .text.USB_GetHostSpeed
                0x0800223e       0x16 build/stm32f4xx_ll_usb.o
                0x0800223e                USB_GetHostSpeed
 .text.USB_GetCurrentFrame
                0x08002254        0xa build/stm32f4xx_ll_usb.o
                0x08002254                USB_GetCurrentFrame
 *fill*         0x0800225e        0x2 
 .text.USB_HC_Init
                0x08002260      0x134 build/stm32f4xx_ll_usb.o
                0x08002260                USB_HC_Init
 .text.USB_HC_ReadInterrupt
                0x08002394        0xa build/stm32f4xx_ll_usb.o
                0x08002394                USB_HC_ReadInterrupt
 .text.USB_HC_Halt
                0x0800239e       0xfc build/stm32f4xx_ll_usb.o
                0x0800239e                USB_HC_Halt
 *fill*         0x0800249a        0x2 
 .text.USB_DoPing
                0x0800249c       0x24 build/stm32f4xx_ll_usb.o
                0x0800249c                USB_DoPing
 .text.USB_HC_StartXfer
                0x080024c0      0x2b0 build/stm32f4xx_ll_usb.o
                0x080024c0                USB_HC_StartXfer
 .text.USB_StopHost
                0x08002770       0x92 build/stm32f4xx_ll_usb.o
                0x08002770                USB_StopHost
 *fill*         0x08002802        0x2 
 .text.HAL_RCC_OscConfig
                0x08002804      0x3f8 build/stm32f4xx_hal_rcc.o
                0x08002804                HAL_RCC_OscConfig
 .text.HAL_RCC_GetSysClockFreq
                0x08002bfc       0xd4 build/stm32f4xx_hal_rcc.o
                0x08002bfc                HAL_RCC_GetSysClockFreq
 .text.HAL_RCC_ClockConfig
                0x08002cd0      0x160 build/stm32f4xx_hal_rcc.o
                0x08002cd0                HAL_RCC_ClockConfig
 .text.HAL_RCC_GetHCLKFreq
                0x08002e30        0xc build/stm32f4xx_hal_rcc.o
                0x08002e30                HAL_RCC_GetHCLKFreq
 .text.HAL_RCC_GetPCLK1Freq
                0x08002e3c       0x20 build/stm32f4xx_hal_rcc.o
                0x08002e3c                HAL_RCC_GetPCLK1Freq
 .text.HAL_RCC_GetClockConfig
                0x08002e5c       0x3c build/stm32f4xx_hal_rcc.o
                0x08002e5c                HAL_RCC_GetClockConfig
 .text.HAL_RCCEx_PeriphCLKConfig
                0x08002e98      0x154 build/stm32f4xx_hal_rcc_ex.o
                0x08002e98                HAL_RCCEx_PeriphCLKConfig
 .text.HAL_RCCEx_GetPeriphCLKFreq
                0x08002fec       0x70 build/stm32f4xx_hal_rcc_ex.o
                0x08002fec                HAL_RCCEx_GetPeriphCLKFreq
 .text.HAL_GPIO_Init
                0x0800305c      0x1e4 build/stm32f4xx_hal_gpio.o
                0x0800305c                HAL_GPIO_Init
 .text.HAL_GPIO_WritePin
                0x08003240        0xc build/stm32f4xx_hal_gpio.o
                0x08003240                HAL_GPIO_WritePin
 .text.HAL_GPIO_TogglePin
                0x0800324c       0x12 build/stm32f4xx_hal_gpio.o
                0x0800324c                HAL_GPIO_TogglePin
 *fill*         0x0800325e        0x2 
 .text.HAL_NVIC_SetPriorityGrouping
                0x08003260       0x24 build/stm32f4xx_hal_cortex.o
                0x08003260                HAL_NVIC_SetPriorityGrouping
 .text.HAL_NVIC_SetPriority
                0x08003284       0x70 build/stm32f4xx_hal_cortex.o
                0x08003284                HAL_NVIC_SetPriority
 .text.HAL_NVIC_EnableIRQ
                0x080032f4       0x1c build/stm32f4xx_hal_cortex.o
                0x080032f4                HAL_NVIC_EnableIRQ
 .text.HAL_Init
                0x08003310       0x34 build/stm32f4xx_hal.o
                0x08003310                HAL_Init
 .text.HAL_IncTick
                0x08003344       0x18 build/stm32f4xx_hal.o
                0x08003344                HAL_IncTick
 .text.HAL_GetTick
                0x0800335c        0xc build/stm32f4xx_hal.o
                0x0800335c                HAL_GetTick
 .text.HAL_Delay
                0x08003368       0x28 build/stm32f4xx_hal.o
                0x08003368                HAL_Delay
 .text.HAL_I2C_Init
                0x08003390      0x1bc build/stm32f4xx_hal_i2c.o
                0x08003390                HAL_I2C_Init
 .text.HAL_I2S_Init
                0x0800354c      0x19c build/stm32f4xx_hal_i2s.o
                0x0800354c                HAL_I2S_Init
 .text.HAL_I2S_TxCpltCallback
                0x080036e8        0x2 build/stm32f4xx_hal_i2s.o
                0x080036e8                HAL_I2S_TxCpltCallback
 .text.I2S_Transmit_IT
                0x080036ea       0x38 build/stm32f4xx_hal_i2s.o
 .text.HAL_I2S_RxCpltCallback
                0x08003722        0x2 build/stm32f4xx_hal_i2s.o
                0x08003722                HAL_I2S_RxCpltCallback
 .text.I2S_Receive_IT
                0x08003724       0x38 build/stm32f4xx_hal_i2s.o
 .text.HAL_I2S_ErrorCallback
                0x0800375c        0x2 build/stm32f4xx_hal_i2s.o
                0x0800375c                HAL_I2S_ErrorCallback
 .text.I2S_IRQHandler
                0x0800375e       0xd0 build/stm32f4xx_hal_i2s.o
 .text.HAL_I2SEx_TxRxCpltCallback
                0x0800382e        0x2 build/stm32f4xx_hal_i2s_ex.o
                0x0800382e                HAL_I2SEx_TxRxCpltCallback
 .text.I2SEx_TxISR_I2S
                0x08003830       0x3c build/stm32f4xx_hal_i2s_ex.o
 .text.I2SEx_RxISR_I2SExt
                0x0800386c       0x64 build/stm32f4xx_hal_i2s_ex.o
 .text.I2SEx_TxISR_I2SExt
                0x080038d0       0x64 build/stm32f4xx_hal_i2s_ex.o
 .text.I2SEx_RxISR_I2S
                0x08003934       0x3c build/stm32f4xx_hal_i2s_ex.o
 .text.HAL_I2SEx_FullDuplex_IRQHandler
                0x08003970      0x1d8 build/stm32f4xx_hal_i2s_ex.o
                0x08003970                HAL_I2SEx_FullDuplex_IRQHandler
 .text.HAL_SPI_Init
                0x08003b48       0xbe build/stm32f4xx_hal_spi.o
                0x08003b48                HAL_SPI_Init
 .text.HAL_TIM_Base_MspInit
                0x08003c06        0x2 build/stm32f4xx_hal_tim.o
                0x08003c06                HAL_TIM_Base_MspInit
 .text.HAL_TIM_Base_Start_IT
                0x08003c08       0x88 build/stm32f4xx_hal_tim.o
                0x08003c08                HAL_TIM_Base_Start_IT
 .text.HAL_TIM_OC_DelayElapsedCallback
                0x08003c90        0x2 build/stm32f4xx_hal_tim.o
                0x08003c90                HAL_TIM_OC_DelayElapsedCallback
 .text.HAL_TIM_IC_CaptureCallback
                0x08003c92        0x2 build/stm32f4xx_hal_tim.o
                0x08003c92                HAL_TIM_IC_CaptureCallback
 .text.HAL_TIM_PWM_PulseFinishedCallback
                0x08003c94        0x2 build/stm32f4xx_hal_tim.o
                0x08003c94                HAL_TIM_PWM_PulseFinishedCallback
 .text.HAL_TIM_TriggerCallback
                0x08003c96        0x2 build/stm32f4xx_hal_tim.o
                0x08003c96                HAL_TIM_TriggerCallback
 .text.HAL_TIM_IRQHandler
                0x08003c98      0x15e build/stm32f4xx_hal_tim.o
                0x08003c98                HAL_TIM_IRQHandler
 *fill*         0x08003df6        0x2 
 .text.TIM_Base_SetConfig
                0x08003df8       0xd8 build/stm32f4xx_hal_tim.o
                0x08003df8                TIM_Base_SetConfig
 .text.HAL_TIM_Base_Init
                0x08003ed0       0x58 build/stm32f4xx_hal_tim.o
                0x08003ed0                HAL_TIM_Base_Init
 .text.HAL_TIMEx_CommutCallback
                0x08003f28        0x2 build/stm32f4xx_hal_tim_ex.o
                0x08003f28                HAL_TIMEx_CommutCallback
 .text.HAL_TIMEx_BreakCallback
                0x08003f2a        0x2 build/stm32f4xx_hal_tim_ex.o
                0x08003f2a                HAL_TIMEx_BreakCallback
 .text.SystemInit
                0x08003f2c       0x14 build/system_stm32f4xx.o
                0x08003f2c                SystemInit
 .text.USBH_HandleSof
                0x08003f40       0x1a build/usbh_core.o
 .text.DeInitStateMachine
                0x08003f5a       0x94 build/usbh_core.o
 .text.USBH_HandleEnum
                0x08003fee      0x2dc build/usbh_core.o
 *fill*         0x080042ca        0x2 
 .text.USBH_Init
                0x080042cc       0x74 build/usbh_core.o
                0x080042cc                USBH_Init
 .text.USBH_RegisterClass
                0x08004340       0x22 build/usbh_core.o
                0x08004340                USBH_RegisterClass
 .text.USBH_SelectInterface
                0x08004362       0x14 build/usbh_core.o
                0x08004362                USBH_SelectInterface
 .text.USBH_FindInterface
                0x08004376       0x54 build/usbh_core.o
                0x08004376                USBH_FindInterface
 .text.USBH_Start
                0x080043ca       0x14 build/usbh_core.o
                0x080043ca                USBH_Start
 .text.USBH_Process
                0x080043de      0x360 build/usbh_core.o
                0x080043de                USBH_Process
 .text.USBH_Process_OS
                0x0800473e       0x22 build/usbh_core.o
 .text.USBH_LL_SetTimer
                0x08004760        0x6 build/usbh_core.o
                0x08004760                USBH_LL_SetTimer
 .text.USBH_LL_IncTimer
                0x08004766       0x12 build/usbh_core.o
                0x08004766                USBH_LL_IncTimer
 .text.USBH_LL_PortEnabled
                0x08004778       0x1e build/usbh_core.o
                0x08004778                USBH_LL_PortEnabled
 .text.USBH_LL_PortDisabled
                0x08004796        0x8 build/usbh_core.o
                0x08004796                USBH_LL_PortDisabled
 .text.USBH_LL_Connect
                0x0800479e       0x2a build/usbh_core.o
                0x0800479e                USBH_LL_Connect
 .text.USBH_LL_Disconnect
                0x080047c8       0x40 build/usbh_core.o
                0x080047c8                USBH_LL_Disconnect
 .text.USBH_LL_NotifyURBChange
                0x08004808       0x1c build/usbh_core.o
                0x08004808                USBH_LL_NotifyURBChange
 .text.USBH_ParseDevDesc
                0x08004824       0xf2 build/usbh_ctlreq.o
 .text.USBH_ParseInterfaceDesc
                0x08004916       0x2c build/usbh_ctlreq.o
 .text.USBH_ParseEPDesc
                0x08004942       0xe4 build/usbh_ctlreq.o
 .text.USBH_ParseStringDesc
                0x08004a26       0x32 build/usbh_ctlreq.o
 .text.USBH_HandleControl
                0x08004a58      0x326 build/usbh_ctlreq.o
 .text.USBH_GetNextDesc
                0x08004d7e        0xe build/usbh_ctlreq.o
                0x08004d7e                USBH_GetNextDesc
 .text.USBH_ParseCfgDesc
                0x08004d8c      0x172 build/usbh_ctlreq.o
 .text.USBH_CtlReq
                0x08004efe       0x6e build/usbh_ctlreq.o
                0x08004efe                USBH_CtlReq
 .text.USBH_GetDescriptor
                0x08004f6c       0x42 build/usbh_ctlreq.o
                0x08004f6c                USBH_GetDescriptor
 .text.USBH_Get_DevDesc
                0x08004fae       0x36 build/usbh_ctlreq.o
                0x08004fae                USBH_Get_DevDesc
 .text.USBH_Get_CfgDesc
                0x08004fe4       0x36 build/usbh_ctlreq.o
                0x08004fe4                USBH_Get_CfgDesc
 .text.USBH_Get_StringDesc
                0x0800501a       0x40 build/usbh_ctlreq.o
                0x0800501a                USBH_Get_StringDesc
 .text.USBH_SetAddress
                0x0800505a       0x22 build/usbh_ctlreq.o
                0x0800505a                USBH_SetAddress
 .text.USBH_SetCfg
                0x0800507c       0x22 build/usbh_ctlreq.o
                0x0800507c                USBH_SetCfg
 .text.USBH_SetFeature
                0x0800509e       0x22 build/usbh_ctlreq.o
                0x0800509e                USBH_SetFeature
 .text.USBH_ClrFeature
                0x080050c0       0x24 build/usbh_ctlreq.o
                0x080050c0                USBH_ClrFeature
 .text.USBH_CtlSendSetup
                0x080050e4       0x22 build/usbh_ioreq.o
                0x080050e4                USBH_CtlSendSetup
 .text.USBH_CtlSendData
                0x08005106       0x2c build/usbh_ioreq.o
                0x08005106                USBH_CtlSendData
 .text.USBH_CtlReceiveData
                0x08005132       0x20 build/usbh_ioreq.o
                0x08005132                USBH_CtlReceiveData
 .text.USBH_BulkSendData
                0x08005152       0x2c build/usbh_ioreq.o
                0x08005152                USBH_BulkSendData
 .text.USBH_BulkReceiveData
                0x0800517e       0x20 build/usbh_ioreq.o
                0x0800517e                USBH_BulkReceiveData
 .text.USBH_GetFreePipe
                0x0800519e       0x26 build/usbh_pipes.o
 .text.USBH_OpenPipe
                0x080051c4       0x20 build/usbh_pipes.o
                0x080051c4                USBH_OpenPipe
 .text.USBH_ClosePipe
                0x080051e4        0xa build/usbh_pipes.o
                0x080051e4                USBH_ClosePipe
 .text.USBH_AllocPipe
                0x080051ee       0x26 build/usbh_pipes.o
                0x080051ee                USBH_AllocPipe
 .text.USBH_FreePipe
                0x08005214       0x16 build/usbh_pipes.o
                0x08005214                USBH_FreePipe
 .text.USBH_CDC_SOFProcess
                0x0800522a        0x4 build/usbh_cdc.o
 .text.SetLineCoding
                0x0800522e       0x1a build/usbh_cdc.o
 .text.GetLineCoding
                0x08005248       0x1a build/usbh_cdc.o
 .text.USBH_CDC_ClassRequest
                0x08005262       0x22 build/usbh_cdc.o
 .text.USBH_CDC_InterfaceDeInit
                0x08005284       0x68 build/usbh_cdc.o
 .text.USBH_CDC_InterfaceInit
                0x080052ec      0x186 build/usbh_cdc.o
 .text.USBH_CDC_TransmitCallback
                0x08005472        0x2 build/usbh_cdc.o
                0x08005472                USBH_CDC_TransmitCallback
 .text.CDC_ProcessTransmission
                0x08005474       0xc0 build/usbh_cdc.o
 .text.USBH_CDC_ReceiveCallback
                0x08005534        0x2 build/usbh_cdc.o
                0x08005534                USBH_CDC_ReceiveCallback
 .text.CDC_ProcessReception
                0x08005536       0x7e build/usbh_cdc.o
 .text.USBH_CDC_LineCodingChanged
                0x080055b4        0x2 build/usbh_cdc.o
                0x080055b4                USBH_CDC_LineCodingChanged
 .text.USBH_CDC_Process
                0x080055b6       0xb2 build/usbh_cdc.o
 .text._sbrk    0x08005668       0x48 build/sysmem.o
                0x08005668                _sbrk
 .text.HAL_InitTick
                0x080056b0       0xa4 build/stm32f4xx_hal_timebase_tim.o
                0x080056b0                HAL_InitTick
 .text.vListInitialise
                0x08005754       0x16 build/list.o
                0x08005754                vListInitialise
 .text.vListInitialiseItem
                0x0800576a        0x6 build/list.o
                0x0800576a                vListInitialiseItem
 .text.vListInsertEnd
                0x08005770       0x16 build/list.o
                0x08005770                vListInsertEnd
 .text.vListInsert
                0x08005786       0x32 build/list.o
                0x08005786                vListInsert
 .text.uxListRemove
                0x080057b8       0x26 build/list.o
                0x080057b8                uxListRemove
 .text.prvIsQueueFull
                0x080057de       0x1e build/queue.o
 .text.prvIsQueueEmpty
                0x080057fc       0x1a build/queue.o
 .text.prvCopyDataToQueue
                0x08005816       0x76 build/queue.o
 .text.prvCopyDataFromQueue
                0x0800588c       0x24 build/queue.o
 .text.prvUnlockQueue
                0x080058b0       0x6e build/queue.o
 .text.xQueueGenericReset
                0x0800591e       0x84 build/queue.o
                0x0800591e                xQueueGenericReset
 .text.prvInitialiseNewQueue
                0x080059a2       0x22 build/queue.o
 .text.xQueueGenericCreateStatic
                0x080059c4       0x94 build/queue.o
                0x080059c4                xQueueGenericCreateStatic
 .text.xQueueGenericCreate
                0x08005a58       0x48 build/queue.o
                0x08005a58                xQueueGenericCreate
 .text.xQueueGenericSend
                0x08005aa0      0x188 build/queue.o
                0x08005aa0                xQueueGenericSend
 .text.xQueueGenericSendFromISR
                0x08005c28       0xce build/queue.o
                0x08005c28                xQueueGenericSendFromISR
 .text.xQueueReceive
                0x08005cf6      0x15e build/queue.o
                0x08005cf6                xQueueReceive
 .text.xQueueReceiveFromISR
                0x08005e54       0xa8 build/queue.o
                0x08005e54                xQueueReceiveFromISR
 .text.vQueueAddToRegistry
                0x08005efc       0x28 build/queue.o
                0x08005efc                vQueueAddToRegistry
 .text.vQueueWaitForMessageRestricted
                0x08005f24       0x52 build/queue.o
                0x08005f24                vQueueWaitForMessageRestricted
 *fill*         0x08005f76        0x2 
 .text.prvResetNextTaskUnblockTime
                0x08005f78       0x2c build/tasks.o
 .text.prvInitialiseNewTask
                0x08005fa4       0xa6 build/tasks.o
 *fill*         0x0800604a        0x2 
 .text.prvInitialiseTaskLists
                0x0800604c       0x68 build/tasks.o
 .text.prvAddNewTaskToReadyList
                0x080060b4       0xac build/tasks.o
 .text.prvDeleteTCB
                0x08006160       0x38 build/tasks.o
 .text.prvCheckTasksWaitingTermination
                0x08006198       0x4c build/tasks.o
 .text.prvIdleTask
                0x080061e4       0x28 build/tasks.o
 .text.prvAddCurrentTaskToDelayedList
                0x0800620c       0x7c build/tasks.o
 .text.xTaskCreateStatic
                0x08006288       0x76 build/tasks.o
                0x08006288                xTaskCreateStatic
 .text.xTaskCreate
                0x080062fe       0x68 build/tasks.o
                0x080062fe                xTaskCreate
 *fill*         0x08006366        0x2 
 .text.vTaskStartScheduler
                0x08006368       0x9c build/tasks.o
                0x08006368                vTaskStartScheduler
 .text.vTaskSuspendAll
                0x08006404       0x10 build/tasks.o
                0x08006404                vTaskSuspendAll
 .text.xTaskGetTickCount
                0x08006414        0xc build/tasks.o
                0x08006414                xTaskGetTickCount
 .text.xTaskIncrementTick
                0x08006420      0x118 build/tasks.o
                0x08006420                xTaskIncrementTick
 .text.xTaskResumeAll
                0x08006538       0xf8 build/tasks.o
                0x08006538                xTaskResumeAll
 .text.vTaskDelay
                0x08006630       0x4c build/tasks.o
                0x08006630                vTaskDelay
 .text.vTaskSwitchContext
                0x0800667c       0x94 build/tasks.o
                0x0800667c                vTaskSwitchContext
 .text.vTaskPlaceOnEventList
                0x08006710       0x30 build/tasks.o
                0x08006710                vTaskPlaceOnEventList
 .text.vTaskPlaceOnEventListRestricted
                0x08006740       0x38 build/tasks.o
                0x08006740                vTaskPlaceOnEventListRestricted
 .text.xTaskRemoveFromEventList
                0x08006778       0x8c build/tasks.o
                0x08006778                xTaskRemoveFromEventList
 .text.vTaskInternalSetTimeOutState
                0x08006804       0x18 build/tasks.o
                0x08006804                vTaskInternalSetTimeOutState
 .text.xTaskCheckForTimeOut
                0x0800681c       0x84 build/tasks.o
                0x0800681c                xTaskCheckForTimeOut
 .text.vTaskMissedYield
                0x080068a0        0xc build/tasks.o
                0x080068a0                vTaskMissedYield
 .text.xTaskGetSchedulerState
                0x080068ac       0x20 build/tasks.o
                0x080068ac                xTaskGetSchedulerState
 .text.xTaskPriorityDisinherit
                0x080068cc       0x90 build/tasks.o
                0x080068cc                xTaskPriorityDisinherit
 .text.prvGetNextExpireTime
                0x0800695c       0x20 build/timers.o
 .text.prvInsertTimerInActiveList
                0x0800697c       0x48 build/timers.o
 .text.prvCheckForValidListAndQueue
                0x080069c4       0x70 build/timers.o
 .text.xTimerCreateTimerTask
                0x08006a34       0x64 build/timers.o
                0x08006a34                xTimerCreateTimerTask
 .text.xTimerGenericCommand
                0x08006a98       0x6c build/timers.o
                0x08006a98                xTimerGenericCommand
 .text.prvSwitchTimerLists
                0x08006b04       0x7c build/timers.o
 .text.prvSampleTimeNow
                0x08006b80       0x2c build/timers.o
 .text.prvProcessExpiredTimer
                0x08006bac       0x6c build/timers.o
 .text.prvProcessTimerOrBlockTask
                0x08006c18       0x74 build/timers.o
 .text.prvProcessReceivedCommands
                0x08006c8c      0x10c build/timers.o
 .text.prvTimerTask
                0x08006d98       0x16 build/timers.o
 .text.SysTick_Handler
                0x08006dae       0x18 build/cmsis_os2.o
                0x08006dae                SysTick_Handler
 *fill*         0x08006dc6        0x2 
 .text.osKernelInitialize
                0x08006dc8       0x24 build/cmsis_os2.o
                0x08006dc8                osKernelInitialize
 .text.osKernelStart
                0x08006dec       0x38 build/cmsis_os2.o
                0x08006dec                osKernelStart
 .text.osThreadNew
                0x08006e24       0xbc build/cmsis_os2.o
                0x08006e24                osThreadNew
 .text.osDelay  0x08006ee0       0x1c build/cmsis_os2.o
                0x08006ee0                osDelay
 .text.osMessageQueueNew
                0x08006efc       0x96 build/cmsis_os2.o
                0x08006efc                osMessageQueueNew
 .text.osMessageQueuePut
                0x08006f92       0x84 build/cmsis_os2.o
                0x08006f92                osMessageQueuePut
 .text.osMessageQueueGet
                0x08007016       0x82 build/cmsis_os2.o
                0x08007016                osMessageQueueGet
 .text.vApplicationGetIdleTaskMemory
                0x08007098       0x18 build/cmsis_os2.o
                0x08007098                vApplicationGetIdleTaskMemory
 .text.vApplicationGetTimerTaskMemory
                0x080070b0       0x18 build/cmsis_os2.o
                0x080070b0                vApplicationGetTimerTaskMemory
 .text.prvHeapInit
                0x080070c8       0x64 build/heap_4.o
 .text.prvInsertBlockIntoFreeList
                0x0800712c       0x64 build/heap_4.o
 .text.pvPortMalloc
                0x08007190       0xfc build/heap_4.o
                0x08007190                pvPortMalloc
 .text.vPortFree
                0x0800728c       0x7c build/heap_4.o
                0x0800728c                vPortFree
 .text.prvTaskExitError
                0x08007308       0x40 build/port.o
 .text.prvPortStartFirstTask
                0x08007348       0x28 build/port.o
 .text.vPortEnableVFP
                0x08007370       0x14 build/port.o
 .text.pxPortInitialiseStack
                0x08007384       0x2c build/port.o
                0x08007384                pxPortInitialiseStack
 .text.SVC_Handler
                0x080073b0       0x24 build/port.o
                0x080073b0                SVC_Handler
 .text.vPortEnterCritical
                0x080073d4       0x44 build/port.o
                0x080073d4                vPortEnterCritical
 .text.vPortExitCritical
                0x08007418       0x2c build/port.o
                0x08007418                vPortExitCritical
 *fill*         0x08007444        0xc 
 .text.PendSV_Handler
                0x08007450       0x64 build/port.o
                0x08007450                PendSV_Handler
 .text.xPortSysTickHandler
                0x080074b4       0x2c build/port.o
                0x080074b4                xPortSysTickHandler
 .text.vPortSetupTimerInterrupt
                0x080074e0       0x28 build/port.o
                0x080074e0                vPortSetupTimerInterrupt
 .text.xPortStartScheduler
                0x08007508      0x118 build/port.o
                0x08007508                xPortStartScheduler
 .text.vPortValidateInterruptPriority
                0x08007620       0x5c build/port.o
                0x08007620                vPortValidateInterruptPriority
 .text.Reset_Handler
                0x0800767c       0x50 build/startup_stm32f407xx.o
                0x0800767c                Reset_Handler
 .text.Default_Handler
                0x080076cc        0x2 build/startup_stm32f407xx.o
                0x080076cc                RTC_Alarm_IRQHandler
                0x080076cc                HASH_RNG_IRQHandler
                0x080076cc                EXTI2_IRQHandler
                0x080076cc                TIM8_CC_IRQHandler
                0x080076cc                TIM1_CC_IRQHandler
                0x080076cc                DMA2_Stream5_IRQHandler
                0x080076cc                DMA1_Stream5_IRQHandler
                0x080076cc                PVD_IRQHandler
                0x080076cc                SDIO_IRQHandler
                0x080076cc                TAMP_STAMP_IRQHandler
                0x080076cc                CAN2_RX1_IRQHandler
                0x080076cc                EXTI3_IRQHandler
                0x080076cc                TIM8_TRG_COM_TIM14_IRQHandler
                0x080076cc                TIM1_UP_TIM10_IRQHandler
                0x080076cc                TIM8_UP_TIM13_IRQHandler
                0x080076cc                I2C3_ER_IRQHandler
                0x080076cc                EXTI0_IRQHandler
                0x080076cc                I2C2_EV_IRQHandler
                0x080076cc                DMA1_Stream2_IRQHandler
                0x080076cc                CAN1_RX0_IRQHandler
                0x080076cc                FPU_IRQHandler
                0x080076cc                OTG_HS_WKUP_IRQHandler
                0x080076cc                CAN2_SCE_IRQHandler
                0x080076cc                DMA2_Stream2_IRQHandler
                0x080076cc                SPI1_IRQHandler
                0x080076cc                TIM1_BRK_TIM9_IRQHandler
                0x080076cc                DCMI_IRQHandler
                0x080076cc                CAN2_RX0_IRQHandler
                0x080076cc                DMA2_Stream3_IRQHandler
                0x080076cc                USART6_IRQHandler
                0x080076cc                USART3_IRQHandler
                0x080076cc                CAN1_RX1_IRQHandler
                0x080076cc                UART5_IRQHandler
                0x080076cc                DMA2_Stream0_IRQHandler
                0x080076cc                TIM4_IRQHandler
                0x080076cc                I2C1_EV_IRQHandler
                0x080076cc                DMA1_Stream6_IRQHandler
                0x080076cc                DMA1_Stream1_IRQHandler
                0x080076cc                UART4_IRQHandler
                0x080076cc                TIM3_IRQHandler
                0x080076cc                RCC_IRQHandler
                0x080076cc                TIM8_BRK_TIM12_IRQHandler
                0x080076cc                Default_Handler
                0x080076cc                EXTI15_10_IRQHandler
                0x080076cc                ADC_IRQHandler
                0x080076cc                DMA1_Stream7_IRQHandler
                0x080076cc                TIM7_IRQHandler
                0x080076cc                CAN2_TX_IRQHandler
                0x080076cc                TIM5_IRQHandler
                0x080076cc                DMA2_Stream7_IRQHandler
                0x080076cc                I2C3_EV_IRQHandler
                0x080076cc                EXTI9_5_IRQHandler
                0x080076cc                RTC_WKUP_IRQHandler
                0x080076cc                ETH_WKUP_IRQHandler
                0x080076cc                SPI2_IRQHandler
                0x080076cc                OTG_HS_EP1_IN_IRQHandler
                0x080076cc                DMA1_Stream0_IRQHandler
                0x080076cc                CAN1_TX_IRQHandler
                0x080076cc                EXTI4_IRQHandler
                0x080076cc                FSMC_IRQHandler
                0x080076cc                ETH_IRQHandler
                0x080076cc                OTG_HS_EP1_OUT_IRQHandler
                0x080076cc                WWDG_IRQHandler
                0x080076cc                TIM2_IRQHandler
                0x080076cc                OTG_FS_WKUP_IRQHandler
                0x080076cc                TIM1_TRG_COM_TIM11_IRQHandler
                0x080076cc                OTG_HS_IRQHandler
                0x080076cc                EXTI1_IRQHandler
                0x080076cc                USART2_IRQHandler
                0x080076cc                I2C2_ER_IRQHandler
                0x080076cc                DMA2_Stream1_IRQHandler
                0x080076cc                CAN1_SCE_IRQHandler
                0x080076cc                FLASH_IRQHandler
                0x080076cc                DMA2_Stream4_IRQHandler
                0x080076cc                USART1_IRQHandler
                0x080076cc                SPI3_IRQHandler
                0x080076cc                DMA1_Stream4_IRQHandler
                0x080076cc                I2C1_ER_IRQHandler
                0x080076cc                DMA2_Stream6_IRQHandler
                0x080076cc                DMA1_Stream3_IRQHandler
 *fill*         0x080076ce        0x2 
 .text.__errno  0x080076d0        0xc c:/program files (x86)/gnu arm embedded toolchain/10 2021.10/bin/../lib/gcc/arm-none-eabi/10.3.1/../../../../arm-none-eabi/lib/thumb/v7e-m+fp/hard\libc_nano.a(lib_a-errno.o)
                0x080076d0                __errno
 .text.__libc_init_array
                0x080076dc       0x48 c:/program files (x86)/gnu arm embedded toolchain/10 2021.10/bin/../lib/gcc/arm-none-eabi/10.3.1/../../../../arm-none-eabi/lib/thumb/v7e-m+fp/hard\libc_nano.a(lib_a-init.o)
                0x080076dc                __libc_init_array
 .text.malloc   0x08007724       0x10 c:/program files (x86)/gnu arm embedded toolchain/10 2021.10/bin/../lib/gcc/arm-none-eabi/10.3.1/../../../../arm-none-eabi/lib/thumb/v7e-m+fp/hard\libc_nano.a(lib_a-malloc.o)
                0x08007724                malloc
 .text.free     0x08007734       0x10 c:/program files (x86)/gnu arm embedded toolchain/10 2021.10/bin/../lib/gcc/arm-none-eabi/10.3.1/../../../../arm-none-eabi/lib/thumb/v7e-m+fp/hard\libc_nano.a(lib_a-malloc.o)
                0x08007734                free
 .text.memcpy   0x08007744       0x1c c:/program files (x86)/gnu arm embedded toolchain/10 2021.10/bin/../lib/gcc/arm-none-eabi/10.3.1/../../../../arm-none-eabi/lib/thumb/v7e-m+fp/hard\libc_nano.a(lib_a-memcpy-stub.o)
                0x08007744                memcpy
 .text.memset   0x08007760       0x10 c:/program files (x86)/gnu arm embedded toolchain/10 2021.10/bin/../lib/gcc/arm-none-eabi/10.3.1/../../../../arm-none-eabi/lib/thumb/v7e-m+fp/hard\libc_nano.a(lib_a-memset.o)
                0x08007760                memset
 .text._free_r  0x08007770       0x98 c:/program files (x86)/gnu arm embedded toolchain/10 2021.10/bin/../lib/gcc/arm-none-eabi/10.3.1/../../../../arm-none-eabi/lib/thumb/v7e-m+fp/hard\libc_nano.a(lib_a-nano-freer.o)
                0x08007770                _free_r
 .text.sbrk_aligned
                0x08007808       0x40 c:/program files (x86)/gnu arm embedded toolchain/10 2021.10/bin/../lib/gcc/arm-none-eabi/10.3.1/../../../../arm-none-eabi/lib/thumb/v7e-m+fp/hard\libc_nano.a(lib_a-nano-mallocr.o)
 .text._malloc_r
                0x08007848       0xe8 c:/program files (x86)/gnu arm embedded toolchain/10 2021.10/bin/../lib/gcc/arm-none-eabi/10.3.1/../../../../arm-none-eabi/lib/thumb/v7e-m+fp/hard\libc_nano.a(lib_a-nano-mallocr.o)
                0x08007848                _malloc_r
 .text._sbrk_r  0x08007930       0x20 c:/program files (x86)/gnu arm embedded toolchain/10 2021.10/bin/../lib/gcc/arm-none-eabi/10.3.1/../../../../arm-none-eabi/lib/thumb/v7e-m+fp/hard\libc_nano.a(lib_a-sbrkr.o)
                0x08007930                _sbrk_r
 .text.__malloc_lock
                0x08007950        0xc c:/program files (x86)/gnu arm embedded toolchain/10 2021.10/bin/../lib/gcc/arm-none-eabi/10.3.1/../../../../arm-none-eabi/lib/thumb/v7e-m+fp/hard\libc_nano.a(lib_a-mlock.o)
                0x08007950                __malloc_lock
 .text.__malloc_unlock
                0x0800795c        0xc c:/program files (x86)/gnu arm embedded toolchain/10 2021.10/bin/../lib/gcc/arm-none-eabi/10.3.1/../../../../arm-none-eabi/lib/thumb/v7e-m+fp/hard\libc_nano.a(lib_a-mlock.o)
                0x0800795c                __malloc_unlock
 .text.__retarget_lock_acquire_recursive
                0x08007968        0x2 c:/program files (x86)/gnu arm embedded toolchain/10 2021.10/bin/../lib/gcc/arm-none-eabi/10.3.1/../../../../arm-none-eabi/lib/thumb/v7e-m+fp/hard\libc_nano.a(lib_a-lock.o)
                0x08007968                __retarget_lock_acquire_recursive
 .text.__retarget_lock_release_recursive
                0x0800796a        0x2 c:/program files (x86)/gnu arm embedded toolchain/10 2021.10/bin/../lib/gcc/arm-none-eabi/10.3.1/../../../../arm-none-eabi/lib/thumb/v7e-m+fp/hard\libc_nano.a(lib_a-lock.o)
                0x0800796a                __retarget_lock_release_recursive
 *(.glue_7)
 .glue_7        0x0800796c        0x0 linker stubs
 *(.glue_7t)
 .glue_7t       0x0800796c        0x0 linker stubs
 *(.eh_frame)
 .eh_frame      0x0800796c        0x0 c:/program files (x86)/gnu arm embedded toolchain/10 2021.10/bin/../lib/gcc/arm-none-eabi/10.3.1/thumb/v7e-m+fp/hard/crtbegin.o
 *(.init)
 .init          0x0800796c        0x4 c:/program files (x86)/gnu arm embedded toolchain/10 2021.10/bin/../lib/gcc/arm-none-eabi/10.3.1/thumb/v7e-m+fp/hard/crti.o
                0x0800796c                _init
 .init          0x08007970        0x8 c:/program files (x86)/gnu arm embedded toolchain/10 2021.10/bin/../lib/gcc/arm-none-eabi/10.3.1/thumb/v7e-m+fp/hard/crtn.o
 *(.fini)
 .fini          0x08007978        0x4 c:/program files (x86)/gnu arm embedded toolchain/10 2021.10/bin/../lib/gcc/arm-none-eabi/10.3.1/thumb/v7e-m+fp/hard/crti.o
                0x08007978                _fini
 .fini          0x0800797c        0x8 c:/program files (x86)/gnu arm embedded toolchain/10 2021.10/bin/../lib/gcc/arm-none-eabi/10.3.1/thumb/v7e-m+fp/hard/crtn.o
                0x08007984                . = ALIGN (0x4)
                0x08007984                _etext = .

.vfp11_veneer   0x08007984        0x0
 .vfp11_veneer  0x08007984        0x0 linker stubs

.v4_bx          0x08007984        0x0
 .v4_bx         0x08007984        0x0 linker stubs

.iplt           0x08007984        0x0
 .iplt          0x08007984        0x0 c:/program files (x86)/gnu arm embedded toolchain/10 2021.10/bin/../lib/gcc/arm-none-eabi/10.3.1/thumb/v7e-m+fp/hard/crtbegin.o

.rodata         0x08007984       0x98
                0x08007984                . = ALIGN (0x4)
 *(.rodata)
 *(.rodata*)
 .rodata.str1.4
                0x08007984       0x10 build/main.o
 .rodata.blink01_attributes
                0x08007994       0x24 build/main.o
                0x08007994                blink01_attributes
 .rodata.blink02_attributes
                0x080079b8       0x24 build/main.o
                0x080079b8                blink02_attributes
 .rodata.AHBPrescTable
                0x080079dc       0x10 build/system_stm32f4xx.o
                0x080079dc                AHBPrescTable
 .rodata.APBPrescTable
                0x080079ec        0x8 build/system_stm32f4xx.o
                0x080079ec                APBPrescTable
 .rodata.USBH_Init.str1.4
                0x080079f4        0xb build/usbh_core.o
 *fill*         0x080079ff        0x1 
 .rodata.str1.4
                0x08007a00        0x4 build/usbh_cdc.o
 .rodata.vTaskStartScheduler.str1.4
                0x08007a04        0x5 build/tasks.o
 *fill*         0x08007a09        0x3 
 .rodata.prvCheckForValidListAndQueue.str1.4
                0x08007a0c        0x5 build/timers.o
 *fill*         0x08007a11        0x3 
 .rodata.xTimerCreateTimerTask.str1.4
                0x08007a14        0x8 build/timers.o
                0x08007a1c                . = ALIGN (0x4)

.ARM.extab
 *(.ARM.extab* .gnu.linkonce.armextab.*)

.ARM            0x08007a1c        0x8
                0x08007a1c                __exidx_start = .
 *(.ARM.exidx*)
 .ARM.exidx     0x08007a1c        0x8 c:/program files (x86)/gnu arm embedded toolchain/10 2021.10/bin/../lib/gcc/arm-none-eabi/10.3.1/thumb/v7e-m+fp/hard\libgcc.a(_udivmoddi4.o)
                0x08007a24                __exidx_end = .

.rel.dyn        0x08007a24        0x0
 .rel.iplt      0x08007a24        0x0 c:/program files (x86)/gnu arm embedded toolchain/10 2021.10/bin/../lib/gcc/arm-none-eabi/10.3.1/thumb/v7e-m+fp/hard/crtbegin.o

.preinit_array  0x08007a24        0x0
                0x08007a24                PROVIDE (__preinit_array_start = .)
 *(.preinit_array*)
                0x08007a24                PROVIDE (__preinit_array_end = .)

.init_array     0x08007a24        0x4
                0x08007a24                PROVIDE (__init_array_start = .)
 *(SORT_BY_NAME(.init_array.*))
 *(.init_array*)
 .init_array    0x08007a24        0x4 c:/program files (x86)/gnu arm embedded toolchain/10 2021.10/bin/../lib/gcc/arm-none-eabi/10.3.1/thumb/v7e-m+fp/hard/crtbegin.o
                0x08007a28                PROVIDE (__init_array_end = .)

.fini_array     0x08007a28        0x4
                [!provide]                PROVIDE (__fini_array_start = .)
 *(SORT_BY_NAME(.fini_array.*))
 *(.fini_array*)
 .fini_array    0x08007a28        0x4 c:/program files (x86)/gnu arm embedded toolchain/10 2021.10/bin/../lib/gcc/arm-none-eabi/10.3.1/thumb/v7e-m+fp/hard/crtbegin.o
                [!provide]                PROVIDE (__fini_array_end = .)
                0x08007a2c                _sidata = LOADADDR (.data)

.data           0x20000000       0x94 load address 0x08007a2c
                0x20000000                . = ALIGN (0x4)
                0x20000000                _sdata = .
 *(.data)
 *(.data*)
 .data.uwTickFreq
                0x20000000        0x1 build/stm32f4xx_hal.o
                0x20000000                uwTickFreq
 *fill*         0x20000001        0x3 
 .data.uwTickPrio
                0x20000004        0x4 build/stm32f4xx_hal.o
                0x20000004                uwTickPrio
 .data.SystemCoreClock
                0x20000008        0x4 build/system_stm32f4xx.o
                0x20000008                SystemCoreClock
 .data.CDC_Class
                0x2000000c       0x20 build/usbh_cdc.o
                0x2000000c                CDC_Class
 .data.uxCriticalNesting
                0x2000002c        0x4 build/port.o
 .data._impure_ptr
                0x20000030        0x4 c:/program files (x86)/gnu arm embedded toolchain/10 2021.10/bin/../lib/gcc/arm-none-eabi/10.3.1/../../../../arm-none-eabi/lib/thumb/v7e-m+fp/hard\libc_nano.a(lib_a-impure.o)
                0x20000030                _impure_ptr
 .data.impure_data
                0x20000034       0x60 c:/program files (x86)/gnu arm embedded toolchain/10 2021.10/bin/../lib/gcc/arm-none-eabi/10.3.1/../../../../arm-none-eabi/lib/thumb/v7e-m+fp/hard\libc_nano.a(lib_a-impure.o)
                0x20000094                . = ALIGN (0x4)
                0x20000094                _edata = .
                0x08007ac0                _siccmram = LOADADDR (.ccmram)

.igot.plt       0x20000094        0x0 load address 0x08007ac0
 .igot.plt      0x20000094        0x0 c:/program files (x86)/gnu arm embedded toolchain/10 2021.10/bin/../lib/gcc/arm-none-eabi/10.3.1/thumb/v7e-m+fp/hard/crtbegin.o

.ccmram         0x10000000        0x0 load address 0x08007ac0
                0x10000000                . = ALIGN (0x4)
                0x10000000                _sccmram = .
 *(.ccmram)
 *(.ccmram*)
                0x10000000                . = ALIGN (0x4)
                0x10000000                _eccmram = .
                0x10000000                . = ALIGN (0x4)

.bss            0x20000094     0x52b4
                0x20000094                _sbss = .
                0x20000094                __bss_start__ = _sbss
 *(.bss)
 .bss           0x20000094       0x1c c:/program files (x86)/gnu arm embedded toolchain/10 2021.10/bin/../lib/gcc/arm-none-eabi/10.3.1/thumb/v7e-m+fp/hard/crtbegin.o
 *(.bss*)
 .bss.blink01Handle
                0x200000b0        0x4 build/main.o
                0x200000b0                blink01Handle
 .bss.blink02Handle
                0x200000b4        0x4 build/main.o
                0x200000b4                blink02Handle
 .bss.hi2c1     0x200000b8       0x54 build/main.o
                0x200000b8                hi2c1
 .bss.hi2s3     0x2000010c       0x48 build/main.o
                0x2000010c                hi2s3
 .bss.hspi1     0x20000154       0x58 build/main.o
                0x20000154                hspi1
 .bss.Appli_state
                0x200001ac        0x1 build/usb_host.o
                0x200001ac                Appli_state
 *fill*         0x200001ad        0x3 
 .bss.hUsbHostFS
                0x200001b0      0x3e4 build/usb_host.o
                0x200001b0                hUsbHostFS
 .bss.hhcd_USB_OTG_FS
                0x20000594      0x3e0 build/usbh_conf.o
                0x20000594                hhcd_USB_OTG_FS
 .bss.uwTick    0x20000974        0x4 build/stm32f4xx_hal.o
                0x20000974                uwTick
 .bss.USBH_Thread_Atrr
                0x20000978       0x24 build/usbh_core.o
                0x20000978                USBH_Thread_Atrr
 .bss.__sbrk_heap_end
                0x2000099c        0x4 build/sysmem.o
 .bss.htim6     0x200009a0       0x48 build/stm32f4xx_hal_timebase_tim.o
                0x200009a0                htim6
 .bss.xQueueRegistry
                0x200009e8       0x40 build/queue.o
                0x200009e8                xQueueRegistry
 .bss.pxCurrentTCB
                0x20000a28        0x4 build/tasks.o
                0x20000a28                pxCurrentTCB
 .bss.pxDelayedTaskList
                0x20000a2c        0x4 build/tasks.o
 .bss.pxOverflowDelayedTaskList
                0x20000a30        0x4 build/tasks.o
 .bss.pxReadyTasksLists
                0x20000a34      0x460 build/tasks.o
 .bss.uxCurrentNumberOfTasks
                0x20000e94        0x4 build/tasks.o
 .bss.uxDeletedTasksWaitingCleanUp
                0x20000e98        0x4 build/tasks.o
 .bss.uxSchedulerSuspended
                0x20000e9c        0x4 build/tasks.o
 .bss.uxTaskNumber
                0x20000ea0        0x4 build/tasks.o
 .bss.uxTopReadyPriority
                0x20000ea4        0x4 build/tasks.o
 .bss.xDelayedTaskList1
                0x20000ea8       0x14 build/tasks.o
 .bss.xDelayedTaskList2
                0x20000ebc       0x14 build/tasks.o
 .bss.xIdleTaskHandle
                0x20000ed0        0x4 build/tasks.o
 .bss.xNextTaskUnblockTime
                0x20000ed4        0x4 build/tasks.o
 .bss.xNumOfOverflows
                0x20000ed8        0x4 build/tasks.o
 .bss.xPendedTicks
                0x20000edc        0x4 build/tasks.o
 .bss.xPendingReadyList
                0x20000ee0       0x14 build/tasks.o
 .bss.xSchedulerRunning
                0x20000ef4        0x4 build/tasks.o
 .bss.xSuspendedTaskList
                0x20000ef8       0x14 build/tasks.o
 .bss.xTasksWaitingTermination
                0x20000f0c       0x14 build/tasks.o
 .bss.xTickCount
                0x20000f20        0x4 build/tasks.o
 .bss.xYieldPending
                0x20000f24        0x4 build/tasks.o
 .bss.pxCurrentTimerList
                0x20000f28        0x4 build/timers.o
 .bss.pxOverflowTimerList
                0x20000f2c        0x4 build/timers.o
 .bss.ucStaticTimerQueueStorage.1
                0x20000f30       0xa0 build/timers.o
 .bss.xActiveTimerList1
                0x20000fd0       0x14 build/timers.o
 .bss.xActiveTimerList2
                0x20000fe4       0x14 build/timers.o
 .bss.xLastTime.2
                0x20000ff8        0x4 build/timers.o
 .bss.xStaticTimerQueue.0
                0x20000ffc       0x50 build/timers.o
 .bss.xTimerQueue
                0x2000104c        0x4 build/timers.o
 .bss.xTimerTaskHandle
                0x20001050        0x4 build/timers.o
 .bss.Idle_Stack.2
                0x20001054      0x200 build/cmsis_os2.o
 .bss.Idle_TCB.3
                0x20001254       0x5c build/cmsis_os2.o
 .bss.KernelState
                0x200012b0        0x4 build/cmsis_os2.o
 .bss.Timer_Stack.0
                0x200012b4      0x400 build/cmsis_os2.o
 .bss.Timer_TCB.1
                0x200016b4       0x5c build/cmsis_os2.o
 .bss.pxEnd     0x20001710        0x4 build/heap_4.o
 .bss.ucHeap    0x20001714     0x3c00 build/heap_4.o
 .bss.xBlockAllocatedBit
                0x20005314        0x4 build/heap_4.o
 .bss.xFreeBytesRemaining
                0x20005318        0x4 build/heap_4.o
 .bss.xMinimumEverFreeBytesRemaining
                0x2000531c        0x4 build/heap_4.o
 .bss.xNumberOfSuccessfulAllocations
                0x20005320        0x4 build/heap_4.o
 .bss.xNumberOfSuccessfulFrees
                0x20005324        0x4 build/heap_4.o
 .bss.xStart    0x20005328        0x8 build/heap_4.o
 .bss.ucMaxSysCallPriority
                0x20005330        0x1 build/port.o
 *fill*         0x20005331        0x3 
 .bss.ulMaxPRIGROUPValue
                0x20005334        0x4 build/port.o
 .bss.__malloc_free_list
                0x20005338        0x4 c:/program files (x86)/gnu arm embedded toolchain/10 2021.10/bin/../lib/gcc/arm-none-eabi/10.3.1/../../../../arm-none-eabi/lib/thumb/v7e-m+fp/hard\libc_nano.a(lib_a-nano-mallocr.o)
                0x20005338                __malloc_free_list
 .bss.__malloc_sbrk_start
                0x2000533c        0x4 c:/program files (x86)/gnu arm embedded toolchain/10 2021.10/bin/../lib/gcc/arm-none-eabi/10.3.1/../../../../arm-none-eabi/lib/thumb/v7e-m+fp/hard\libc_nano.a(lib_a-nano-mallocr.o)
                0x2000533c                __malloc_sbrk_start
 .bss.errno     0x20005340        0x4 c:/program files (x86)/gnu arm embedded toolchain/10 2021.10/bin/../lib/gcc/arm-none-eabi/10.3.1/../../../../arm-none-eabi/lib/thumb/v7e-m+fp/hard\libc_nano.a(lib_a-reent.o)
                0x20005340                errno
 .bss.__lock___malloc_recursive_mutex
                0x20005344        0x1 c:/program files (x86)/gnu arm embedded toolchain/10 2021.10/bin/../lib/gcc/arm-none-eabi/10.3.1/../../../../arm-none-eabi/lib/thumb/v7e-m+fp/hard\libc_nano.a(lib_a-lock.o)
                0x20005344                __lock___malloc_recursive_mutex
 *(COMMON)
                0x20005348                . = ALIGN (0x4)
 *fill*         0x20005345        0x3 
                0x20005348                _ebss = .
                0x20005348                __bss_end__ = _ebss

._user_heap_stack
                0x20005348      0x600
                0x20005348                . = ALIGN (0x8)
                [!provide]                PROVIDE (end = .)
                0x20005348                PROVIDE (_end = .)
                0x20005548                . = (. + _Min_Heap_Size)
 *fill*         0x20005348      0x200 
                0x20005948                . = (. + _Min_Stack_Size)
 *fill*         0x20005548      0x400 
                0x20005948                . = ALIGN (0x8)

/DISCARD/
 libc.a(*)
 libm.a(*)
 libgcc.a(*)

.ARM.attributes
                0x00000000       0x30
 *(.ARM.attributes)
 .ARM.attributes
                0x00000000       0x1e c:/program files (x86)/gnu arm embedded toolchain/10 2021.10/bin/../lib/gcc/arm-none-eabi/10.3.1/thumb/v7e-m+fp/hard/crti.o
 .ARM.attributes
                0x0000001e       0x34 c:/program files (x86)/gnu arm embedded toolchain/10 2021.10/bin/../lib/gcc/arm-none-eabi/10.3.1/thumb/v7e-m+fp/hard/crtbegin.o
 .ARM.attributes
                0x00000052       0x34 build/main.o
 .ARM.attributes
                0x00000086       0x34 build/stm32f4xx_it.o
 .ARM.attributes
                0x000000ba       0x34 build/stm32f4xx_hal_msp.o
 .ARM.attributes
                0x000000ee       0x34 build/usb_host.o
 .ARM.attributes
                0x00000122       0x34 build/usbh_conf.o
 .ARM.attributes
                0x00000156       0x34 build/usbh_platform.o
 .ARM.attributes
                0x0000018a       0x34 build/stm32f4xx_hal_hcd.o
 .ARM.attributes
                0x000001be       0x34 build/stm32f4xx_ll_usb.o
 .ARM.attributes
                0x000001f2       0x34 build/stm32f4xx_hal_rcc.o
 .ARM.attributes
                0x00000226       0x34 build/stm32f4xx_hal_rcc_ex.o
 .ARM.attributes
                0x0000025a       0x34 build/stm32f4xx_hal_gpio.o
 .ARM.attributes
                0x0000028e       0x34 build/stm32f4xx_hal_cortex.o
 .ARM.attributes
                0x000002c2       0x34 build/stm32f4xx_hal.o
 .ARM.attributes
                0x000002f6       0x34 build/stm32f4xx_hal_i2c.o
 .ARM.attributes
                0x0000032a       0x34 build/stm32f4xx_hal_i2s.o
 .ARM.attributes
                0x0000035e       0x34 build/stm32f4xx_hal_i2s_ex.o
 .ARM.attributes
                0x00000392       0x34 build/stm32f4xx_hal_spi.o
 .ARM.attributes
                0x000003c6       0x34 build/stm32f4xx_hal_tim.o
 .ARM.attributes
                0x000003fa       0x34 build/stm32f4xx_hal_tim_ex.o
 .ARM.attributes
                0x0000042e       0x34 build/system_stm32f4xx.o
 .ARM.attributes
                0x00000462       0x34 build/usbh_core.o
 .ARM.attributes
                0x00000496       0x34 build/usbh_ctlreq.o
 .ARM.attributes
                0x000004ca       0x34 build/usbh_ioreq.o
 .ARM.attributes
                0x000004fe       0x34 build/usbh_pipes.o
 .ARM.attributes
                0x00000532       0x34 build/usbh_cdc.o
 .ARM.attributes
                0x00000566       0x34 build/sysmem.o
 .ARM.attributes
                0x0000059a       0x34 build/stm32f4xx_hal_timebase_tim.o
 .ARM.attributes
                0x000005ce       0x34 build/list.o
 .ARM.attributes
                0x00000602       0x34 build/queue.o
 .ARM.attributes
                0x00000636       0x34 build/tasks.o
 .ARM.attributes
                0x0000066a       0x34 build/timers.o
 .ARM.attributes
                0x0000069e       0x34 build/cmsis_os2.o
 .ARM.attributes
                0x000006d2       0x34 build/heap_4.o
 .ARM.attributes
                0x00000706       0x34 build/port.o
 .ARM.attributes
                0x0000073a       0x21 build/startup_stm32f407xx.o
 .ARM.attributes
                0x0000075b       0x34 c:/program files (x86)/gnu arm embedded toolchain/10 2021.10/bin/../lib/gcc/arm-none-eabi/10.3.1/../../../../arm-none-eabi/lib/thumb/v7e-m+fp/hard\libc_nano.a(lib_a-errno.o)
 .ARM.attributes
                0x0000078f       0x34 c:/program files (x86)/gnu arm embedded toolchain/10 2021.10/bin/../lib/gcc/arm-none-eabi/10.3.1/../../../../arm-none-eabi/lib/thumb/v7e-m+fp/hard\libc_nano.a(lib_a-impure.o)
 .ARM.attributes
                0x000007c3       0x34 c:/program files (x86)/gnu arm embedded toolchain/10 2021.10/bin/../lib/gcc/arm-none-eabi/10.3.1/../../../../arm-none-eabi/lib/thumb/v7e-m+fp/hard\libc_nano.a(lib_a-init.o)
 .ARM.attributes
                0x000007f7       0x34 c:/program files (x86)/gnu arm embedded toolchain/10 2021.10/bin/../lib/gcc/arm-none-eabi/10.3.1/../../../../arm-none-eabi/lib/thumb/v7e-m+fp/hard\libc_nano.a(lib_a-malloc.o)
 .ARM.attributes
                0x0000082b       0x34 c:/program files (x86)/gnu arm embedded toolchain/10 2021.10/bin/../lib/gcc/arm-none-eabi/10.3.1/../../../../arm-none-eabi/lib/thumb/v7e-m+fp/hard\libc_nano.a(lib_a-memcpy-stub.o)
 .ARM.attributes
                0x0000085f       0x34 c:/program files (x86)/gnu arm embedded toolchain/10 2021.10/bin/../lib/gcc/arm-none-eabi/10.3.1/../../../../arm-none-eabi/lib/thumb/v7e-m+fp/hard\libc_nano.a(lib_a-memset.o)
 .ARM.attributes
                0x00000893       0x34 c:/program files (x86)/gnu arm embedded toolchain/10 2021.10/bin/../lib/gcc/arm-none-eabi/10.3.1/../../../../arm-none-eabi/lib/thumb/v7e-m+fp/hard\libc_nano.a(lib_a-nano-freer.o)
 .ARM.attributes
                0x000008c7       0x34 c:/program files (x86)/gnu arm embedded toolchain/10 2021.10/bin/../lib/gcc/arm-none-eabi/10.3.1/../../../../arm-none-eabi/lib/thumb/v7e-m+fp/hard\libc_nano.a(lib_a-nano-mallocr.o)
 .ARM.attributes
                0x000008fb       0x34 c:/program files (x86)/gnu arm embedded toolchain/10 2021.10/bin/../lib/gcc/arm-none-eabi/10.3.1/../../../../arm-none-eabi/lib/thumb/v7e-m+fp/hard\libc_nano.a(lib_a-sbrkr.o)
 .ARM.attributes
                0x0000092f       0x34 c:/program files (x86)/gnu arm embedded toolchain/10 2021.10/bin/../lib/gcc/arm-none-eabi/10.3.1/../../../../arm-none-eabi/lib/thumb/v7e-m+fp/hard\libc_nano.a(lib_a-mlock.o)
 .ARM.attributes
                0x00000963       0x34 c:/program files (x86)/gnu arm embedded toolchain/10 2021.10/bin/../lib/gcc/arm-none-eabi/10.3.1/../../../../arm-none-eabi/lib/thumb/v7e-m+fp/hard\libc_nano.a(lib_a-reent.o)
 .ARM.attributes
                0x00000997       0x34 c:/program files (x86)/gnu arm embedded toolchain/10 2021.10/bin/../lib/gcc/arm-none-eabi/10.3.1/../../../../arm-none-eabi/lib/thumb/v7e-m+fp/hard\libc_nano.a(lib_a-lock.o)
 .ARM.attributes
                0x000009cb       0x1e c:/program files (x86)/gnu arm embedded toolchain/10 2021.10/bin/../lib/gcc/arm-none-eabi/10.3.1/thumb/v7e-m+fp/hard\libgcc.a(_aeabi_uldivmod.o)
 .ARM.attributes
                0x000009e9       0x34 c:/program files (x86)/gnu arm embedded toolchain/10 2021.10/bin/../lib/gcc/arm-none-eabi/10.3.1/thumb/v7e-m+fp/hard\libgcc.a(_udivmoddi4.o)
 .ARM.attributes
                0x00000a1d       0x1e c:/program files (x86)/gnu arm embedded toolchain/10 2021.10/bin/../lib/gcc/arm-none-eabi/10.3.1/thumb/v7e-m+fp/hard\libgcc.a(_dvmd_tls.o)
 .ARM.attributes
                0x00000a3b       0x1e c:/program files (x86)/gnu arm embedded toolchain/10 2021.10/bin/../lib/gcc/arm-none-eabi/10.3.1/thumb/v7e-m+fp/hard/crtn.o
OUTPUT(build/DMS-24-RTOS-VCU.elf elf32-littlearm)
LOAD linker stubs
LOAD c:/program files (x86)/gnu arm embedded toolchain/10 2021.10/bin/../lib/gcc/arm-none-eabi/10.3.1/../../../../arm-none-eabi/lib/thumb/v7e-m+fp/hard\libc.a
LOAD c:/program files (x86)/gnu arm embedded toolchain/10 2021.10/bin/../lib/gcc/arm-none-eabi/10.3.1/../../../../arm-none-eabi/lib/thumb/v7e-m+fp/hard\libm.a
LOAD c:/program files (x86)/gnu arm embedded toolchain/10 2021.10/bin/../lib/gcc/arm-none-eabi/10.3.1/thumb/v7e-m+fp/hard\libgcc.a

.debug_info     0x00000000    0x315af
 .debug_info    0x00000000     0x1ccf build/main.o
 .debug_info    0x00001ccf      0xdaa build/stm32f4xx_it.o
 .debug_info    0x00002a79     0x151e build/stm32f4xx_hal_msp.o
 .debug_info    0x00003f97      0xbd2 build/usb_host.o
 .debug_info    0x00004b69     0x222e build/usbh_conf.o
 .debug_info    0x00006d97      0x212 build/usbh_platform.o
 .debug_info    0x00006fa9     0x19d5 build/stm32f4xx_hal_hcd.o
 .debug_info    0x0000897e     0x2215 build/stm32f4xx_ll_usb.o
 .debug_info    0x0000ab93      0xbe6 build/stm32f4xx_hal_rcc.o
 .debug_info    0x0000b779      0x6f8 build/stm32f4xx_hal_rcc_ex.o
 .debug_info    0x0000be71      0x848 build/stm32f4xx_hal_gpio.o
 .debug_info    0x0000c6b9     0x118b build/stm32f4xx_hal_cortex.o
 .debug_info    0x0000d844      0xacf build/stm32f4xx_hal.o
 .debug_info    0x0000e313     0x3b8f build/stm32f4xx_hal_i2c.o
 .debug_info    0x00011ea2     0x12bb build/stm32f4xx_hal_i2s.o
 .debug_info    0x0001315d      0xee6 build/stm32f4xx_hal_i2s_ex.o
 .debug_info    0x00014043     0x2039 build/stm32f4xx_hal_spi.o
 .debug_info    0x0001607c     0x40cc build/stm32f4xx_hal_tim.o
 .debug_info    0x0001a148     0x1c8f build/stm32f4xx_hal_tim_ex.o
 .debug_info    0x0001bdd7      0x5b3 build/system_stm32f4xx.o
 .debug_info    0x0001c38a     0x1d7c build/usbh_core.o
 .debug_info    0x0001e106     0x1807 build/usbh_ctlreq.o
 .debug_info    0x0001f90d     0x105e build/usbh_ioreq.o
 .debug_info    0x0002096b      0xca8 build/usbh_pipes.o
 .debug_info    0x00021613     0x1adc build/usbh_cdc.o
 .debug_info    0x000230ef      0x185 build/sysmem.o
 .debug_info    0x00023274      0xd8f build/stm32f4xx_hal_timebase_tim.o
 .debug_info    0x00024003      0x30f build/list.o
 .debug_info    0x00024312     0x2968 build/queue.o
 .debug_info    0x00026c7a     0x333f build/tasks.o
 .debug_info    0x00029fb9     0x1bd3 build/timers.o
 .debug_info    0x0002bb8c     0x4e1f build/cmsis_os2.o
 .debug_info    0x000309ab      0x61a build/heap_4.o
 .debug_info    0x00030fc5      0x5c8 build/port.o
 .debug_info    0x0003158d       0x22 build/startup_stm32f407xx.o

.debug_abbrev   0x00000000     0x587f
 .debug_abbrev  0x00000000      0x2c8 build/main.o
 .debug_abbrev  0x000002c8      0x1ab build/stm32f4xx_it.o
 .debug_abbrev  0x00000473      0x1ff build/stm32f4xx_hal_msp.o
 .debug_abbrev  0x00000672      0x258 build/usb_host.o
 .debug_abbrev  0x000008ca      0x353 build/usbh_conf.o
 .debug_abbrev  0x00000c1d      0x11f build/usbh_platform.o
 .debug_abbrev  0x00000d3c      0x2bf build/stm32f4xx_hal_hcd.o
 .debug_abbrev  0x00000ffb      0x300 build/stm32f4xx_ll_usb.o
 .debug_abbrev  0x000012fb      0x2aa build/stm32f4xx_hal_rcc.o
 .debug_abbrev  0x000015a5      0x1a1 build/stm32f4xx_hal_rcc_ex.o
 .debug_abbrev  0x00001746      0x22b build/stm32f4xx_hal_gpio.o
 .debug_abbrev  0x00001971      0x382 build/stm32f4xx_hal_cortex.o
 .debug_abbrev  0x00001cf3      0x209 build/stm32f4xx_hal.o
 .debug_abbrev  0x00001efc      0x2f3 build/stm32f4xx_hal_i2c.o
 .debug_abbrev  0x000021ef      0x274 build/stm32f4xx_hal_i2s.o
 .debug_abbrev  0x00002463      0x2c0 build/stm32f4xx_hal_i2s_ex.o
 .debug_abbrev  0x00002723      0x2b3 build/stm32f4xx_hal_spi.o
 .debug_abbrev  0x000029d6      0x289 build/stm32f4xx_hal_tim.o
 .debug_abbrev  0x00002c5f      0x29f build/stm32f4xx_hal_tim_ex.o
 .debug_abbrev  0x00002efe      0x11b build/system_stm32f4xx.o
 .debug_abbrev  0x00003019      0x3d1 build/usbh_core.o
 .debug_abbrev  0x000033ea      0x348 build/usbh_ctlreq.o
 .debug_abbrev  0x00003732      0x21e build/usbh_ioreq.o
 .debug_abbrev  0x00003950      0x284 build/usbh_pipes.o
 .debug_abbrev  0x00003bd4      0x37b build/usbh_cdc.o
 .debug_abbrev  0x00003f4f       0xea build/sysmem.o
 .debug_abbrev  0x00004039      0x202 build/stm32f4xx_hal_timebase_tim.o
 .debug_abbrev  0x0000423b      0x124 build/list.o
 .debug_abbrev  0x0000435f      0x3c4 build/queue.o
 .debug_abbrev  0x00004723      0x387 build/tasks.o
 .debug_abbrev  0x00004aaa      0x366 build/timers.o
 .debug_abbrev  0x00004e10      0x56a build/cmsis_os2.o
 .debug_abbrev  0x0000537a      0x269 build/heap_4.o
 .debug_abbrev  0x000055e3      0x28a build/port.o
 .debug_abbrev  0x0000586d       0x12 build/startup_stm32f407xx.o

.debug_loc      0x00000000    0x2784b
 .debug_loc     0x00000000      0x1eb build/main.o
 .debug_loc     0x000001eb       0x40 build/stm32f4xx_it.o
 .debug_loc     0x0000022b      0x2d5 build/stm32f4xx_hal_msp.o
 .debug_loc     0x00000500       0x20 build/usb_host.o
 .debug_loc     0x00000520      0xc36 build/usbh_conf.o
 .debug_loc     0x00001156       0x67 build/usbh_platform.o
 .debug_loc     0x000011bd      0xf48 build/stm32f4xx_hal_hcd.o
 .debug_loc     0x00002105     0x29d7 build/stm32f4xx_ll_usb.o
 .debug_loc     0x00004adc      0x6e4 build/stm32f4xx_hal_rcc.o
 .debug_loc     0x000051c0      0x473 build/stm32f4xx_hal_rcc_ex.o
 .debug_loc     0x00005633      0x5e8 build/stm32f4xx_hal_gpio.o
 .debug_loc     0x00005c1b      0x7a4 build/stm32f4xx_hal_cortex.o
 .debug_loc     0x000063bf      0x1e1 build/stm32f4xx_hal.o
 .debug_loc     0x000065a0     0x4e61 build/stm32f4xx_hal_i2c.o
 .debug_loc     0x0000b401     0x1320 build/stm32f4xx_hal_i2s.o
 .debug_loc     0x0000c721      0xc9c build/stm32f4xx_hal_i2s_ex.o
 .debug_loc     0x0000d3bd     0x26ec build/stm32f4xx_hal_spi.o
 .debug_loc     0x0000faa9     0x5be1 build/stm32f4xx_hal_tim.o
 .debug_loc     0x0001568a     0x212a build/stm32f4xx_hal_tim_ex.o
 .debug_loc     0x000177b4      0x158 build/system_stm32f4xx.o
 .debug_loc     0x0001790c      0xc8b build/usbh_core.o
 .debug_loc     0x00018597     0x158a build/usbh_ctlreq.o
 .debug_loc     0x00019b21      0x750 build/usbh_ioreq.o
 .debug_loc     0x0001a271      0x26e build/usbh_pipes.o
 .debug_loc     0x0001a4df      0xa91 build/usbh_cdc.o
 .debug_loc     0x0001af70       0x84 build/sysmem.o
 .debug_loc     0x0001aff4      0x136 build/stm32f4xx_hal_timebase_tim.o
 .debug_loc     0x0001b12a       0xe5 build/list.o
 .debug_loc     0x0001b20f     0x1fe4 build/queue.o
 .debug_loc     0x0001d1f3     0x2c72 build/tasks.o
 .debug_loc     0x0001fe65     0x1586 build/timers.o
 .debug_loc     0x000213eb     0x5dbc build/cmsis_os2.o
 .debug_loc     0x000271a7      0x4e4 build/heap_4.o
 .debug_loc     0x0002768b      0x1c0 build/port.o

.debug_aranges  0x00000000     0x1e40
 .debug_aranges
                0x00000000       0x68 build/main.o
 .debug_aranges
                0x00000068       0x58 build/stm32f4xx_it.o
 .debug_aranges
                0x000000c0       0x50 build/stm32f4xx_hal_msp.o
 .debug_aranges
                0x00000110       0x28 build/usb_host.o
 .debug_aranges
                0x00000138       0xd8 build/usbh_conf.o
 .debug_aranges
                0x00000210       0x20 build/usbh_platform.o
 .debug_aranges
                0x00000230      0x108 build/stm32f4xx_hal_hcd.o
 .debug_aranges
                0x00000338      0x1a0 build/stm32f4xx_ll_usb.o
 .debug_aranges
                0x000004d8       0x88 build/stm32f4xx_hal_rcc.o
 .debug_aranges
                0x00000560       0x48 build/stm32f4xx_hal_rcc_ex.o
 .debug_aranges
                0x000005a8       0x58 build/stm32f4xx_hal_gpio.o
 .debug_aranges
                0x00000600       0xb0 build/stm32f4xx_hal_cortex.o
 .debug_aranges
                0x000006b0       0xf0 build/stm32f4xx_hal.o
 .debug_aranges
                0x000007a0      0x2a8 build/stm32f4xx_hal_i2c.o
 .debug_aranges
                0x00000a48      0x108 build/stm32f4xx_hal_i2s.o
 .debug_aranges
                0x00000b50       0x88 build/stm32f4xx_hal_i2s_ex.o
 .debug_aranges
                0x00000bd8      0x1d0 build/stm32f4xx_hal_spi.o
 .debug_aranges
                0x00000da8      0x3d0 build/stm32f4xx_hal_tim.o
 .debug_aranges
                0x00001178      0x168 build/stm32f4xx_hal_tim_ex.o
 .debug_aranges
                0x000012e0       0x28 build/system_stm32f4xx.o
 .debug_aranges
                0x00001308       0xd0 build/usbh_core.o
 .debug_aranges
                0x000013d8       0xa0 build/usbh_ctlreq.o
 .debug_aranges
                0x00001478       0x60 build/usbh_ioreq.o
 .debug_aranges
                0x000014d8       0x40 build/usbh_pipes.o
 .debug_aranges
                0x00001518       0xa8 build/usbh_cdc.o
 .debug_aranges
                0x000015c0       0x20 build/sysmem.o
 .debug_aranges
                0x000015e0       0x30 build/stm32f4xx_hal_timebase_tim.o
 .debug_aranges
                0x00001610       0x40 build/list.o
 .debug_aranges
                0x00001650      0x158 build/queue.o
 .debug_aranges
                0x000017a8      0x208 build/tasks.o
 .debug_aranges
                0x000019b0       0xf0 build/timers.o
 .debug_aranges
                0x00001aa0      0x2a0 build/cmsis_os2.o
 .debug_aranges
                0x00001d40       0x58 build/heap_4.o
 .debug_aranges
                0x00001d98       0x80 build/port.o
 .debug_aranges
                0x00001e18       0x28 build/startup_stm32f407xx.o

.debug_ranges   0x00000000     0x1f30
 .debug_ranges  0x00000000       0x58 build/main.o
 .debug_ranges  0x00000058       0x48 build/stm32f4xx_it.o
 .debug_ranges  0x000000a0       0x40 build/stm32f4xx_hal_msp.o
 .debug_ranges  0x000000e0       0x18 build/usb_host.o
 .debug_ranges  0x000000f8       0xc8 build/usbh_conf.o
 .debug_ranges  0x000001c0       0x10 build/usbh_platform.o
 .debug_ranges  0x000001d0       0xf8 build/stm32f4xx_hal_hcd.o
 .debug_ranges  0x000002c8      0x190 build/stm32f4xx_ll_usb.o
 .debug_ranges  0x00000458       0x90 build/stm32f4xx_hal_rcc.o
 .debug_ranges  0x000004e8       0x38 build/stm32f4xx_hal_rcc_ex.o
 .debug_ranges  0x00000520       0x48 build/stm32f4xx_hal_gpio.o
 .debug_ranges  0x00000568      0x100 build/stm32f4xx_hal_cortex.o
 .debug_ranges  0x00000668       0xe0 build/stm32f4xx_hal.o
 .debug_ranges  0x00000748      0x2b0 build/stm32f4xx_hal_i2c.o
 .debug_ranges  0x000009f8      0x128 build/stm32f4xx_hal_i2s.o
 .debug_ranges  0x00000b20       0x90 build/stm32f4xx_hal_i2s_ex.o
 .debug_ranges  0x00000bb0      0x1c0 build/stm32f4xx_hal_spi.o
 .debug_ranges  0x00000d70      0x3c0 build/stm32f4xx_hal_tim.o
 .debug_ranges  0x00001130      0x158 build/stm32f4xx_hal_tim_ex.o
 .debug_ranges  0x00001288       0x18 build/system_stm32f4xx.o
 .debug_ranges  0x000012a0       0xc0 build/usbh_core.o
 .debug_ranges  0x00001360       0x90 build/usbh_ctlreq.o
 .debug_ranges  0x000013f0       0x50 build/usbh_ioreq.o
 .debug_ranges  0x00001440       0x30 build/usbh_pipes.o
 .debug_ranges  0x00001470       0x98 build/usbh_cdc.o
 .debug_ranges  0x00001508       0x10 build/sysmem.o
 .debug_ranges  0x00001518       0x20 build/stm32f4xx_hal_timebase_tim.o
 .debug_ranges  0x00001538       0x30 build/list.o
 .debug_ranges  0x00001568      0x218 build/queue.o
 .debug_ranges  0x00001780      0x338 build/tasks.o
 .debug_ranges  0x00001ab8       0xe0 build/timers.o
 .debug_ranges  0x00001b98      0x2a8 build/cmsis_os2.o
 .debug_ranges  0x00001e40       0x48 build/heap_4.o
 .debug_ranges  0x00001e88       0x88 build/port.o
 .debug_ranges  0x00001f10       0x20 build/startup_stm32f407xx.o

.debug_line     0x00000000    0x24bec
 .debug_line    0x00000000      0x757 build/main.o
 .debug_line    0x00000757      0x2d9 build/stm32f4xx_it.o
 .debug_line    0x00000a30      0x47f build/stm32f4xx_hal_msp.o
 .debug_line    0x00000eaf      0x27f build/usb_host.o
 .debug_line    0x0000112e      0x744 build/usbh_conf.o
 .debug_line    0x00001872      0x1af build/usbh_platform.o
 .debug_line    0x00001a21     0x1507 build/stm32f4xx_hal_hcd.o
 .debug_line    0x00002f28     0x1f75 build/stm32f4xx_ll_usb.o
 .debug_line    0x00004e9d      0xb24 build/stm32f4xx_hal_rcc.o
 .debug_line    0x000059c1      0x5fb build/stm32f4xx_hal_rcc_ex.o
 .debug_line    0x00005fbc      0x6f5 build/stm32f4xx_hal_gpio.o
 .debug_line    0x000066b1      0x7a5 build/stm32f4xx_hal_cortex.o
 .debug_line    0x00006e56      0x579 build/stm32f4xx_hal.o
 .debug_line    0x000073cf     0x5487 build/stm32f4xx_hal_i2c.o
 .debug_line    0x0000c856     0x13c4 build/stm32f4xx_hal_i2s.o
 .debug_line    0x0000dc1a     0x112c build/stm32f4xx_hal_i2s_ex.o
 .debug_line    0x0000ed46     0x25be build/stm32f4xx_hal_spi.o
 .debug_line    0x00011304     0x4aed build/stm32f4xx_hal_tim.o
 .debug_line    0x00015df1     0x1cc4 build/stm32f4xx_hal_tim_ex.o
 .debug_line    0x00017ab5      0x264 build/system_stm32f4xx.o
 .debug_line    0x00017d19     0x1036 build/usbh_core.o
 .debug_line    0x00018d4f      0xf23 build/usbh_ctlreq.o
 .debug_line    0x00019c72      0x336 build/usbh_ioreq.o
 .debug_line    0x00019fa8      0x2cb build/usbh_pipes.o
 .debug_line    0x0001a273      0xad8 build/usbh_cdc.o
 .debug_line    0x0001ad4b      0x1e0 build/sysmem.o
 .debug_line    0x0001af2b      0x2ff build/stm32f4xx_hal_timebase_tim.o
 .debug_line    0x0001b22a      0x36d build/list.o
 .debug_line    0x0001b597     0x2068 build/queue.o
 .debug_line    0x0001d5ff     0x2dc2 build/tasks.o
 .debug_line    0x000203c1      0xf3e build/timers.o
 .debug_line    0x000212ff     0x2a09 build/cmsis_os2.o
 .debug_line    0x00023d08      0x750 build/heap_4.o
 .debug_line    0x00024458      0x71e build/port.o
 .debug_line    0x00024b76       0x76 build/startup_stm32f407xx.o

.debug_str      0x00000000     0xa20b
 .debug_str     0x00000000     0x1439 build/main.o
                               0x1586 (size before relaxing)
 .debug_str     0x00001439      0x49a build/stm32f4xx_it.o
                                0xba8 (size before relaxing)
 .debug_str     0x000018d3      0x645 build/stm32f4xx_hal_msp.o
                               0x1172 (size before relaxing)
 .debug_str     0x00001f18      0x85e build/usb_host.o
                                0xab5 (size before relaxing)
 .debug_str     0x00002776      0x50d build/usbh_conf.o
                               0x19f5 (size before relaxing)
 .debug_str     0x00002c83       0x33 build/usbh_platform.o
                                0x23d (size before relaxing)
 .debug_str     0x00002cb6      0x3ac build/stm32f4xx_hal_hcd.o
                                0xc18 (size before relaxing)
 .debug_str     0x00003062      0x52f build/stm32f4xx_ll_usb.o
                                0xd0d (size before relaxing)
 .debug_str     0x00003591      0x225 build/stm32f4xx_hal_rcc.o
                                0x6e5 (size before relaxing)
 .debug_str     0x000037b6       0xf6 build/stm32f4xx_hal_rcc_ex.o
                                0x4a6 (size before relaxing)
 .debug_str     0x000038ac      0x104 build/stm32f4xx_hal_gpio.o
                                0x4bf (size before relaxing)
 .debug_str     0x000039b0      0x4d2 build/stm32f4xx_hal_cortex.o
                                0xc22 (size before relaxing)
 .debug_str     0x00003e82      0x295 build/stm32f4xx_hal.o
                                0xb39 (size before relaxing)
 .debug_str     0x00004117      0x8ae build/stm32f4xx_hal_i2c.o
                               0x101c (size before relaxing)
 .debug_str     0x000049c5      0x264 build/stm32f4xx_hal_i2s.o
                                0x90f (size before relaxing)
 .debug_str     0x00004c29      0x1ee build/stm32f4xx_hal_i2s_ex.o
                                0x850 (size before relaxing)
 .debug_str     0x00004e17      0x4eb build/stm32f4xx_hal_spi.o
                                0xbd9 (size before relaxing)
 .debug_str     0x00005302      0xebc build/stm32f4xx_hal_tim.o
                               0x16a8 (size before relaxing)
 .debug_str     0x000061be      0x591 build/stm32f4xx_hal_tim_ex.o
                                0xe99 (size before relaxing)
 .debug_str     0x0000674f       0x47 build/system_stm32f4xx.o
                                0x354 (size before relaxing)
 .debug_str     0x00006796      0x326 build/usbh_core.o
                               0x12ed (size before relaxing)
 .debug_str     0x00006abc      0x1ff build/usbh_ctlreq.o
                                0xd72 (size before relaxing)
 .debug_str     0x00006cbb       0xbb build/usbh_ioreq.o
                                0xb09 (size before relaxing)
 .debug_str     0x00006d76       0x64 build/usbh_pipes.o
                                0xa9f (size before relaxing)
 .debug_str     0x00006dda      0x5d0 build/usbh_cdc.o
                               0x11ea (size before relaxing)
 .debug_str     0x000073aa       0x7a build/sysmem.o
                                0x204 (size before relaxing)
 .debug_str     0x00007424       0x5c build/stm32f4xx_hal_timebase_tim.o
                                0xe41 (size before relaxing)
 .debug_str     0x00007480      0x14d build/list.o
                                0x2e1 (size before relaxing)
 .debug_str     0x000075cd      0xa2a build/queue.o
                                0xcf7 (size before relaxing)
 .debug_str     0x00007ff7      0xc8e build/tasks.o
                               0x12c6 (size before relaxing)
 .debug_str     0x00008c85      0x5d8 build/timers.o
                                0xc27 (size before relaxing)
 .debug_str     0x0000925d      0xb4e build/cmsis_os2.o
                               0x2134 (size before relaxing)
 .debug_str     0x00009dab      0x2bf build/heap_4.o
                                0x4ef (size before relaxing)
 .debug_str     0x0000a06a      0x17d build/port.o
                                0x461 (size before relaxing)
 .debug_str     0x0000a1e7       0x24 build/startup_stm32f407xx.o
                                 0x49 (size before relaxing)

.comment        0x00000000       0x49
 .comment       0x00000000       0x49 build/main.o
                                 0x4a (size before relaxing)
 .comment       0x00000049       0x4a build/stm32f4xx_it.o
 .comment       0x00000049       0x4a build/stm32f4xx_hal_msp.o
 .comment       0x00000049       0x4a build/usb_host.o
 .comment       0x00000049       0x4a build/usbh_conf.o
 .comment       0x00000049       0x4a build/usbh_platform.o
 .comment       0x00000049       0x4a build/stm32f4xx_hal_hcd.o
 .comment       0x00000049       0x4a build/stm32f4xx_ll_usb.o
 .comment       0x00000049       0x4a build/stm32f4xx_hal_rcc.o
 .comment       0x00000049       0x4a build/stm32f4xx_hal_rcc_ex.o
 .comment       0x00000049       0x4a build/stm32f4xx_hal_gpio.o
 .comment       0x00000049       0x4a build/stm32f4xx_hal_cortex.o
 .comment       0x00000049       0x4a build/stm32f4xx_hal.o
 .comment       0x00000049       0x4a build/stm32f4xx_hal_i2c.o
 .comment       0x00000049       0x4a build/stm32f4xx_hal_i2s.o
 .comment       0x00000049       0x4a build/stm32f4xx_hal_i2s_ex.o
 .comment       0x00000049       0x4a build/stm32f4xx_hal_spi.o
 .comment       0x00000049       0x4a build/stm32f4xx_hal_tim.o
 .comment       0x00000049       0x4a build/stm32f4xx_hal_tim_ex.o
 .comment       0x00000049       0x4a build/system_stm32f4xx.o
 .comment       0x00000049       0x4a build/usbh_core.o
 .comment       0x00000049       0x4a build/usbh_ctlreq.o
 .comment       0x00000049       0x4a build/usbh_ioreq.o
 .comment       0x00000049       0x4a build/usbh_pipes.o
 .comment       0x00000049       0x4a build/usbh_cdc.o
 .comment       0x00000049       0x4a build/sysmem.o
 .comment       0x00000049       0x4a build/stm32f4xx_hal_timebase_tim.o
 .comment       0x00000049       0x4a build/list.o
 .comment       0x00000049       0x4a build/queue.o
 .comment       0x00000049       0x4a build/tasks.o
 .comment       0x00000049       0x4a build/timers.o
 .comment       0x00000049       0x4a build/cmsis_os2.o
 .comment       0x00000049       0x4a build/heap_4.o
 .comment       0x00000049       0x4a build/port.o

.debug_frame    0x00000000     0x5a90
 .debug_frame   0x00000000      0x114 build/main.o
 .debug_frame   0x00000114       0xa0 build/stm32f4xx_it.o
 .debug_frame   0x000001b4       0xdc build/stm32f4xx_hal_msp.o
 .debug_frame   0x00000290       0x38 build/usb_host.o
 .debug_frame   0x000002c8      0x254 build/usbh_conf.o
 .debug_frame   0x0000051c       0x28 build/usbh_platform.o
 .debug_frame   0x00000544      0x2dc build/stm32f4xx_hal_hcd.o
 .debug_frame   0x00000820      0x4a4 build/stm32f4xx_ll_usb.o
 .debug_frame   0x00000cc4      0x16c build/stm32f4xx_hal_rcc.o
 .debug_frame   0x00000e30       0xa4 build/stm32f4xx_hal_rcc_ex.o
 .debug_frame   0x00000ed4       0xd8 build/stm32f4xx_hal_gpio.o
 .debug_frame   0x00000fac      0x158 build/stm32f4xx_hal_cortex.o
 .debug_frame   0x00001104      0x1ec build/stm32f4xx_hal.o
 .debug_frame   0x000012f0      0x988 build/stm32f4xx_hal_i2c.o
 .debug_frame   0x00001c78      0x324 build/stm32f4xx_hal_i2s.o
 .debug_frame   0x00001f9c      0x184 build/stm32f4xx_hal_i2s_ex.o
 .debug_frame   0x00002120      0x5c8 build/stm32f4xx_hal_spi.o
 .debug_frame   0x000026e8      0xb10 build/stm32f4xx_hal_tim.o
 .debug_frame   0x000031f8      0x40c build/stm32f4xx_hal_tim_ex.o
 .debug_frame   0x00003604       0x30 build/system_stm32f4xx.o
 .debug_frame   0x00003634      0x234 build/usbh_core.o
 .debug_frame   0x00003868      0x1e4 build/usbh_ctlreq.o
 .debug_frame   0x00003a4c      0x130 build/usbh_ioreq.o
 .debug_frame   0x00003b7c       0x84 build/usbh_pipes.o
 .debug_frame   0x00003c00      0x1c8 build/usbh_cdc.o
 .debug_frame   0x00003dc8       0x28 build/sysmem.o
 .debug_frame   0x00003df0       0x54 build/stm32f4xx_hal_timebase_tim.o
 .debug_frame   0x00003e44       0x70 build/list.o
 .debug_frame   0x00003eb4      0x458 build/queue.o
 .debug_frame   0x0000430c      0x688 build/tasks.o
 .debug_frame   0x00004994      0x30c build/timers.o
 .debug_frame   0x00004ca0      0x900 build/cmsis_os2.o
 .debug_frame   0x000055a0       0xd0 build/heap_4.o
 .debug_frame   0x00005670      0x110 build/port.o
 .debug_frame   0x00005780       0x20 c:/program files (x86)/gnu arm embedded toolchain/10 2021.10/bin/../lib/gcc/arm-none-eabi/10.3.1/../../../../arm-none-eabi/lib/thumb/v7e-m+fp/hard\libc_nano.a(lib_a-errno.o)
 .debug_frame   0x000057a0       0x2c c:/program files (x86)/gnu arm embedded toolchain/10 2021.10/bin/../lib/gcc/arm-none-eabi/10.3.1/../../../../arm-none-eabi/lib/thumb/v7e-m+fp/hard\libc_nano.a(lib_a-init.o)
 .debug_frame   0x000057cc       0x30 c:/program files (x86)/gnu arm embedded toolchain/10 2021.10/bin/../lib/gcc/arm-none-eabi/10.3.1/../../../../arm-none-eabi/lib/thumb/v7e-m+fp/hard\libc_nano.a(lib_a-malloc.o)
 .debug_frame   0x000057fc       0x28 c:/program files (x86)/gnu arm embedded toolchain/10 2021.10/bin/../lib/gcc/arm-none-eabi/10.3.1/../../../../arm-none-eabi/lib/thumb/v7e-m+fp/hard\libc_nano.a(lib_a-memcpy-stub.o)
 .debug_frame   0x00005824       0x20 c:/program files (x86)/gnu arm embedded toolchain/10 2021.10/bin/../lib/gcc/arm-none-eabi/10.3.1/../../../../arm-none-eabi/lib/thumb/v7e-m+fp/hard\libc_nano.a(lib_a-memset.o)
 .debug_frame   0x00005844       0x38 c:/program files (x86)/gnu arm embedded toolchain/10 2021.10/bin/../lib/gcc/arm-none-eabi/10.3.1/../../../../arm-none-eabi/lib/thumb/v7e-m+fp/hard\libc_nano.a(lib_a-nano-freer.o)
 .debug_frame   0x0000587c       0x4c c:/program files (x86)/gnu arm embedded toolchain/10 2021.10/bin/../lib/gcc/arm-none-eabi/10.3.1/../../../../arm-none-eabi/lib/thumb/v7e-m+fp/hard\libc_nano.a(lib_a-nano-mallocr.o)
 .debug_frame   0x000058c8       0x2c c:/program files (x86)/gnu arm embedded toolchain/10 2021.10/bin/../lib/gcc/arm-none-eabi/10.3.1/../../../../arm-none-eabi/lib/thumb/v7e-m+fp/hard\libc_nano.a(lib_a-sbrkr.o)
 .debug_frame   0x000058f4       0x30 c:/program files (x86)/gnu arm embedded toolchain/10 2021.10/bin/../lib/gcc/arm-none-eabi/10.3.1/../../../../arm-none-eabi/lib/thumb/v7e-m+fp/hard\libc_nano.a(lib_a-mlock.o)
 .debug_frame   0x00005924       0x5c c:/program files (x86)/gnu arm embedded toolchain/10 2021.10/bin/../lib/gcc/arm-none-eabi/10.3.1/../../../../arm-none-eabi/lib/thumb/v7e-m+fp/hard\libc_nano.a(lib_a-reent.o)